ARM GAS  C:\Users\honor\AppData\Local\Temp\ccTZt7Qd.s 			page 1


   1              		.cpu cortex-m4
   2              		.arch armv7e-m
   3              		.fpu fpv4-sp-d16
   4              		.eabi_attribute 27, 1
   5              		.eabi_attribute 28, 1
   6              		.eabi_attribute 20, 1
   7              		.eabi_attribute 21, 1
   8              		.eabi_attribute 23, 3
   9              		.eabi_attribute 24, 1
  10              		.eabi_attribute 25, 1
  11              		.eabi_attribute 26, 1
  12              		.eabi_attribute 30, 1
  13              		.eabi_attribute 34, 1
  14              		.eabi_attribute 18, 4
  15              		.file	"buzzer.c"
  16              		.text
  17              	.Ltext0:
  18              		.cfi_sections	.debug_frame
  19              		.section	.text.voice_queue_init,"ax",%progbits
  20              		.align	1
  21              		.syntax unified
  22              		.thumb
  23              		.thumb_func
  25              	voice_queue_init:
  26              	.LVL0:
  27              	.LFB242:
  28              		.file 1 "hal_bsp/hal/driver/buzzer/buzzer.c"
   1:hal_bsp/hal/driver/buzzer/buzzer.c **** #include "buzzer.h"
   2:hal_bsp/hal/driver/buzzer/buzzer.c **** #include "usart.h"
   3:hal_bsp/hal/driver/buzzer/buzzer.c **** #include "string.h"
   4:hal_bsp/hal/driver/buzzer/buzzer.c **** 
   5:hal_bsp/hal/driver/buzzer/buzzer.c **** // 语音消息队列（环形缓冲区）
   6:hal_bsp/hal/driver/buzzer/buzzer.c **** static VoiceQueue_t g_voice_queue;
   7:hal_bsp/hal/driver/buzzer/buzzer.c **** 
   8:hal_bsp/hal/driver/buzzer/buzzer.c **** static UART_HandleTypeDef* voc_uart_ptr = NULL;
   9:hal_bsp/hal/driver/buzzer/buzzer.c **** 
  10:hal_bsp/hal/driver/buzzer/buzzer.c **** // 内部函数声明
  11:hal_bsp/hal/driver/buzzer/buzzer.c **** static bool voice_queue_init(VoiceQueue_t* queue);
  12:hal_bsp/hal/driver/buzzer/buzzer.c **** static bool voice_queue_send(VoiceQueue_t* queue, const VoiceMsg_t* msg);
  13:hal_bsp/hal/driver/buzzer/buzzer.c **** static bool voice_queue_receive(VoiceQueue_t* queue, VoiceMsg_t* msg);
  14:hal_bsp/hal/driver/buzzer/buzzer.c **** static bool voice_queue_is_empty(const VoiceQueue_t* queue);
  15:hal_bsp/hal/driver/buzzer/buzzer.c **** static bool voice_queue_is_full(const VoiceQueue_t* queue);
  16:hal_bsp/hal/driver/buzzer/buzzer.c **** static uint8_t generate_voice_command(char* output, const char* msg, uint16_t msg_len);
  17:hal_bsp/hal/driver/buzzer/buzzer.c **** 
  18:hal_bsp/hal/driver/buzzer/buzzer.c **** /**
  19:hal_bsp/hal/driver/buzzer/buzzer.c ****  * @brief  语音模块初始化
  20:hal_bsp/hal/driver/buzzer/buzzer.c ****  * @return true - 初始化成功, false - 初始化失败
  21:hal_bsp/hal/driver/buzzer/buzzer.c ****  */
  22:hal_bsp/hal/driver/buzzer/buzzer.c **** bool bsp_voice_init(UART_HandleTypeDef* uart_ptr) {
  23:hal_bsp/hal/driver/buzzer/buzzer.c ****     // 初始化语音消息队列
  24:hal_bsp/hal/driver/buzzer/buzzer.c ****     if (!voice_queue_init(&g_voice_queue)) {
  25:hal_bsp/hal/driver/buzzer/buzzer.c ****         return false;
  26:hal_bsp/hal/driver/buzzer/buzzer.c ****     }
  27:hal_bsp/hal/driver/buzzer/buzzer.c **** 
  28:hal_bsp/hal/driver/buzzer/buzzer.c ****     // 保存UART指针
  29:hal_bsp/hal/driver/buzzer/buzzer.c ****     voc_uart_ptr = uart_ptr;
  30:hal_bsp/hal/driver/buzzer/buzzer.c **** 
ARM GAS  C:\Users\honor\AppData\Local\Temp\ccTZt7Qd.s 			page 2


  31:hal_bsp/hal/driver/buzzer/buzzer.c ****     return true;
  32:hal_bsp/hal/driver/buzzer/buzzer.c **** }
  33:hal_bsp/hal/driver/buzzer/buzzer.c **** 
  34:hal_bsp/hal/driver/buzzer/buzzer.c **** 
  35:hal_bsp/hal/driver/buzzer/buzzer.c **** /**
  36:hal_bsp/hal/driver/buzzer/buzzer.c ****  * @brief  发送语音消息到队列
  37:hal_bsp/hal/driver/buzzer/buzzer.c ****  * @param  msg - 要发送的语音消息
  38:hal_bsp/hal/driver/buzzer/buzzer.c ****  * @return true - 发送成功, false - 发送失败
  39:hal_bsp/hal/driver/buzzer/buzzer.c ****  */
  40:hal_bsp/hal/driver/buzzer/buzzer.c **** bool bsp_voice_send_msg(const char* msg) {
  41:hal_bsp/hal/driver/buzzer/buzzer.c ****     // 参数检查
  42:hal_bsp/hal/driver/buzzer/buzzer.c ****     if (msg == NULL) {
  43:hal_bsp/hal/driver/buzzer/buzzer.c ****         return false;
  44:hal_bsp/hal/driver/buzzer/buzzer.c ****     }
  45:hal_bsp/hal/driver/buzzer/buzzer.c **** 
  46:hal_bsp/hal/driver/buzzer/buzzer.c ****     VoiceMsg_t voice_msg;
  47:hal_bsp/hal/driver/buzzer/buzzer.c ****     // 检查是否距离上次发送过1秒
  48:hal_bsp/hal/driver/buzzer/buzzer.c ****     static uint32_t last_send_time = 0;
  49:hal_bsp/hal/driver/buzzer/buzzer.c ****     
  50:hal_bsp/hal/driver/buzzer/buzzer.c ****     if (HAL_GetTick() - last_send_time < 1000) {
  51:hal_bsp/hal/driver/buzzer/buzzer.c ****         return false;
  52:hal_bsp/hal/driver/buzzer/buzzer.c ****     }
  53:hal_bsp/hal/driver/buzzer/buzzer.c ****     last_send_time = HAL_GetTick();
  54:hal_bsp/hal/driver/buzzer/buzzer.c **** 
  55:hal_bsp/hal/driver/buzzer/buzzer.c ****     // 复制消息内容，确保不超过最大长度
  56:hal_bsp/hal/driver/buzzer/buzzer.c ****     strncpy(voice_msg.msg, msg, VOICE_MSG_MAX_LENGTH - 1);
  57:hal_bsp/hal/driver/buzzer/buzzer.c ****     voice_msg.msg[VOICE_MSG_MAX_LENGTH - 1] = '\0';
  58:hal_bsp/hal/driver/buzzer/buzzer.c **** 
  59:hal_bsp/hal/driver/buzzer/buzzer.c ****     // 发送消息到队列
  60:hal_bsp/hal/driver/buzzer/buzzer.c ****     if (!voice_queue_send(&g_voice_queue, &voice_msg)) {
  61:hal_bsp/hal/driver/buzzer/buzzer.c ****         return false;
  62:hal_bsp/hal/driver/buzzer/buzzer.c ****     }
  63:hal_bsp/hal/driver/buzzer/buzzer.c **** 
  64:hal_bsp/hal/driver/buzzer/buzzer.c ****     return true;
  65:hal_bsp/hal/driver/buzzer/buzzer.c **** }
  66:hal_bsp/hal/driver/buzzer/buzzer.c **** 
  67:hal_bsp/hal/driver/buzzer/buzzer.c **** /**
  68:hal_bsp/hal/driver/buzzer/buzzer.c ****  * @brief  语音消息处理函数
  69:hal_bsp/hal/driver/buzzer/buzzer.c ****  * @note   需要在主循环中定期调用此函数
  70:hal_bsp/hal/driver/buzzer/buzzer.c ****  */
  71:hal_bsp/hal/driver/buzzer/buzzer.c **** void bsp_voice_loop_process(void) {
  72:hal_bsp/hal/driver/buzzer/buzzer.c **** 
  73:hal_bsp/hal/driver/buzzer/buzzer.c ****     if (voc_uart_ptr == NULL) {
  74:hal_bsp/hal/driver/buzzer/buzzer.c ****         return;
  75:hal_bsp/hal/driver/buzzer/buzzer.c ****     }
  76:hal_bsp/hal/driver/buzzer/buzzer.c ****     
  77:hal_bsp/hal/driver/buzzer/buzzer.c ****     VoiceMsg_t voice_msg;
  78:hal_bsp/hal/driver/buzzer/buzzer.c ****     char send_buf[128] = {0};
  79:hal_bsp/hal/driver/buzzer/buzzer.c ****     static uint32_t last_send_time = 0;
  80:hal_bsp/hal/driver/buzzer/buzzer.c ****     // 检查队列是否有消息
  81:hal_bsp/hal/driver/buzzer/buzzer.c ****     if (!voice_queue_is_empty(&g_voice_queue) && (HAL_GetTick() - last_send_time >= 2000)) {
  82:hal_bsp/hal/driver/buzzer/buzzer.c ****         // 从队列接收语音消息
  83:hal_bsp/hal/driver/buzzer/buzzer.c ****         if (voice_queue_receive(&g_voice_queue, &voice_msg)) {
  84:hal_bsp/hal/driver/buzzer/buzzer.c ****             // 生成语音命令
  85:hal_bsp/hal/driver/buzzer/buzzer.c ****             uint16_t len = generate_voice_command(send_buf, voice_msg.msg, strlen(voice_msg.msg));
  86:hal_bsp/hal/driver/buzzer/buzzer.c **** 
  87:hal_bsp/hal/driver/buzzer/buzzer.c ****             // 发送语音命令到语音模块到串口
ARM GAS  C:\Users\honor\AppData\Local\Temp\ccTZt7Qd.s 			page 3


  88:hal_bsp/hal/driver/buzzer/buzzer.c ****             HAL_UART_Transmit(voc_uart_ptr, (uint8_t*)send_buf, len, 1000);
  89:hal_bsp/hal/driver/buzzer/buzzer.c ****             last_send_time = HAL_GetTick();
  90:hal_bsp/hal/driver/buzzer/buzzer.c ****         }
  91:hal_bsp/hal/driver/buzzer/buzzer.c ****     }
  92:hal_bsp/hal/driver/buzzer/buzzer.c **** }
  93:hal_bsp/hal/driver/buzzer/buzzer.c **** 
  94:hal_bsp/hal/driver/buzzer/buzzer.c **** 
  95:hal_bsp/hal/driver/buzzer/buzzer.c **** /*****************************************************************************/
  96:hal_bsp/hal/driver/buzzer/buzzer.c **** //队列相关函数
  97:hal_bsp/hal/driver/buzzer/buzzer.c **** /**
  98:hal_bsp/hal/driver/buzzer/buzzer.c ****  * @brief  初始化语音消息队列
  99:hal_bsp/hal/driver/buzzer/buzzer.c ****  * @param  queue - 队列指针
 100:hal_bsp/hal/driver/buzzer/buzzer.c ****  * @return true - 初始化成功, false - 初始化失败
 101:hal_bsp/hal/driver/buzzer/buzzer.c ****  */
 102:hal_bsp/hal/driver/buzzer/buzzer.c **** static bool voice_queue_init(VoiceQueue_t* queue) {
  29              		.loc 1 102 51 view -0
  30              		.cfi_startproc
  31              		@ args = 0, pretend = 0, frame = 0
  32              		@ frame_needed = 0, uses_anonymous_args = 0
  33              		@ link register save eliminated.
 103:hal_bsp/hal/driver/buzzer/buzzer.c ****     if (queue == NULL) {
  34              		.loc 1 103 5 view .LVU1
  35              		.loc 1 103 8 is_stmt 0 view .LVU2
  36 0000 40B1     		cbz	r0, .L3
 104:hal_bsp/hal/driver/buzzer/buzzer.c ****         return false;
 105:hal_bsp/hal/driver/buzzer/buzzer.c ****     }
 106:hal_bsp/hal/driver/buzzer/buzzer.c **** 
 107:hal_bsp/hal/driver/buzzer/buzzer.c ****     queue->head = 0;
  37              		.loc 1 107 5 is_stmt 1 view .LVU3
  38              		.loc 1 107 17 is_stmt 0 view .LVU4
  39 0002 0022     		movs	r2, #0
  40 0004 80F80025 		strb	r2, [r0, #1280]
 108:hal_bsp/hal/driver/buzzer/buzzer.c ****     queue->tail = 0;
  41              		.loc 1 108 5 is_stmt 1 view .LVU5
  42              		.loc 1 108 17 is_stmt 0 view .LVU6
  43 0008 80F80125 		strb	r2, [r0, #1281]
 109:hal_bsp/hal/driver/buzzer/buzzer.c ****     queue->count = 0;
  44              		.loc 1 109 5 is_stmt 1 view .LVU7
  45              		.loc 1 109 18 is_stmt 0 view .LVU8
  46 000c 80F80225 		strb	r2, [r0, #1282]
 110:hal_bsp/hal/driver/buzzer/buzzer.c **** 
 111:hal_bsp/hal/driver/buzzer/buzzer.c ****     return true;
  47              		.loc 1 111 5 is_stmt 1 view .LVU9
  48              		.loc 1 111 12 is_stmt 0 view .LVU10
  49 0010 0120     		movs	r0, #1
  50              	.LVL1:
  51              		.loc 1 111 12 view .LVU11
  52 0012 7047     		bx	lr
  53              	.LVL2:
  54              	.L3:
 104:hal_bsp/hal/driver/buzzer/buzzer.c ****     }
  55              		.loc 1 104 16 view .LVU12
  56 0014 0020     		movs	r0, #0
  57              	.LVL3:
 112:hal_bsp/hal/driver/buzzer/buzzer.c **** }
  58              		.loc 1 112 1 view .LVU13
  59 0016 7047     		bx	lr
ARM GAS  C:\Users\honor\AppData\Local\Temp\ccTZt7Qd.s 			page 4


  60              		.cfi_endproc
  61              	.LFE242:
  63              		.section	.text.voice_queue_is_empty,"ax",%progbits
  64              		.align	1
  65              		.syntax unified
  66              		.thumb
  67              		.thumb_func
  69              	voice_queue_is_empty:
  70              	.LVL4:
  71              	.LFB243:
 113:hal_bsp/hal/driver/buzzer/buzzer.c **** 
 114:hal_bsp/hal/driver/buzzer/buzzer.c **** /**
 115:hal_bsp/hal/driver/buzzer/buzzer.c ****  * @brief  检查队列是否为空
 116:hal_bsp/hal/driver/buzzer/buzzer.c ****  * @param  queue - 队列指针
 117:hal_bsp/hal/driver/buzzer/buzzer.c ****  * @return true - 队列为空, false - 队列不为空
 118:hal_bsp/hal/driver/buzzer/buzzer.c ****  */
 119:hal_bsp/hal/driver/buzzer/buzzer.c **** static bool voice_queue_is_empty(const VoiceQueue_t* queue) {
  72              		.loc 1 119 61 is_stmt 1 view -0
  73              		.cfi_startproc
  74              		@ args = 0, pretend = 0, frame = 0
  75              		@ frame_needed = 0, uses_anonymous_args = 0
  76              		@ link register save eliminated.
 120:hal_bsp/hal/driver/buzzer/buzzer.c ****     return (queue->count == 0);
  77              		.loc 1 120 5 view .LVU15
  78              		.loc 1 120 18 is_stmt 0 view .LVU16
  79 0000 90F80205 		ldrb	r0, [r0, #1282]	@ zero_extendqisi2
  80              	.LVL5:
 121:hal_bsp/hal/driver/buzzer/buzzer.c **** }
  81              		.loc 1 121 1 view .LVU17
  82 0004 B0FA80F0 		clz	r0, r0
  83 0008 4009     		lsrs	r0, r0, #5
  84 000a 7047     		bx	lr
  85              		.cfi_endproc
  86              	.LFE243:
  88              		.section	.text.voice_queue_is_full,"ax",%progbits
  89              		.align	1
  90              		.syntax unified
  91              		.thumb
  92              		.thumb_func
  94              	voice_queue_is_full:
  95              	.LVL6:
  96              	.LFB244:
 122:hal_bsp/hal/driver/buzzer/buzzer.c **** 
 123:hal_bsp/hal/driver/buzzer/buzzer.c **** /**
 124:hal_bsp/hal/driver/buzzer/buzzer.c ****  * @brief  检查队列是否已满
 125:hal_bsp/hal/driver/buzzer/buzzer.c ****  * @param  queue - 队列指针
 126:hal_bsp/hal/driver/buzzer/buzzer.c ****  * @return true - 队列已满, false - 队列未满
 127:hal_bsp/hal/driver/buzzer/buzzer.c ****  */
 128:hal_bsp/hal/driver/buzzer/buzzer.c **** static bool voice_queue_is_full(const VoiceQueue_t* queue) {
  97              		.loc 1 128 60 is_stmt 1 view -0
  98              		.cfi_startproc
  99              		@ args = 0, pretend = 0, frame = 0
 100              		@ frame_needed = 0, uses_anonymous_args = 0
 101              		@ link register save eliminated.
 129:hal_bsp/hal/driver/buzzer/buzzer.c ****     return (queue->count == VOICE_QUEUE_LENGTH);
 102              		.loc 1 129 5 view .LVU19
 103              		.loc 1 129 18 is_stmt 0 view .LVU20
ARM GAS  C:\Users\honor\AppData\Local\Temp\ccTZt7Qd.s 			page 5


 104 0000 90F80205 		ldrb	r0, [r0, #1282]	@ zero_extendqisi2
 105              	.LVL7:
 106              		.loc 1 129 18 view .LVU21
 107 0004 C0B2     		uxtb	r0, r0
 130:hal_bsp/hal/driver/buzzer/buzzer.c **** }
 108              		.loc 1 130 1 view .LVU22
 109 0006 0A28     		cmp	r0, #10
 110 0008 14BF     		ite	ne
 111 000a 0020     		movne	r0, #0
 112 000c 0120     		moveq	r0, #1
 113 000e 7047     		bx	lr
 114              		.cfi_endproc
 115              	.LFE244:
 117              		.section	.text.voice_queue_send,"ax",%progbits
 118              		.align	1
 119              		.syntax unified
 120              		.thumb
 121              		.thumb_func
 123              	voice_queue_send:
 124              	.LVL8:
 125              	.LFB245:
 131:hal_bsp/hal/driver/buzzer/buzzer.c **** 
 132:hal_bsp/hal/driver/buzzer/buzzer.c **** /**
 133:hal_bsp/hal/driver/buzzer/buzzer.c ****  * @brief  发送消息到队列
 134:hal_bsp/hal/driver/buzzer/buzzer.c ****  * @param  queue - 队列指针
 135:hal_bsp/hal/driver/buzzer/buzzer.c ****  * @param  msg - 要发送的消息
 136:hal_bsp/hal/driver/buzzer/buzzer.c ****  * @return true - 发送成功, false - 发送失败
 137:hal_bsp/hal/driver/buzzer/buzzer.c ****  */
 138:hal_bsp/hal/driver/buzzer/buzzer.c **** static bool voice_queue_send(VoiceQueue_t* queue, const VoiceMsg_t* msg) {
 126              		.loc 1 138 74 is_stmt 1 view -0
 127              		.cfi_startproc
 128              		@ args = 0, pretend = 0, frame = 0
 129              		@ frame_needed = 0, uses_anonymous_args = 0
 139:hal_bsp/hal/driver/buzzer/buzzer.c ****     if (queue == NULL || msg == NULL) {
 130              		.loc 1 139 5 view .LVU24
 131              		.loc 1 139 8 is_stmt 0 view .LVU25
 132 0000 38B3     		cbz	r0, .L8
 138:hal_bsp/hal/driver/buzzer/buzzer.c ****     if (queue == NULL || msg == NULL) {
 133              		.loc 1 138 74 discriminator 1 view .LVU26
 134 0002 38B5     		push	{r3, r4, r5, lr}
 135              	.LCFI0:
 136              		.cfi_def_cfa_offset 16
 137              		.cfi_offset 3, -16
 138              		.cfi_offset 4, -12
 139              		.cfi_offset 5, -8
 140              		.cfi_offset 14, -4
 141 0004 0C46     		mov	r4, r1
 142 0006 0546     		mov	r5, r0
 143              		.loc 1 139 23 discriminator 1 view .LVU27
 144 0008 29B3     		cbz	r1, .L9
 140:hal_bsp/hal/driver/buzzer/buzzer.c ****         return false;
 141:hal_bsp/hal/driver/buzzer/buzzer.c ****     }
 142:hal_bsp/hal/driver/buzzer/buzzer.c **** 
 143:hal_bsp/hal/driver/buzzer/buzzer.c ****     // 检查队列是否已满
 144:hal_bsp/hal/driver/buzzer/buzzer.c ****     if (voice_queue_is_full(queue)) {
 145              		.loc 1 144 5 is_stmt 1 view .LVU28
 146              		.loc 1 144 9 is_stmt 0 view .LVU29
ARM GAS  C:\Users\honor\AppData\Local\Temp\ccTZt7Qd.s 			page 6


 147 000a FFF7FEFF 		bl	voice_queue_is_full
 148              	.LVL9:
 149              		.loc 1 144 8 view .LVU30
 150 000e 08B1     		cbz	r0, .L15
 145:hal_bsp/hal/driver/buzzer/buzzer.c ****         return false;
 151              		.loc 1 145 16 view .LVU31
 152 0010 0020     		movs	r0, #0
 153              	.L7:
 146:hal_bsp/hal/driver/buzzer/buzzer.c ****     }
 147:hal_bsp/hal/driver/buzzer/buzzer.c **** 
 148:hal_bsp/hal/driver/buzzer/buzzer.c ****     // 复制消息到队列
 149:hal_bsp/hal/driver/buzzer/buzzer.c ****     memcpy(&queue->buffer[queue->tail], msg, sizeof(VoiceMsg_t));
 150:hal_bsp/hal/driver/buzzer/buzzer.c **** 
 151:hal_bsp/hal/driver/buzzer/buzzer.c ****     // 更新队列尾指针
 152:hal_bsp/hal/driver/buzzer/buzzer.c ****     queue->tail = (queue->tail + 1) % VOICE_QUEUE_LENGTH;
 153:hal_bsp/hal/driver/buzzer/buzzer.c **** 
 154:hal_bsp/hal/driver/buzzer/buzzer.c ****     // 更新队列计数
 155:hal_bsp/hal/driver/buzzer/buzzer.c ****     queue->count++;
 156:hal_bsp/hal/driver/buzzer/buzzer.c **** 
 157:hal_bsp/hal/driver/buzzer/buzzer.c ****     return true;
 158:hal_bsp/hal/driver/buzzer/buzzer.c **** }
 154              		.loc 1 158 1 view .LVU32
 155 0012 38BD     		pop	{r3, r4, r5, pc}
 156              	.LVL10:
 157              	.L15:
 149:hal_bsp/hal/driver/buzzer/buzzer.c **** 
 158              		.loc 1 149 5 is_stmt 1 view .LVU33
 149:hal_bsp/hal/driver/buzzer/buzzer.c **** 
 159              		.loc 1 149 32 is_stmt 0 view .LVU34
 160 0014 95F80105 		ldrb	r0, [r5, #1281]	@ zero_extendqisi2
 149:hal_bsp/hal/driver/buzzer/buzzer.c **** 
 161              		.loc 1 149 5 view .LVU35
 162 0018 8022     		movs	r2, #128
 163 001a 2146     		mov	r1, r4
 164 001c 05EBC010 		add	r0, r5, r0, lsl #7
 165 0020 FFF7FEFF 		bl	memcpy
 166              	.LVL11:
 152:hal_bsp/hal/driver/buzzer/buzzer.c **** 
 167              		.loc 1 152 5 is_stmt 1 view .LVU36
 152:hal_bsp/hal/driver/buzzer/buzzer.c **** 
 168              		.loc 1 152 25 is_stmt 0 view .LVU37
 169 0024 95F80135 		ldrb	r3, [r5, #1281]	@ zero_extendqisi2
 152:hal_bsp/hal/driver/buzzer/buzzer.c **** 
 170              		.loc 1 152 32 view .LVU38
 171 0028 0133     		adds	r3, r3, #1
 152:hal_bsp/hal/driver/buzzer/buzzer.c **** 
 172              		.loc 1 152 37 view .LVU39
 173 002a 0C4A     		ldr	r2, .L16
 174 002c 82FB0312 		smull	r1, r2, r2, r3
 175 0030 02F0FC01 		and	r1, r2, #252
 176 0034 01EBA202 		add	r2, r1, r2, asr #2
 177 0038 A3EB4203 		sub	r3, r3, r2, lsl #1
 152:hal_bsp/hal/driver/buzzer/buzzer.c **** 
 178              		.loc 1 152 17 view .LVU40
 179 003c DBB2     		uxtb	r3, r3
 180 003e 85F80135 		strb	r3, [r5, #1281]
 155:hal_bsp/hal/driver/buzzer/buzzer.c **** 
ARM GAS  C:\Users\honor\AppData\Local\Temp\ccTZt7Qd.s 			page 7


 181              		.loc 1 155 5 is_stmt 1 view .LVU41
 155:hal_bsp/hal/driver/buzzer/buzzer.c **** 
 182              		.loc 1 155 10 is_stmt 0 view .LVU42
 183 0042 95F80235 		ldrb	r3, [r5, #1282]	@ zero_extendqisi2
 155:hal_bsp/hal/driver/buzzer/buzzer.c **** 
 184              		.loc 1 155 17 view .LVU43
 185 0046 0133     		adds	r3, r3, #1
 186 0048 DBB2     		uxtb	r3, r3
 187 004a 85F80235 		strb	r3, [r5, #1282]
 157:hal_bsp/hal/driver/buzzer/buzzer.c **** }
 188              		.loc 1 157 5 is_stmt 1 view .LVU44
 157:hal_bsp/hal/driver/buzzer/buzzer.c **** }
 189              		.loc 1 157 12 is_stmt 0 view .LVU45
 190 004e 0120     		movs	r0, #1
 191 0050 DFE7     		b	.L7
 192              	.LVL12:
 193              	.L8:
 194              	.LCFI1:
 195              		.cfi_def_cfa_offset 0
 196              		.cfi_restore 3
 197              		.cfi_restore 4
 198              		.cfi_restore 5
 199              		.cfi_restore 14
 140:hal_bsp/hal/driver/buzzer/buzzer.c ****     }
 200              		.loc 1 140 16 view .LVU46
 201 0052 0020     		movs	r0, #0
 202              	.LVL13:
 203              		.loc 1 158 1 view .LVU47
 204 0054 7047     		bx	lr
 205              	.LVL14:
 206              	.L9:
 207              	.LCFI2:
 208              		.cfi_def_cfa_offset 16
 209              		.cfi_offset 3, -16
 210              		.cfi_offset 4, -12
 211              		.cfi_offset 5, -8
 212              		.cfi_offset 14, -4
 140:hal_bsp/hal/driver/buzzer/buzzer.c ****     }
 213              		.loc 1 140 16 view .LVU48
 214 0056 0020     		movs	r0, #0
 215              	.LVL15:
 140:hal_bsp/hal/driver/buzzer/buzzer.c ****     }
 216              		.loc 1 140 16 view .LVU49
 217 0058 DBE7     		b	.L7
 218              	.L17:
 219 005a 00BF     		.align	2
 220              	.L16:
 221 005c 67666666 		.word	1717986919
 222              		.cfi_endproc
 223              	.LFE245:
 225              		.section	.text.voice_queue_receive,"ax",%progbits
 226              		.align	1
 227              		.syntax unified
 228              		.thumb
 229              		.thumb_func
 231              	voice_queue_receive:
 232              	.LVL16:
ARM GAS  C:\Users\honor\AppData\Local\Temp\ccTZt7Qd.s 			page 8


 233              	.LFB246:
 159:hal_bsp/hal/driver/buzzer/buzzer.c **** 
 160:hal_bsp/hal/driver/buzzer/buzzer.c **** /**
 161:hal_bsp/hal/driver/buzzer/buzzer.c ****  * @brief  从队列接收消息
 162:hal_bsp/hal/driver/buzzer/buzzer.c ****  * @param  queue - 队列指针
 163:hal_bsp/hal/driver/buzzer/buzzer.c ****  * @param  msg - 接收消息的缓冲区
 164:hal_bsp/hal/driver/buzzer/buzzer.c ****  * @return true - 接收成功, false - 接收失败
 165:hal_bsp/hal/driver/buzzer/buzzer.c ****  */
 166:hal_bsp/hal/driver/buzzer/buzzer.c **** static bool voice_queue_receive(VoiceQueue_t* queue, VoiceMsg_t* msg) {
 234              		.loc 1 166 71 is_stmt 1 view -0
 235              		.cfi_startproc
 236              		@ args = 0, pretend = 0, frame = 0
 237              		@ frame_needed = 0, uses_anonymous_args = 0
 167:hal_bsp/hal/driver/buzzer/buzzer.c ****     if (queue == NULL || msg == NULL) {
 238              		.loc 1 167 5 view .LVU51
 239              		.loc 1 167 8 is_stmt 0 view .LVU52
 240 0000 38B3     		cbz	r0, .L20
 166:hal_bsp/hal/driver/buzzer/buzzer.c ****     if (queue == NULL || msg == NULL) {
 241              		.loc 1 166 71 discriminator 1 view .LVU53
 242 0002 38B5     		push	{r3, r4, r5, lr}
 243              	.LCFI3:
 244              		.cfi_def_cfa_offset 16
 245              		.cfi_offset 3, -16
 246              		.cfi_offset 4, -12
 247              		.cfi_offset 5, -8
 248              		.cfi_offset 14, -4
 249 0004 0C46     		mov	r4, r1
 250 0006 0546     		mov	r5, r0
 251              		.loc 1 167 23 discriminator 1 view .LVU54
 252 0008 29B3     		cbz	r1, .L21
 168:hal_bsp/hal/driver/buzzer/buzzer.c ****         return false;
 169:hal_bsp/hal/driver/buzzer/buzzer.c ****     }
 170:hal_bsp/hal/driver/buzzer/buzzer.c **** 
 171:hal_bsp/hal/driver/buzzer/buzzer.c ****     // 检查队列是否为空
 172:hal_bsp/hal/driver/buzzer/buzzer.c ****     if (voice_queue_is_empty(queue)) {
 253              		.loc 1 172 5 is_stmt 1 view .LVU55
 254              		.loc 1 172 9 is_stmt 0 view .LVU56
 255 000a FFF7FEFF 		bl	voice_queue_is_empty
 256              	.LVL17:
 257              		.loc 1 172 8 view .LVU57
 258 000e 08B1     		cbz	r0, .L27
 173:hal_bsp/hal/driver/buzzer/buzzer.c ****         return false;
 259              		.loc 1 173 16 view .LVU58
 260 0010 0020     		movs	r0, #0
 261              	.L19:
 174:hal_bsp/hal/driver/buzzer/buzzer.c ****     }
 175:hal_bsp/hal/driver/buzzer/buzzer.c **** 
 176:hal_bsp/hal/driver/buzzer/buzzer.c ****     // 从队列复制消息
 177:hal_bsp/hal/driver/buzzer/buzzer.c ****     memcpy(msg, &queue->buffer[queue->head], sizeof(VoiceMsg_t));
 178:hal_bsp/hal/driver/buzzer/buzzer.c **** 
 179:hal_bsp/hal/driver/buzzer/buzzer.c ****     // 更新队列头指针
 180:hal_bsp/hal/driver/buzzer/buzzer.c ****     queue->head = (queue->head + 1) % VOICE_QUEUE_LENGTH;
 181:hal_bsp/hal/driver/buzzer/buzzer.c **** 
 182:hal_bsp/hal/driver/buzzer/buzzer.c ****     // 更新队列计数
 183:hal_bsp/hal/driver/buzzer/buzzer.c ****     queue->count--;
 184:hal_bsp/hal/driver/buzzer/buzzer.c **** 
 185:hal_bsp/hal/driver/buzzer/buzzer.c ****     return true;
ARM GAS  C:\Users\honor\AppData\Local\Temp\ccTZt7Qd.s 			page 9


 186:hal_bsp/hal/driver/buzzer/buzzer.c **** }
 262              		.loc 1 186 1 view .LVU59
 263 0012 38BD     		pop	{r3, r4, r5, pc}
 264              	.LVL18:
 265              	.L27:
 177:hal_bsp/hal/driver/buzzer/buzzer.c **** 
 266              		.loc 1 177 5 is_stmt 1 view .LVU60
 177:hal_bsp/hal/driver/buzzer/buzzer.c **** 
 267              		.loc 1 177 37 is_stmt 0 view .LVU61
 268 0014 95F80015 		ldrb	r1, [r5, #1280]	@ zero_extendqisi2
 177:hal_bsp/hal/driver/buzzer/buzzer.c **** 
 269              		.loc 1 177 5 view .LVU62
 270 0018 8022     		movs	r2, #128
 271 001a 05EBC111 		add	r1, r5, r1, lsl #7
 272 001e 2046     		mov	r0, r4
 273 0020 FFF7FEFF 		bl	memcpy
 274              	.LVL19:
 180:hal_bsp/hal/driver/buzzer/buzzer.c **** 
 275              		.loc 1 180 5 is_stmt 1 view .LVU63
 180:hal_bsp/hal/driver/buzzer/buzzer.c **** 
 276              		.loc 1 180 25 is_stmt 0 view .LVU64
 277 0024 95F80035 		ldrb	r3, [r5, #1280]	@ zero_extendqisi2
 180:hal_bsp/hal/driver/buzzer/buzzer.c **** 
 278              		.loc 1 180 32 view .LVU65
 279 0028 0133     		adds	r3, r3, #1
 180:hal_bsp/hal/driver/buzzer/buzzer.c **** 
 280              		.loc 1 180 37 view .LVU66
 281 002a 0C4A     		ldr	r2, .L28
 282 002c 82FB0312 		smull	r1, r2, r2, r3
 283 0030 02F0FC01 		and	r1, r2, #252
 284 0034 01EBA202 		add	r2, r1, r2, asr #2
 285 0038 A3EB4203 		sub	r3, r3, r2, lsl #1
 180:hal_bsp/hal/driver/buzzer/buzzer.c **** 
 286              		.loc 1 180 17 view .LVU67
 287 003c DBB2     		uxtb	r3, r3
 288 003e 85F80035 		strb	r3, [r5, #1280]
 183:hal_bsp/hal/driver/buzzer/buzzer.c **** 
 289              		.loc 1 183 5 is_stmt 1 view .LVU68
 183:hal_bsp/hal/driver/buzzer/buzzer.c **** 
 290              		.loc 1 183 10 is_stmt 0 view .LVU69
 291 0042 95F80235 		ldrb	r3, [r5, #1282]	@ zero_extendqisi2
 183:hal_bsp/hal/driver/buzzer/buzzer.c **** 
 292              		.loc 1 183 17 view .LVU70
 293 0046 013B     		subs	r3, r3, #1
 294 0048 DBB2     		uxtb	r3, r3
 295 004a 85F80235 		strb	r3, [r5, #1282]
 185:hal_bsp/hal/driver/buzzer/buzzer.c **** }
 296              		.loc 1 185 5 is_stmt 1 view .LVU71
 185:hal_bsp/hal/driver/buzzer/buzzer.c **** }
 297              		.loc 1 185 12 is_stmt 0 view .LVU72
 298 004e 0120     		movs	r0, #1
 299 0050 DFE7     		b	.L19
 300              	.LVL20:
 301              	.L20:
 302              	.LCFI4:
 303              		.cfi_def_cfa_offset 0
 304              		.cfi_restore 3
ARM GAS  C:\Users\honor\AppData\Local\Temp\ccTZt7Qd.s 			page 10


 305              		.cfi_restore 4
 306              		.cfi_restore 5
 307              		.cfi_restore 14
 168:hal_bsp/hal/driver/buzzer/buzzer.c ****     }
 308              		.loc 1 168 16 view .LVU73
 309 0052 0020     		movs	r0, #0
 310              	.LVL21:
 311              		.loc 1 186 1 view .LVU74
 312 0054 7047     		bx	lr
 313              	.LVL22:
 314              	.L21:
 315              	.LCFI5:
 316              		.cfi_def_cfa_offset 16
 317              		.cfi_offset 3, -16
 318              		.cfi_offset 4, -12
 319              		.cfi_offset 5, -8
 320              		.cfi_offset 14, -4
 168:hal_bsp/hal/driver/buzzer/buzzer.c ****     }
 321              		.loc 1 168 16 view .LVU75
 322 0056 0020     		movs	r0, #0
 323              	.LVL23:
 168:hal_bsp/hal/driver/buzzer/buzzer.c ****     }
 324              		.loc 1 168 16 view .LVU76
 325 0058 DBE7     		b	.L19
 326              	.L29:
 327 005a 00BF     		.align	2
 328              	.L28:
 329 005c 67666666 		.word	1717986919
 330              		.cfi_endproc
 331              	.LFE246:
 333              		.section	.text.generate_voice_command,"ax",%progbits
 334              		.align	1
 335              		.syntax unified
 336              		.thumb
 337              		.thumb_func
 339              	generate_voice_command:
 340              	.LVL24:
 341              	.LFB247:
 187:hal_bsp/hal/driver/buzzer/buzzer.c **** 
 188:hal_bsp/hal/driver/buzzer/buzzer.c **** /***************************************************************************/
 189:hal_bsp/hal/driver/buzzer/buzzer.c **** 
 190:hal_bsp/hal/driver/buzzer/buzzer.c **** /**
 191:hal_bsp/hal/driver/buzzer/buzzer.c ****  * 生成语音命令数据包
 192:hal_bsp/hal/driver/buzzer/buzzer.c ****  * 
 193:hal_bsp/hal/driver/buzzer/buzzer.c ****  * 该函数构建一个符合特定协议格式的语音命令数据包，用于语音模块通信
 194:hal_bsp/hal/driver/buzzer/buzzer.c ****  * 数据包格式：帧头(1字节) + 长度字段(2字节) + 命令类型(1字节) + 编码格式
 195:hal_bsp/hal/driver/buzzer/buzzer.c ****  * 
 196:hal_bsp/hal/driver/buzzer/buzzer.c ****  * @param output 输出缓冲区指针，用于存储生成的数据包
 197:hal_bsp/hal/driver/buzzer/buzzer.c ****  * @param msg 要发送的消息字符串
 198:hal_bsp/hal/driver/buzzer/buzzer.c ****  * @param msg_len 消息长度
 199:hal_bsp/hal/driver/buzzer/buzzer.c ****  * @return uint8_t 返回生成的数据包总长度，如果参数无效则返回0
 200:hal_bsp/hal/driver/buzzer/buzzer.c ****  */
 201:hal_bsp/hal/driver/buzzer/buzzer.c **** static uint8_t generate_voice_command(char* output, const char* msg, uint16_t msg_len) {
 342              		.loc 1 201 88 is_stmt 1 view -0
 343              		.cfi_startproc
 344              		@ args = 0, pretend = 0, frame = 0
 345              		@ frame_needed = 0, uses_anonymous_args = 0
ARM GAS  C:\Users\honor\AppData\Local\Temp\ccTZt7Qd.s 			page 11


 202:hal_bsp/hal/driver/buzzer/buzzer.c ****     // 参数检查
 203:hal_bsp/hal/driver/buzzer/buzzer.c ****     if (output == NULL || msg == NULL) {
 346              		.loc 1 203 5 view .LVU78
 347              		.loc 1 203 8 is_stmt 0 view .LVU79
 348 0000 A0B1     		cbz	r0, .L32
 349 0002 0346     		mov	r3, r0
 350              		.loc 1 203 24 discriminator 1 view .LVU80
 351 0004 A1B1     		cbz	r1, .L33
 201:hal_bsp/hal/driver/buzzer/buzzer.c ****     // 参数检查
 352              		.loc 1 201 88 view .LVU81
 353 0006 10B5     		push	{r4, lr}
 354              	.LCFI6:
 355              		.cfi_def_cfa_offset 8
 356              		.cfi_offset 4, -8
 357              		.cfi_offset 14, -4
 204:hal_bsp/hal/driver/buzzer/buzzer.c ****         return 0;
 205:hal_bsp/hal/driver/buzzer/buzzer.c ****     }
 206:hal_bsp/hal/driver/buzzer/buzzer.c **** 
 207:hal_bsp/hal/driver/buzzer/buzzer.c ****     // 计算总长度
 208:hal_bsp/hal/driver/buzzer/buzzer.c ****     uint16_t total_len = msg_len + 5;
 358              		.loc 1 208 5 is_stmt 1 view .LVU82
 359              		.loc 1 208 14 is_stmt 0 view .LVU83
 360 0008 501D     		adds	r0, r2, #5
 361              	.LVL25:
 362              		.loc 1 208 14 view .LVU84
 363 000a 84B2     		uxth	r4, r0
 364              	.LVL26:
 209:hal_bsp/hal/driver/buzzer/buzzer.c **** 
 210:hal_bsp/hal/driver/buzzer/buzzer.c ****     // 构建数据包
 211:hal_bsp/hal/driver/buzzer/buzzer.c ****     output[0] = 0xFD;  // 帧头
 365              		.loc 1 211 5 is_stmt 1 view .LVU85
 366              		.loc 1 211 15 is_stmt 0 view .LVU86
 367 000c FD20     		movs	r0, #253
 368 000e 1870     		strb	r0, [r3]
 212:hal_bsp/hal/driver/buzzer/buzzer.c **** 
 213:hal_bsp/hal/driver/buzzer/buzzer.c ****     // 使用按位与 &
 214:hal_bsp/hal/driver/buzzer/buzzer.c ****     output[1] = ((msg_len + 2) >> 8) & 0xFF;  // 长度高8位
 369              		.loc 1 214 5 is_stmt 1 view .LVU87
 370              		.loc 1 214 27 is_stmt 0 view .LVU88
 371 0010 901C     		adds	r0, r2, #2
 372              		.loc 1 214 32 view .LVU89
 373 0012 0012     		asrs	r0, r0, #8
 374              		.loc 1 214 15 view .LVU90
 375 0014 5870     		strb	r0, [r3, #1]
 215:hal_bsp/hal/driver/buzzer/buzzer.c ****     output[2] = (msg_len + 2) & 0xFF;         // 长度低8位
 376              		.loc 1 215 5 is_stmt 1 view .LVU91
 377              		.loc 1 215 26 is_stmt 0 view .LVU92
 378 0016 901C     		adds	r0, r2, #2
 379              		.loc 1 215 15 view .LVU93
 380 0018 9870     		strb	r0, [r3, #2]
 216:hal_bsp/hal/driver/buzzer/buzzer.c **** 
 217:hal_bsp/hal/driver/buzzer/buzzer.c ****     output[3] = 0x01;  // 命令类型
 381              		.loc 1 217 5 is_stmt 1 view .LVU94
 382              		.loc 1 217 15 is_stmt 0 view .LVU95
 383 001a 0120     		movs	r0, #1
 384 001c D870     		strb	r0, [r3, #3]
 218:hal_bsp/hal/driver/buzzer/buzzer.c ****     output[4] = 0x05;  // 编码格式 (UTF-8)
ARM GAS  C:\Users\honor\AppData\Local\Temp\ccTZt7Qd.s 			page 12


 385              		.loc 1 218 5 is_stmt 1 view .LVU96
 386              		.loc 1 218 15 is_stmt 0 view .LVU97
 387 001e 0520     		movs	r0, #5
 388 0020 1871     		strb	r0, [r3, #4]
 219:hal_bsp/hal/driver/buzzer/buzzer.c **** 
 220:hal_bsp/hal/driver/buzzer/buzzer.c ****     // 复制消息内容
 221:hal_bsp/hal/driver/buzzer/buzzer.c ****     memcpy(&output[5], msg, msg_len);
 389              		.loc 1 221 5 is_stmt 1 view .LVU98
 390 0022 1818     		adds	r0, r3, r0
 391 0024 FFF7FEFF 		bl	memcpy
 392              	.LVL27:
 222:hal_bsp/hal/driver/buzzer/buzzer.c **** 
 223:hal_bsp/hal/driver/buzzer/buzzer.c ****     return total_len;
 393              		.loc 1 223 5 view .LVU99
 394              		.loc 1 223 12 is_stmt 0 view .LVU100
 395 0028 E0B2     		uxtb	r0, r4
 224:hal_bsp/hal/driver/buzzer/buzzer.c **** }
 396              		.loc 1 224 1 view .LVU101
 397 002a 10BD     		pop	{r4, pc}
 398              	.LVL28:
 399              	.L32:
 400              	.LCFI7:
 401              		.cfi_def_cfa_offset 0
 402              		.cfi_restore 4
 403              		.cfi_restore 14
 204:hal_bsp/hal/driver/buzzer/buzzer.c ****     }
 404              		.loc 1 204 16 view .LVU102
 405 002c 0020     		movs	r0, #0
 406              	.LVL29:
 204:hal_bsp/hal/driver/buzzer/buzzer.c ****     }
 407              		.loc 1 204 16 view .LVU103
 408 002e 7047     		bx	lr
 409              	.LVL30:
 410              	.L33:
 204:hal_bsp/hal/driver/buzzer/buzzer.c ****     }
 411              		.loc 1 204 16 view .LVU104
 412 0030 0020     		movs	r0, #0
 413              	.LVL31:
 414              		.loc 1 224 1 view .LVU105
 415 0032 7047     		bx	lr
 416              		.cfi_endproc
 417              	.LFE247:
 419              		.section	.text.bsp_voice_init,"ax",%progbits
 420              		.align	1
 421              		.global	bsp_voice_init
 422              		.syntax unified
 423              		.thumb
 424              		.thumb_func
 426              	bsp_voice_init:
 427              	.LVL32:
 428              	.LFB239:
  22:hal_bsp/hal/driver/buzzer/buzzer.c ****     // 初始化语音消息队列
 429              		.loc 1 22 51 is_stmt 1 view -0
 430              		.cfi_startproc
 431              		@ args = 0, pretend = 0, frame = 0
 432              		@ frame_needed = 0, uses_anonymous_args = 0
  22:hal_bsp/hal/driver/buzzer/buzzer.c ****     // 初始化语音消息队列
ARM GAS  C:\Users\honor\AppData\Local\Temp\ccTZt7Qd.s 			page 13


 433              		.loc 1 22 51 is_stmt 0 view .LVU107
 434 0000 10B5     		push	{r4, lr}
 435              	.LCFI8:
 436              		.cfi_def_cfa_offset 8
 437              		.cfi_offset 4, -8
 438              		.cfi_offset 14, -4
 439 0002 0446     		mov	r4, r0
  24:hal_bsp/hal/driver/buzzer/buzzer.c ****         return false;
 440              		.loc 1 24 5 is_stmt 1 view .LVU108
  24:hal_bsp/hal/driver/buzzer/buzzer.c ****         return false;
 441              		.loc 1 24 10 is_stmt 0 view .LVU109
 442 0004 0348     		ldr	r0, .L41
 443              	.LVL33:
  24:hal_bsp/hal/driver/buzzer/buzzer.c ****         return false;
 444              		.loc 1 24 10 view .LVU110
 445 0006 FFF7FEFF 		bl	voice_queue_init
 446              	.LVL34:
  24:hal_bsp/hal/driver/buzzer/buzzer.c ****         return false;
 447              		.loc 1 24 8 view .LVU111
 448 000a 08B1     		cbz	r0, .L39
  29:hal_bsp/hal/driver/buzzer/buzzer.c **** 
 449              		.loc 1 29 5 is_stmt 1 view .LVU112
  29:hal_bsp/hal/driver/buzzer/buzzer.c **** 
 450              		.loc 1 29 18 is_stmt 0 view .LVU113
 451 000c 024B     		ldr	r3, .L41+4
 452 000e 1C60     		str	r4, [r3]
  31:hal_bsp/hal/driver/buzzer/buzzer.c **** }
 453              		.loc 1 31 5 is_stmt 1 view .LVU114
 454              	.L39:
  32:hal_bsp/hal/driver/buzzer/buzzer.c **** 
 455              		.loc 1 32 1 is_stmt 0 view .LVU115
 456 0010 10BD     		pop	{r4, pc}
 457              	.LVL35:
 458              	.L42:
  32:hal_bsp/hal/driver/buzzer/buzzer.c **** 
 459              		.loc 1 32 1 view .LVU116
 460 0012 00BF     		.align	2
 461              	.L41:
 462 0014 00000000 		.word	.LANCHOR0
 463 0018 00000000 		.word	.LANCHOR1
 464              		.cfi_endproc
 465              	.LFE239:
 467              		.section	.text.bsp_voice_send_msg,"ax",%progbits
 468              		.align	1
 469              		.global	bsp_voice_send_msg
 470              		.syntax unified
 471              		.thumb
 472              		.thumb_func
 474              	bsp_voice_send_msg:
 475              	.LVL36:
 476              	.LFB240:
  40:hal_bsp/hal/driver/buzzer/buzzer.c ****     // 参数检查
 477              		.loc 1 40 42 is_stmt 1 view -0
 478              		.cfi_startproc
 479              		@ args = 0, pretend = 0, frame = 128
 480              		@ frame_needed = 0, uses_anonymous_args = 0
  42:hal_bsp/hal/driver/buzzer/buzzer.c ****         return false;
ARM GAS  C:\Users\honor\AppData\Local\Temp\ccTZt7Qd.s 			page 14


 481              		.loc 1 42 5 view .LVU118
  42:hal_bsp/hal/driver/buzzer/buzzer.c ****         return false;
 482              		.loc 1 42 8 is_stmt 0 view .LVU119
 483 0000 F0B1     		cbz	r0, .L45
  40:hal_bsp/hal/driver/buzzer/buzzer.c ****     // 参数检查
 484              		.loc 1 40 42 view .LVU120
 485 0002 10B5     		push	{r4, lr}
 486              	.LCFI9:
 487              		.cfi_def_cfa_offset 8
 488              		.cfi_offset 4, -8
 489              		.cfi_offset 14, -4
 490 0004 A0B0     		sub	sp, sp, #128
 491              	.LCFI10:
 492              		.cfi_def_cfa_offset 136
 493 0006 0446     		mov	r4, r0
  46:hal_bsp/hal/driver/buzzer/buzzer.c ****     // 检查是否距离上次发送过1秒
 494              		.loc 1 46 5 is_stmt 1 view .LVU121
  48:hal_bsp/hal/driver/buzzer/buzzer.c ****     
 495              		.loc 1 48 5 view .LVU122
  50:hal_bsp/hal/driver/buzzer/buzzer.c ****         return false;
 496              		.loc 1 50 5 view .LVU123
  50:hal_bsp/hal/driver/buzzer/buzzer.c ****         return false;
 497              		.loc 1 50 9 is_stmt 0 view .LVU124
 498 0008 FFF7FEFF 		bl	HAL_GetTick
 499              	.LVL37:
  50:hal_bsp/hal/driver/buzzer/buzzer.c ****         return false;
 500              		.loc 1 50 23 view .LVU125
 501 000c 0D4B     		ldr	r3, .L52
 502 000e 1B68     		ldr	r3, [r3]
 503 0010 C01A     		subs	r0, r0, r3
  50:hal_bsp/hal/driver/buzzer/buzzer.c ****         return false;
 504              		.loc 1 50 8 view .LVU126
 505 0012 B0F57A7F 		cmp	r0, #1000
 506 0016 02D2     		bcs	.L51
  51:hal_bsp/hal/driver/buzzer/buzzer.c ****     }
 507              		.loc 1 51 16 view .LVU127
 508 0018 0020     		movs	r0, #0
 509              	.L44:
  65:hal_bsp/hal/driver/buzzer/buzzer.c **** 
 510              		.loc 1 65 1 view .LVU128
 511 001a 20B0     		add	sp, sp, #128
 512              	.LCFI11:
 513              		.cfi_remember_state
 514              		.cfi_def_cfa_offset 8
 515              		@ sp needed
 516 001c 10BD     		pop	{r4, pc}
 517              	.LVL38:
 518              	.L51:
 519              	.LCFI12:
 520              		.cfi_restore_state
  53:hal_bsp/hal/driver/buzzer/buzzer.c **** 
 521              		.loc 1 53 5 is_stmt 1 view .LVU129
  53:hal_bsp/hal/driver/buzzer/buzzer.c **** 
 522              		.loc 1 53 22 is_stmt 0 view .LVU130
 523 001e FFF7FEFF 		bl	HAL_GetTick
 524              	.LVL39:
  53:hal_bsp/hal/driver/buzzer/buzzer.c **** 
ARM GAS  C:\Users\honor\AppData\Local\Temp\ccTZt7Qd.s 			page 15


 525              		.loc 1 53 20 view .LVU131
 526 0022 084B     		ldr	r3, .L52
 527 0024 1860     		str	r0, [r3]
  56:hal_bsp/hal/driver/buzzer/buzzer.c ****     voice_msg.msg[VOICE_MSG_MAX_LENGTH - 1] = '\0';
 528              		.loc 1 56 5 is_stmt 1 view .LVU132
 529 0026 7F22     		movs	r2, #127
 530 0028 2146     		mov	r1, r4
 531 002a 6846     		mov	r0, sp
 532 002c FFF7FEFF 		bl	strncpy
 533              	.LVL40:
  57:hal_bsp/hal/driver/buzzer/buzzer.c **** 
 534              		.loc 1 57 5 view .LVU133
  57:hal_bsp/hal/driver/buzzer/buzzer.c **** 
 535              		.loc 1 57 45 is_stmt 0 view .LVU134
 536 0030 0023     		movs	r3, #0
 537 0032 8DF87F30 		strb	r3, [sp, #127]
  60:hal_bsp/hal/driver/buzzer/buzzer.c ****         return false;
 538              		.loc 1 60 5 is_stmt 1 view .LVU135
  60:hal_bsp/hal/driver/buzzer/buzzer.c ****         return false;
 539              		.loc 1 60 10 is_stmt 0 view .LVU136
 540 0036 6946     		mov	r1, sp
 541 0038 0348     		ldr	r0, .L52+4
 542 003a FFF7FEFF 		bl	voice_queue_send
 543              	.LVL41:
 544 003e ECE7     		b	.L44
 545              	.LVL42:
 546              	.L45:
 547              	.LCFI13:
 548              		.cfi_def_cfa_offset 0
 549              		.cfi_restore 4
 550              		.cfi_restore 14
  43:hal_bsp/hal/driver/buzzer/buzzer.c ****     }
 551              		.loc 1 43 16 view .LVU137
 552 0040 0020     		movs	r0, #0
 553              	.LVL43:
  65:hal_bsp/hal/driver/buzzer/buzzer.c **** 
 554              		.loc 1 65 1 view .LVU138
 555 0042 7047     		bx	lr
 556              	.L53:
 557              		.align	2
 558              	.L52:
 559 0044 00000000 		.word	.LANCHOR2
 560 0048 00000000 		.word	.LANCHOR0
 561              		.cfi_endproc
 562              	.LFE240:
 564              		.section	.text.bsp_voice_loop_process,"ax",%progbits
 565              		.align	1
 566              		.global	bsp_voice_loop_process
 567              		.syntax unified
 568              		.thumb
 569              		.thumb_func
 571              	bsp_voice_loop_process:
 572              	.LFB241:
  71:hal_bsp/hal/driver/buzzer/buzzer.c **** 
 573              		.loc 1 71 35 is_stmt 1 view -0
 574              		.cfi_startproc
 575              		@ args = 0, pretend = 0, frame = 256
ARM GAS  C:\Users\honor\AppData\Local\Temp\ccTZt7Qd.s 			page 16


 576              		@ frame_needed = 0, uses_anonymous_args = 0
  73:hal_bsp/hal/driver/buzzer/buzzer.c ****         return;
 577              		.loc 1 73 5 view .LVU140
  73:hal_bsp/hal/driver/buzzer/buzzer.c ****         return;
 578              		.loc 1 73 22 is_stmt 0 view .LVU141
 579 0000 1B4B     		ldr	r3, .L63
 580 0002 1B68     		ldr	r3, [r3]
  73:hal_bsp/hal/driver/buzzer/buzzer.c ****         return;
 581              		.loc 1 73 8 view .LVU142
 582 0004 002B     		cmp	r3, #0
 583 0006 31D0     		beq	.L59
  71:hal_bsp/hal/driver/buzzer/buzzer.c **** 
 584              		.loc 1 71 35 view .LVU143
 585 0008 00B5     		push	{lr}
 586              	.LCFI14:
 587              		.cfi_def_cfa_offset 4
 588              		.cfi_offset 14, -4
 589 000a C1B0     		sub	sp, sp, #260
 590              	.LCFI15:
 591              		.cfi_def_cfa_offset 264
  77:hal_bsp/hal/driver/buzzer/buzzer.c ****     char send_buf[128] = {0};
 592              		.loc 1 77 5 is_stmt 1 view .LVU144
  78:hal_bsp/hal/driver/buzzer/buzzer.c ****     static uint32_t last_send_time = 0;
 593              		.loc 1 78 5 view .LVU145
  78:hal_bsp/hal/driver/buzzer/buzzer.c ****     static uint32_t last_send_time = 0;
 594              		.loc 1 78 10 is_stmt 0 view .LVU146
 595 000c 0021     		movs	r1, #0
 596 000e 0091     		str	r1, [sp]
 597 0010 7C22     		movs	r2, #124
 598 0012 01A8     		add	r0, sp, #4
 599 0014 FFF7FEFF 		bl	memset
 600              	.LVL44:
  79:hal_bsp/hal/driver/buzzer/buzzer.c ****     // 检查队列是否有消息
 601              		.loc 1 79 5 is_stmt 1 view .LVU147
  81:hal_bsp/hal/driver/buzzer/buzzer.c ****         // 从队列接收语音消息
 602              		.loc 1 81 5 view .LVU148
  81:hal_bsp/hal/driver/buzzer/buzzer.c ****         // 从队列接收语音消息
 603              		.loc 1 81 10 is_stmt 0 view .LVU149
 604 0018 1648     		ldr	r0, .L63+4
 605 001a FFF7FEFF 		bl	voice_queue_is_empty
 606              	.LVL45:
  81:hal_bsp/hal/driver/buzzer/buzzer.c ****         // 从队列接收语音消息
 607              		.loc 1 81 8 view .LVU150
 608 001e 10B1     		cbz	r0, .L62
 609              	.L54:
  92:hal_bsp/hal/driver/buzzer/buzzer.c **** 
 610              		.loc 1 92 1 view .LVU151
 611 0020 41B0     		add	sp, sp, #260
 612              	.LCFI16:
 613              		.cfi_remember_state
 614              		.cfi_def_cfa_offset 4
 615              		@ sp needed
 616 0022 5DF804FB 		ldr	pc, [sp], #4
 617              	.L62:
 618              	.LCFI17:
 619              		.cfi_restore_state
  81:hal_bsp/hal/driver/buzzer/buzzer.c ****         // 从队列接收语音消息
ARM GAS  C:\Users\honor\AppData\Local\Temp\ccTZt7Qd.s 			page 17


 620              		.loc 1 81 51 discriminator 1 view .LVU152
 621 0026 FFF7FEFF 		bl	HAL_GetTick
 622              	.LVL46:
  81:hal_bsp/hal/driver/buzzer/buzzer.c ****         // 从队列接收语音消息
 623              		.loc 1 81 65 discriminator 1 view .LVU153
 624 002a 134B     		ldr	r3, .L63+8
 625 002c 1B68     		ldr	r3, [r3]
 626 002e C01A     		subs	r0, r0, r3
  81:hal_bsp/hal/driver/buzzer/buzzer.c ****         // 从队列接收语音消息
 627              		.loc 1 81 47 discriminator 1 view .LVU154
 628 0030 B0F5FA6F 		cmp	r0, #2000
 629 0034 F4D3     		bcc	.L54
  83:hal_bsp/hal/driver/buzzer/buzzer.c ****             // 生成语音命令
 630              		.loc 1 83 9 is_stmt 1 view .LVU155
  83:hal_bsp/hal/driver/buzzer/buzzer.c ****             // 生成语音命令
 631              		.loc 1 83 13 is_stmt 0 view .LVU156
 632 0036 20A9     		add	r1, sp, #128
 633 0038 0E48     		ldr	r0, .L63+4
 634 003a FFF7FEFF 		bl	voice_queue_receive
 635              	.LVL47:
  83:hal_bsp/hal/driver/buzzer/buzzer.c ****             // 生成语音命令
 636              		.loc 1 83 12 view .LVU157
 637 003e 0028     		cmp	r0, #0
 638 0040 EED0     		beq	.L54
 639              	.LBB2:
  85:hal_bsp/hal/driver/buzzer/buzzer.c **** 
 640              		.loc 1 85 13 is_stmt 1 view .LVU158
  85:hal_bsp/hal/driver/buzzer/buzzer.c **** 
 641              		.loc 1 85 76 is_stmt 0 view .LVU159
 642 0042 20A8     		add	r0, sp, #128
 643 0044 FFF7FEFF 		bl	strlen
 644              	.LVL48:
  85:hal_bsp/hal/driver/buzzer/buzzer.c **** 
 645              		.loc 1 85 28 view .LVU160
 646 0048 82B2     		uxth	r2, r0
 647 004a 20A9     		add	r1, sp, #128
 648 004c 6846     		mov	r0, sp
 649 004e FFF7FEFF 		bl	generate_voice_command
 650              	.LVL49:
  88:hal_bsp/hal/driver/buzzer/buzzer.c ****             last_send_time = HAL_GetTick();
 651              		.loc 1 88 13 is_stmt 1 view .LVU161
 652 0052 4FF47A73 		mov	r3, #1000
 653 0056 82B2     		uxth	r2, r0
 654 0058 6946     		mov	r1, sp
 655 005a 0548     		ldr	r0, .L63
 656              	.LVL50:
  88:hal_bsp/hal/driver/buzzer/buzzer.c ****             last_send_time = HAL_GetTick();
 657              		.loc 1 88 13 is_stmt 0 view .LVU162
 658 005c 0068     		ldr	r0, [r0]
 659 005e FFF7FEFF 		bl	HAL_UART_Transmit
 660              	.LVL51:
  89:hal_bsp/hal/driver/buzzer/buzzer.c ****         }
 661              		.loc 1 89 13 is_stmt 1 view .LVU163
  89:hal_bsp/hal/driver/buzzer/buzzer.c ****         }
 662              		.loc 1 89 30 is_stmt 0 view .LVU164
 663 0062 FFF7FEFF 		bl	HAL_GetTick
 664              	.LVL52:
ARM GAS  C:\Users\honor\AppData\Local\Temp\ccTZt7Qd.s 			page 18


  89:hal_bsp/hal/driver/buzzer/buzzer.c ****         }
 665              		.loc 1 89 28 view .LVU165
 666 0066 044B     		ldr	r3, .L63+8
 667 0068 1860     		str	r0, [r3]
 668 006a D9E7     		b	.L54
 669              	.L59:
 670              	.LCFI18:
 671              		.cfi_def_cfa_offset 0
 672              		.cfi_restore 14
  89:hal_bsp/hal/driver/buzzer/buzzer.c ****         }
 673              		.loc 1 89 28 view .LVU166
 674 006c 7047     		bx	lr
 675              	.L64:
 676 006e 00BF     		.align	2
 677              	.L63:
 678 0070 00000000 		.word	.LANCHOR1
 679 0074 00000000 		.word	.LANCHOR0
 680 0078 00000000 		.word	.LANCHOR3
 681              	.LBE2:
 682              		.cfi_endproc
 683              	.LFE241:
 685              		.section	.bss.g_voice_queue,"aw",%nobits
 686              		.align	2
 687              		.set	.LANCHOR0,. + 0
 690              	g_voice_queue:
 691 0000 00000000 		.space	1283
 691      00000000 
 691      00000000 
 691      00000000 
 691      00000000 
 692              		.section	.bss.last_send_time.0,"aw",%nobits
 693              		.align	2
 694              		.set	.LANCHOR3,. + 0
 697              	last_send_time.0:
 698 0000 00000000 		.space	4
 699              		.section	.bss.last_send_time.1,"aw",%nobits
 700              		.align	2
 701              		.set	.LANCHOR2,. + 0
 704              	last_send_time.1:
 705 0000 00000000 		.space	4
 706              		.section	.bss.voc_uart_ptr,"aw",%nobits
 707              		.align	2
 708              		.set	.LANCHOR1,. + 0
 711              	voc_uart_ptr:
 712 0000 00000000 		.space	4
 713              		.text
 714              	.Letext0:
 715              		.file 2 "e:\\ng_circumstance\\arm\\arm-none-eabi\\include\\machine\\_default_types.h"
 716              		.file 3 "e:\\ng_circumstance\\arm\\arm-none-eabi\\include\\sys\\_stdint.h"
 717              		.file 4 "frameworks/f407/Drivers/CMSIS/Device/ST/STM32F4xx/Include/stm32f407xx.h"
 718              		.file 5 "frameworks/f407/Drivers/STM32F4xx_HAL_Driver/Inc/stm32f4xx_hal_def.h"
 719              		.file 6 "frameworks/f407/Drivers/STM32F4xx_HAL_Driver/Inc/stm32f4xx_hal_dma.h"
 720              		.file 7 "frameworks/f407/Drivers/STM32F4xx_HAL_Driver/Inc/stm32f4xx_hal_uart.h"
 721              		.file 8 "hal_bsp/hal/driver/buzzer/buzzer.h"
 722              		.file 9 "e:\\ng_circumstance\\arm\\arm-none-eabi\\include\\string.h"
 723              		.file 10 "frameworks/f407/Drivers/STM32F4xx_HAL_Driver/Inc/stm32f4xx_hal.h"
 724              		.file 11 "<built-in>"
ARM GAS  C:\Users\honor\AppData\Local\Temp\ccTZt7Qd.s 			page 19


ARM GAS  C:\Users\honor\AppData\Local\Temp\ccTZt7Qd.s 			page 20


DEFINED SYMBOLS
                            *ABS*:00000000 buzzer.c
C:\Users\honor\AppData\Local\Temp\ccTZt7Qd.s:20     .text.voice_queue_init:00000000 $t
C:\Users\honor\AppData\Local\Temp\ccTZt7Qd.s:25     .text.voice_queue_init:00000000 voice_queue_init
C:\Users\honor\AppData\Local\Temp\ccTZt7Qd.s:64     .text.voice_queue_is_empty:00000000 $t
C:\Users\honor\AppData\Local\Temp\ccTZt7Qd.s:69     .text.voice_queue_is_empty:00000000 voice_queue_is_empty
C:\Users\honor\AppData\Local\Temp\ccTZt7Qd.s:89     .text.voice_queue_is_full:00000000 $t
C:\Users\honor\AppData\Local\Temp\ccTZt7Qd.s:94     .text.voice_queue_is_full:00000000 voice_queue_is_full
C:\Users\honor\AppData\Local\Temp\ccTZt7Qd.s:118    .text.voice_queue_send:00000000 $t
C:\Users\honor\AppData\Local\Temp\ccTZt7Qd.s:123    .text.voice_queue_send:00000000 voice_queue_send
C:\Users\honor\AppData\Local\Temp\ccTZt7Qd.s:221    .text.voice_queue_send:0000005c $d
C:\Users\honor\AppData\Local\Temp\ccTZt7Qd.s:226    .text.voice_queue_receive:00000000 $t
C:\Users\honor\AppData\Local\Temp\ccTZt7Qd.s:231    .text.voice_queue_receive:00000000 voice_queue_receive
C:\Users\honor\AppData\Local\Temp\ccTZt7Qd.s:329    .text.voice_queue_receive:0000005c $d
C:\Users\honor\AppData\Local\Temp\ccTZt7Qd.s:334    .text.generate_voice_command:00000000 $t
C:\Users\honor\AppData\Local\Temp\ccTZt7Qd.s:339    .text.generate_voice_command:00000000 generate_voice_command
C:\Users\honor\AppData\Local\Temp\ccTZt7Qd.s:420    .text.bsp_voice_init:00000000 $t
C:\Users\honor\AppData\Local\Temp\ccTZt7Qd.s:426    .text.bsp_voice_init:00000000 bsp_voice_init
C:\Users\honor\AppData\Local\Temp\ccTZt7Qd.s:462    .text.bsp_voice_init:00000014 $d
C:\Users\honor\AppData\Local\Temp\ccTZt7Qd.s:468    .text.bsp_voice_send_msg:00000000 $t
C:\Users\honor\AppData\Local\Temp\ccTZt7Qd.s:474    .text.bsp_voice_send_msg:00000000 bsp_voice_send_msg
C:\Users\honor\AppData\Local\Temp\ccTZt7Qd.s:559    .text.bsp_voice_send_msg:00000044 $d
C:\Users\honor\AppData\Local\Temp\ccTZt7Qd.s:565    .text.bsp_voice_loop_process:00000000 $t
C:\Users\honor\AppData\Local\Temp\ccTZt7Qd.s:571    .text.bsp_voice_loop_process:00000000 bsp_voice_loop_process
C:\Users\honor\AppData\Local\Temp\ccTZt7Qd.s:678    .text.bsp_voice_loop_process:00000070 $d
C:\Users\honor\AppData\Local\Temp\ccTZt7Qd.s:686    .bss.g_voice_queue:00000000 $d
C:\Users\honor\AppData\Local\Temp\ccTZt7Qd.s:690    .bss.g_voice_queue:00000000 g_voice_queue
C:\Users\honor\AppData\Local\Temp\ccTZt7Qd.s:693    .bss.last_send_time.0:00000000 $d
C:\Users\honor\AppData\Local\Temp\ccTZt7Qd.s:697    .bss.last_send_time.0:00000000 last_send_time.0
C:\Users\honor\AppData\Local\Temp\ccTZt7Qd.s:700    .bss.last_send_time.1:00000000 $d
C:\Users\honor\AppData\Local\Temp\ccTZt7Qd.s:704    .bss.last_send_time.1:00000000 last_send_time.1
C:\Users\honor\AppData\Local\Temp\ccTZt7Qd.s:707    .bss.voc_uart_ptr:00000000 $d
C:\Users\honor\AppData\Local\Temp\ccTZt7Qd.s:711    .bss.voc_uart_ptr:00000000 voc_uart_ptr

UNDEFINED SYMBOLS
memcpy
HAL_GetTick
strncpy
memset
strlen
HAL_UART_Transmit
