Archive member included to satisfy reference by file (symbol)

e:/ng_circumstance/arm/bin/../lib/gcc/arm-none-eabi/10.3.1/../../../../arm-none-eabi/lib/thumb/v7e-m+fp/hard\libc_nano.a(lib_a-errno.o)
                              build/sysmem.o (__errno)
e:/ng_circumstance/arm/bin/../lib/gcc/arm-none-eabi/10.3.1/../../../../arm-none-eabi/lib/thumb/v7e-m+fp/hard\libc_nano.a(lib_a-exit.o)
                              e:/ng_circumstance/arm/bin/../lib/gcc/arm-none-eabi/10.3.1/../../../../arm-none-eabi/lib/thumb/v7e-m+fp/hard/crt0.o (exit)
e:/ng_circumstance/arm/bin/../lib/gcc/arm-none-eabi/10.3.1/../../../../arm-none-eabi/lib/thumb/v7e-m+fp/hard\libc_nano.a(lib_a-impure.o)
                              e:/ng_circumstance/arm/bin/../lib/gcc/arm-none-eabi/10.3.1/../../../../arm-none-eabi/lib/thumb/v7e-m+fp/hard\libc_nano.a(lib_a-exit.o) (_global_impure_ptr)
e:/ng_circumstance/arm/bin/../lib/gcc/arm-none-eabi/10.3.1/../../../../arm-none-eabi/lib/thumb/v7e-m+fp/hard\libc_nano.a(lib_a-init.o)
                              e:/ng_circumstance/arm/bin/../lib/gcc/arm-none-eabi/10.3.1/../../../../arm-none-eabi/lib/thumb/v7e-m+fp/hard/crt0.o (__libc_init_array)
e:/ng_circumstance/arm/bin/../lib/gcc/arm-none-eabi/10.3.1/../../../../arm-none-eabi/lib/thumb/v7e-m+fp/hard\libc_nano.a(lib_a-memcpy-stub.o)
                              build/queue.o (memcpy)
e:/ng_circumstance/arm/bin/../lib/gcc/arm-none-eabi/10.3.1/../../../../arm-none-eabi/lib/thumb/v7e-m+fp/hard\libc_nano.a(lib_a-memset.o)
                              e:/ng_circumstance/arm/bin/../lib/gcc/arm-none-eabi/10.3.1/../../../../arm-none-eabi/lib/thumb/v7e-m+fp/hard/crt0.o (memset)
e:/ng_circumstance/arm/bin/../lib/gcc/arm-none-eabi/10.3.1/../../../../arm-none-eabi/lib/thumb/v7e-m+fp/hard\libc_nano.a(lib_a-nano-vfprintf_float.o)
                              build/robot_cmd.o (_printf_float)
e:/ng_circumstance/arm/bin/../lib/gcc/arm-none-eabi/10.3.1/../../../../arm-none-eabi/lib/thumb/v7e-m+fp/hard\libc_nano.a(lib_a-nano-vfprintf_i.o)
                              e:/ng_circumstance/arm/bin/../lib/gcc/arm-none-eabi/10.3.1/../../../../arm-none-eabi/lib/thumb/v7e-m+fp/hard\libc_nano.a(lib_a-nano-vfprintf_float.o) (_printf_common)
e:/ng_circumstance/arm/bin/../lib/gcc/arm-none-eabi/10.3.1/../../../../arm-none-eabi/lib/thumb/v7e-m+fp/hard\libc_nano.a(lib_a-printf.o)
                              build/robot_cmd.o (printf)
e:/ng_circumstance/arm/bin/../lib/gcc/arm-none-eabi/10.3.1/../../../../arm-none-eabi/lib/thumb/v7e-m+fp/hard\libc_nano.a(lib_a-putchar.o)
                              build/sbus_ht10a.o (putchar)
e:/ng_circumstance/arm/bin/../lib/gcc/arm-none-eabi/10.3.1/../../../../arm-none-eabi/lib/thumb/v7e-m+fp/hard\libc_nano.a(lib_a-puts.o)
                              build/sbus_ht10a.o (puts)
e:/ng_circumstance/arm/bin/../lib/gcc/arm-none-eabi/10.3.1/../../../../arm-none-eabi/lib/thumb/v7e-m+fp/hard\libc_nano.a(lib_a-strlen.o)
                              e:/ng_circumstance/arm/bin/../lib/gcc/arm-none-eabi/10.3.1/../../../../arm-none-eabi/lib/thumb/v7e-m+fp/hard\libc_nano.a(lib_a-nano-vfprintf_float.o) (strlen)
e:/ng_circumstance/arm/bin/../lib/gcc/arm-none-eabi/10.3.1/../../../../arm-none-eabi/lib/thumb/v7e-m+fp/hard\libc_nano.a(lib_a-wbuf.o)
                              e:/ng_circumstance/arm/bin/../lib/gcc/arm-none-eabi/10.3.1/../../../../arm-none-eabi/lib/thumb/v7e-m+fp/hard\libc_nano.a(lib_a-puts.o) (__swbuf_r)
e:/ng_circumstance/arm/bin/../lib/gcc/arm-none-eabi/10.3.1/../../../../arm-none-eabi/lib/thumb/v7e-m+fp/hard\libc_nano.a(lib_a-wsetup.o)
                              e:/ng_circumstance/arm/bin/../lib/gcc/arm-none-eabi/10.3.1/../../../../arm-none-eabi/lib/thumb/v7e-m+fp/hard\libc_nano.a(lib_a-puts.o) (__swsetup_r)
e:/ng_circumstance/arm/bin/../lib/gcc/arm-none-eabi/10.3.1/../../../../arm-none-eabi/lib/thumb/v7e-m+fp/hard\libc_nano.a(lib_a-dtoa.o)
                              e:/ng_circumstance/arm/bin/../lib/gcc/arm-none-eabi/10.3.1/../../../../arm-none-eabi/lib/thumb/v7e-m+fp/hard\libc_nano.a(lib_a-nano-vfprintf_float.o) (_dtoa_r)
e:/ng_circumstance/arm/bin/../lib/gcc/arm-none-eabi/10.3.1/../../../../arm-none-eabi/lib/thumb/v7e-m+fp/hard\libc_nano.a(lib_a-fflush.o)
                              e:/ng_circumstance/arm/bin/../lib/gcc/arm-none-eabi/10.3.1/../../../../arm-none-eabi/lib/thumb/v7e-m+fp/hard\libc_nano.a(lib_a-wbuf.o) (_fflush_r)
e:/ng_circumstance/arm/bin/../lib/gcc/arm-none-eabi/10.3.1/../../../../arm-none-eabi/lib/thumb/v7e-m+fp/hard\libc_nano.a(lib_a-findfp.o)
                              e:/ng_circumstance/arm/bin/../lib/gcc/arm-none-eabi/10.3.1/../../../../arm-none-eabi/lib/thumb/v7e-m+fp/hard\libc_nano.a(lib_a-printf.o) (__sinit)
e:/ng_circumstance/arm/bin/../lib/gcc/arm-none-eabi/10.3.1/../../../../arm-none-eabi/lib/thumb/v7e-m+fp/hard\libc_nano.a(lib_a-fwalk.o)
[...]
Memory Configuration

Name             Origin             Length             Attributes
RAM              0x20000000         0x00020000         xrw
CCMRAM           0x10000000         0x00010000         xrw
FLASH            0x08000000         0x00080000         xr
*default*        0x00000000         0xffffffff

Linker script and memory map

LOAD e:/ng_circumstance/arm/bin/../lib/gcc/arm-none-eabi/10.3.1/thumb/v7e-m+fp/hard/crti.o
LOAD e:/ng_circumstance/arm/bin/../lib/gcc/arm-none-eabi/10.3.1/thumb/v7e-m+fp/hard/crtbegin.o
LOAD e:/ng_circumstance/arm/bin/../lib/gcc/arm-none-eabi/10.3.1/../../../../arm-none-eabi/lib/thumb/v7e-m+fp/hard/crt0.o
LOAD build/main.o
LOAD build/gpio.o
LOAD build/freertos.o
LOAD build/stm32f4xx_it.o
LOAD build/stm32f4xx_hal_msp.o
LOAD build/stm32f4xx_hal_timebase_tim.o
LOAD build/stm32f4xx_hal_rcc.o
LOAD build/stm32f4xx_hal_rcc_ex.o
LOAD build/stm32f4xx_hal_flash.o
LOAD build/stm32f4xx_hal_flash_ex.o
LOAD build/stm32f4xx_hal_flash_ramfunc.o
LOAD build/stm32f4xx_hal_gpio.o
LOAD build/stm32f4xx_hal_dma_ex.o
LOAD build/stm32f4xx_hal_dma.o
LOAD build/stm32f4xx_hal_pwr.o
LOAD build/stm32f4xx_hal_pwr_ex.o
LOAD build/stm32f4xx_hal_cortex.o
LOAD build/stm32f4xx_hal.o
LOAD build/stm32f4xx_hal_exti.o
LOAD build/stm32f4xx_hal_tim.o
LOAD build/stm32f4xx_hal_tim_ex.o
LOAD build/system_stm32f4xx.o
LOAD build/croutine.o
LOAD build/event_groups.o
LOAD build/list.o
LOAD build/queue.o
LOAD build/stream_buffer.o
LOAD build/tasks.o
LOAD build/timers.o
LOAD build/cmsis_os2.o
LOAD build/heap_4.o
LOAD build/port.o
LOAD build/sysmem.o
LOAD build/syscalls.o
LOAD build/usart.o
LOAD build/stm32f4xx_hal_uart.o
LOAD build/dma.o
LOAD build/adc.o
LOAD build/can.o
LOAD build/i2c.o
LOAD build/spi.o
LOAD build/tim.o
LOAD build/stm32f4xx_hal_adc.o
LOAD build/stm32f4xx_hal_adc_ex.o
LOAD build/stm32f4xx_ll_adc.o
LOAD build/stm32f4xx_hal_can.o
LOAD build/stm32f4xx_hal_i2c.o
LOAD build/stm32f4xx_hal_i2c_ex.o
LOAD build/stm32f4xx_hal_spi.o
LOAD build/app.o
LOAD build/hal.o
LOAD build/bsp.o
LOAD build/robot_cmd.o
LOAD build/ax_oled_1305.o
LOAD build/sbus_ht10a.o
LOAD build/startup_stm32f407xx.o
LOAD e:/ng_circumstance/arm/bin/../lib/gcc/arm-none-eabi/10.3.1/../../../../arm-none-eabi/lib/thumb/v7e-m+fp/hard\libc_nano.a
LOAD e:/ng_circumstance/arm/bin/../lib/gcc/arm-none-eabi/10.3.1/../../../../arm-none-eabi/lib/thumb/v7e-m+fp/hard\libm.a
LOAD e:/ng_circumstance/arm/bin/../lib/gcc/arm-none-eabi/10.3.1/../../../../arm-none-eabi/lib/thumb/v7e-m+fp/hard\libnosys.a
START GROUP
LOAD e:/ng_circumstance/arm/bin/../lib/gcc/arm-none-eabi/10.3.1/thumb/v7e-m+fp/hard\libgcc.a
LOAD e:/ng_circumstance/arm/bin/../lib/gcc/arm-none-eabi/10.3.1/../../../../arm-none-eabi/lib/thumb/v7e-m+fp/hard\libc_nano.a
END GROUP
START GROUP
LOAD e:/ng_circumstance/arm/bin/../lib/gcc/arm-none-eabi/10.3.1/thumb/v7e-m+fp/hard\libgcc.a
LOAD e:/ng_circumstance/arm/bin/../lib/gcc/arm-none-eabi/10.3.1/../../../../arm-none-eabi/lib/thumb/v7e-m+fp/hard\libc_nano.a
END GROUP
LOAD e:/ng_circumstance/arm/bin/../lib/gcc/arm-none-eabi/10.3.1/thumb/v7e-m+fp/hard/crtend.o
LOAD e:/ng_circumstance/arm/bin/../lib/gcc/arm-none-eabi/10.3.1/thumb/v7e-m+fp/hard/crtn.o
                0x20020000                _estack = (ORIGIN (RAM) + LENGTH (RAM))
                0x00000200                _Min_Heap_Size = 0x200
                0x00000400                _Min_Stack_Size = 0x400

.isr_vector     0x08000000      0x188
                0x08000000                . = ALIGN (0x4)
 *(.isr_vector)
 .isr_vector    0x08000000      0x188 build/startup_stm32f407xx.o
                0x08000000                g_pfnVectors
                0x08000188                . = ALIGN (0x4)

.text           0x08000190     0x9938
                0x08000190                . = ALIGN (0x4)
 *(.text)
 .text          0x08000190       0x40 e:/ng_circumstance/arm/bin/../lib/gcc/arm-none-eabi/10.3.1/thumb/v7e-m+fp/hard/crtbegin.o
 .text          0x080001d0       0x10 e:/ng_circumstance/arm/bin/../lib/gcc/arm-none-eabi/10.3.1/../../../../arm-none-eabi/lib/thumb/v7e-m+fp/hard\libc_nano.a(lib_a-strlen.o)
                0x080001d0                strlen
 .text          0x080001e0       0xa0 e:/ng_circumstance/arm/bin/../lib/gcc/arm-none-eabi/10.3.1/../../../../arm-none-eabi/lib/thumb/v7e-m+fp/hard\libc_nano.a(lib_a-memchr.o)
                0x080001e0                memchr
 .text          0x08000280      0x378 e:/ng_circumstance/arm/bin/../lib/gcc/arm-none-eabi/10.3.1/thumb/v7e-m+fp/hard\libgcc.a(_arm_addsubdf3.o)
                0x08000280                __aeabi_drsub
                0x08000288                __aeabi_dsub
                0x08000288                __subdf3
                0x0800028c                __aeabi_dadd
                0x0800028c                __adddf3
                0x08000504                __floatunsidf
                0x08000504                __aeabi_ui2d
                0x08000524                __floatsidf
                0x08000524                __aeabi_i2d
                0x08000548                __aeabi_f2d
                0x08000548                __extendsfdf2
                0x0800058c                __floatundidf
                0x0800058c                __aeabi_ul2d
                0x0800059c                __floatdidf
                0x0800059c                __aeabi_l2d
 .text          0x080005f8      0x424 e:/ng_circumstance/arm/bin/../lib/gcc/arm-none-eabi/10.3.1/thumb/v7e-m+fp/hard\libgcc.a(_arm_muldivdf3.o)
                0x080005f8                __aeabi_dmul
                0x080005f8                __muldf3
                0x0800084c                __divdf3
                0x0800084c                __aeabi_ddiv
 .text          0x08000a1c      0x110 e:/ng_circumstance/arm/bin/../lib/gcc/arm-none-eabi/10.3.1/thumb/v7e-m+fp/hard\libgcc.a(_arm_cmpdf2.o)
                0x08000a1c                __gtdf2
                0x08000a1c                __gedf2
                0x08000a24                __ltdf2
                0x08000a24                __ledf2
                0x08000a2c                __nedf2
                0x08000a2c                __eqdf2
                0x08000a2c                __cmpdf2
                0x08000aa8                __aeabi_cdrcmple
                0x08000ab8                __aeabi_cdcmpeq
                0x08000ab8                __aeabi_cdcmple
                0x08000ac8                __aeabi_dcmpeq
                0x08000adc                __aeabi_dcmplt
                0x08000af0                __aeabi_dcmple
                0x08000b04                __aeabi_dcmpge
                0x08000b18                __aeabi_dcmpgt
 .text          0x08000b2c       0x2c e:/ng_circumstance/arm/bin/../lib/gcc/arm-none-eabi/10.3.1/thumb/v7e-m+fp/hard\libgcc.a(_arm_unorddf2.o)
                0x08000b2c                __unorddf2
                0x08000b2c                __aeabi_dcmpun
 .text          0x08000b58       0x50 e:/ng_circumstance/arm/bin/../lib/gcc/arm-none-eabi/10.3.1/thumb/v7e-m+fp/hard\libgcc.a(_arm_fixdfsi.o)
                0x08000b58                __aeabi_d2iz
                0x08000b58                __fixdfsi
 .text          0x08000ba8       0x30 e:/ng_circumstance/arm/bin/../lib/gcc/arm-none-eabi/10.3.1/thumb/v7e-m+fp/hard\libgcc.a(_aeabi_uldivmod.o)
                0x08000ba8                __aeabi_uldivmod
 .text          0x08000bd8      0x2d0 e:/ng_circumstance/arm/bin/../lib/gcc/arm-none-eabi/10.3.1/thumb/v7e-m+fp/hard\libgcc.a(_udivmoddi4.o)
                0x08000bd8                __udivmoddi4
 .text          0x08000ea8        0x4 e:/ng_circumstance/arm/bin/../lib/gcc/arm-none-eabi/10.3.1/thumb/v7e-m+fp/hard\libgcc.a(_dvmd_tls.o)
                0x08000ea8                __aeabi_idiv0
                0x08000ea8                __aeabi_ldiv0
 *(.text*)
 .text.HAL_TIM_PeriodElapsedCallback
                0x08000eac       0x18 build/main.o
                0x08000eac                HAL_TIM_PeriodElapsedCallback
 .text.Error_Handler
                0x08000ec4        0x4 build/main.o
                0x08000ec4                Error_Handler
 .text.SystemClock_Config
                0x08000ec8       0xa4 build/main.o
                0x08000ec8                SystemClock_Config
 .text.main     0x08000f6c       0x68 build/main.o
                0x08000f6c                main
 .text.MX_GPIO_Init
                0x08000fd4      0x110 build/gpio.o
                0x08000fd4                MX_GPIO_Init
 .text.StartDefaultTask
                0x080010e4        0xe build/freertos.o
                0x080010e4                StartDefaultTask
 .text.StartTask03
                0x080010f2        0xa build/freertos.o
                0x080010f2                StartTask03
 .text.StartTask04
                0x080010fc        0xa build/freertos.o
                0x080010fc                StartTask04
 .text.StartTask02
                0x08001106        0xe build/freertos.o
                0x08001106                StartTask02
 .text.MX_FREERTOS_Init
                0x08001114       0x6c build/freertos.o
                0x08001114                MX_FREERTOS_Init
 .text.NMI_Handler
                0x08001180        0x2 build/stm32f4xx_it.o
                0x08001180                NMI_Handler
 .text.HardFault_Handler
                0x08001182        0x2 build/stm32f4xx_it.o
                0x08001182                HardFault_Handler
 .text.MemManage_Handler
                0x08001184        0x2 build/stm32f4xx_it.o
                0x08001184                MemManage_Handler
 .text.BusFault_Handler
                0x08001186        0x2 build/stm32f4xx_it.o
                0x08001186                BusFault_Handler
 .text.UsageFault_Handler
                0x08001188        0x2 build/stm32f4xx_it.o
                0x08001188                UsageFault_Handler
 .text.DebugMon_Handler
                0x0800118a        0x2 build/stm32f4xx_it.o
                0x0800118a                DebugMon_Handler
 .text.DMA1_Stream0_IRQHandler
                0x0800118c       0x10 build/stm32f4xx_it.o
                0x0800118c                DMA1_Stream0_IRQHandler
 .text.DMA1_Stream2_IRQHandler
                0x0800119c       0x10 build/stm32f4xx_it.o
                0x0800119c                DMA1_Stream2_IRQHandler
 .text.DMA1_Stream5_IRQHandler
                0x080011ac       0x10 build/stm32f4xx_it.o
                0x080011ac                DMA1_Stream5_IRQHandler
 .text.ADC_IRQHandler
                0x080011bc       0x10 build/stm32f4xx_it.o
                0x080011bc                ADC_IRQHandler
 .text.CAN1_TX_IRQHandler
                0x080011cc       0x10 build/stm32f4xx_it.o
                0x080011cc                CAN1_TX_IRQHandler
 .text.CAN1_RX0_IRQHandler
                0x080011dc       0x10 build/stm32f4xx_it.o
                0x080011dc                CAN1_RX0_IRQHandler
 .text.CAN1_RX1_IRQHandler
                0x080011ec       0x10 build/stm32f4xx_it.o
                0x080011ec                CAN1_RX1_IRQHandler
 .text.CAN1_SCE_IRQHandler
                0x080011fc       0x10 build/stm32f4xx_it.o
                0x080011fc                CAN1_SCE_IRQHandler
 .text.TIM1_TRG_COM_TIM11_IRQHandler
                0x0800120c       0x10 build/stm32f4xx_it.o
                0x0800120c                TIM1_TRG_COM_TIM11_IRQHandler
 .text.TIM2_IRQHandler
                0x0800121c       0x10 build/stm32f4xx_it.o
                0x0800121c                TIM2_IRQHandler
 .text.TIM3_IRQHandler
                0x0800122c       0x10 build/stm32f4xx_it.o
                0x0800122c                TIM3_IRQHandler
 .text.TIM4_IRQHandler
                0x0800123c       0x10 build/stm32f4xx_it.o
                0x0800123c                TIM4_IRQHandler
 .text.USART1_IRQHandler
                0x0800124c       0x10 build/stm32f4xx_it.o
                0x0800124c                USART1_IRQHandler
 .text.USART2_IRQHandler
                0x0800125c       0x10 build/stm32f4xx_it.o
                0x0800125c                USART2_IRQHandler
 .text.USART3_IRQHandler
                0x0800126c       0x10 build/stm32f4xx_it.o
                0x0800126c                USART3_IRQHandler
 .text.TIM8_UP_TIM13_IRQHandler
                0x0800127c       0x10 build/stm32f4xx_it.o
                0x0800127c                TIM8_UP_TIM13_IRQHandler
 .text.TIM5_IRQHandler
                0x0800128c       0x10 build/stm32f4xx_it.o
                0x0800128c                TIM5_IRQHandler
 .text.UART4_IRQHandler
                0x0800129c       0x10 build/stm32f4xx_it.o
                0x0800129c                UART4_IRQHandler
 .text.UART5_IRQHandler
                0x080012ac       0x10 build/stm32f4xx_it.o
                0x080012ac                UART5_IRQHandler
 .text.DMA2_Stream2_IRQHandler
                0x080012bc       0x10 build/stm32f4xx_it.o
                0x080012bc                DMA2_Stream2_IRQHandler
 .text.CAN2_TX_IRQHandler
                0x080012cc       0x10 build/stm32f4xx_it.o
                0x080012cc                CAN2_TX_IRQHandler
 .text.CAN2_RX0_IRQHandler
                0x080012dc       0x10 build/stm32f4xx_it.o
                0x080012dc                CAN2_RX0_IRQHandler
 .text.CAN2_RX1_IRQHandler
                0x080012ec       0x10 build/stm32f4xx_it.o
                0x080012ec                CAN2_RX1_IRQHandler
 .text.CAN2_SCE_IRQHandler
                0x080012fc       0x10 build/stm32f4xx_it.o
                0x080012fc                CAN2_SCE_IRQHandler
 .text.HAL_MspInit
                0x0800130c       0x44 build/stm32f4xx_hal_msp.o
                0x0800130c                HAL_MspInit
 .text.HAL_InitTick
                0x08001350       0x98 build/stm32f4xx_hal_timebase_tim.o
                0x08001350                HAL_InitTick
 .text.HAL_RCC_OscConfig
                0x080013e8      0x3f8 build/stm32f4xx_hal_rcc.o
                0x080013e8                HAL_RCC_OscConfig
 .text.HAL_RCC_GetSysClockFreq
                0x080017e0       0xa4 build/stm32f4xx_hal_rcc.o
                0x080017e0                HAL_RCC_GetSysClockFreq
 .text.HAL_RCC_ClockConfig
                0x08001884      0x160 build/stm32f4xx_hal_rcc.o
                0x08001884                HAL_RCC_ClockConfig
 .text.HAL_RCC_GetHCLKFreq
                0x080019e4        0xc build/stm32f4xx_hal_rcc.o
                0x080019e4                HAL_RCC_GetHCLKFreq
 .text.HAL_RCC_GetPCLK1Freq
                0x080019f0       0x20 build/stm32f4xx_hal_rcc.o
                0x080019f0                HAL_RCC_GetPCLK1Freq
 .text.HAL_RCC_GetPCLK2Freq
                0x08001a10       0x20 build/stm32f4xx_hal_rcc.o
                0x08001a10                HAL_RCC_GetPCLK2Freq
 .text.HAL_RCC_GetClockConfig
                0x08001a30       0x3c build/stm32f4xx_hal_rcc.o
                0x08001a30                HAL_RCC_GetClockConfig
 .text.HAL_GPIO_Init
                0x08001a6c      0x1e4 build/stm32f4xx_hal_gpio.o
                0x08001a6c                HAL_GPIO_Init
 .text.HAL_GPIO_WritePin
                0x08001c50        0xc build/stm32f4xx_hal_gpio.o
                0x08001c50                HAL_GPIO_WritePin
 .text.DMA_SetConfig
                0x08001c5c       0x2c build/stm32f4xx_hal_dma.o
 .text.DMA_CalcBaseAndBitshift
                0x08001c88       0x44 build/stm32f4xx_hal_dma.o
 .text.DMA_CheckFifoParam
                0x08001ccc       0x8e build/stm32f4xx_hal_dma.o
 *fill*         0x08001d5a        0x2 
 .text.HAL_DMA_Init
                0x08001d5c       0xcc build/stm32f4xx_hal_dma.o
                0x08001d5c                HAL_DMA_Init
 .text.HAL_DMA_Start_IT
                0x08001e28       0x6a build/stm32f4xx_hal_dma.o
                0x08001e28                HAL_DMA_Start_IT
 .text.HAL_DMA_Abort
                0x08001e92       0x94 build/stm32f4xx_hal_dma.o
                0x08001e92                HAL_DMA_Abort
 .text.HAL_DMA_Abort_IT
                0x08001f26       0x26 build/stm32f4xx_hal_dma.o
                0x08001f26                HAL_DMA_Abort_IT
 .text.HAL_DMA_IRQHandler
                0x08001f4c      0x1dc build/stm32f4xx_hal_dma.o
                0x08001f4c                HAL_DMA_IRQHandler
 .text.HAL_NVIC_SetPriorityGrouping
                0x08002128       0x24 build/stm32f4xx_hal_cortex.o
                0x08002128                HAL_NVIC_SetPriorityGrouping
 .text.HAL_NVIC_SetPriority
                0x0800214c       0x70 build/stm32f4xx_hal_cortex.o
                0x0800214c                HAL_NVIC_SetPriority
 .text.HAL_NVIC_EnableIRQ
                0x080021bc       0x1c build/stm32f4xx_hal_cortex.o
                0x080021bc                HAL_NVIC_EnableIRQ
 .text.HAL_Init
                0x080021d8       0x34 build/stm32f4xx_hal.o
                0x080021d8                HAL_Init
 .text.HAL_IncTick
                0x0800220c       0x18 build/stm32f4xx_hal.o
                0x0800220c                HAL_IncTick
 .text.HAL_GetTick
                0x08002224        0xc build/stm32f4xx_hal.o
                0x08002224                HAL_GetTick
 .text.TIM_OC1_SetConfig
                0x08002230       0x68 build/stm32f4xx_hal_tim.o
 .text.TIM_OC3_SetConfig
                0x08002298       0x70 build/stm32f4xx_hal_tim.o
 .text.TIM_OC4_SetConfig
                0x08002308       0x50 build/stm32f4xx_hal_tim.o
 .text.TIM_TI1_ConfigInputStage
                0x08002358       0x26 build/stm32f4xx_hal_tim.o
 .text.TIM_TI2_ConfigInputStage
                0x0800237e       0x28 build/stm32f4xx_hal_tim.o
 .text.TIM_ITRx_SetConfig
                0x080023a6       0x10 build/stm32f4xx_hal_tim.o
 *fill*         0x080023b6        0x2 
 .text.HAL_TIM_Base_Start_IT
                0x080023b8       0x88 build/stm32f4xx_hal_tim.o
                0x080023b8                HAL_TIM_Base_Start_IT
 .text.HAL_TIM_PWM_MspInit
                0x08002440        0x2 build/stm32f4xx_hal_tim.o
                0x08002440                HAL_TIM_PWM_MspInit
 .text.HAL_TIM_OC_DelayElapsedCallback
                0x08002442        0x2 build/stm32f4xx_hal_tim.o
                0x08002442                HAL_TIM_OC_DelayElapsedCallback
 .text.HAL_TIM_IC_CaptureCallback
                0x08002444        0x2 build/stm32f4xx_hal_tim.o
                0x08002444                HAL_TIM_IC_CaptureCallback
 .text.HAL_TIM_PWM_PulseFinishedCallback
                0x08002446        0x2 build/stm32f4xx_hal_tim.o
                0x08002446                HAL_TIM_PWM_PulseFinishedCallback
 .text.HAL_TIM_TriggerCallback
                0x08002448        0x2 build/stm32f4xx_hal_tim.o
                0x08002448                HAL_TIM_TriggerCallback
 .text.HAL_TIM_IRQHandler
                0x0800244a      0x15e build/stm32f4xx_hal_tim.o
                0x0800244a                HAL_TIM_IRQHandler
 .text.TIM_Base_SetConfig
                0x080025a8       0xd0 build/stm32f4xx_hal_tim.o
                0x080025a8                TIM_Base_SetConfig
 .text.HAL_TIM_Base_Init
                0x08002678       0x58 build/stm32f4xx_hal_tim.o
                0x08002678                HAL_TIM_Base_Init
 .text.HAL_TIM_PWM_Init
                0x080026d0       0x58 build/stm32f4xx_hal_tim.o
                0x080026d0                HAL_TIM_PWM_Init
 .text.HAL_TIM_Encoder_Init
                0x08002728       0xb6 build/stm32f4xx_hal_tim.o
                0x08002728                HAL_TIM_Encoder_Init
 *fill*         0x080027de        0x2 
 .text.TIM_OC2_SetConfig
                0x080027e0       0x70 build/stm32f4xx_hal_tim.o
                0x080027e0                TIM_OC2_SetConfig
 .text.HAL_TIM_PWM_ConfigChannel
                0x08002850       0xdc build/stm32f4xx_hal_tim.o
                0x08002850                HAL_TIM_PWM_ConfigChannel
 .text.TIM_ETR_SetConfig
                0x0800292c       0x1a build/stm32f4xx_hal_tim.o
                0x0800292c                TIM_ETR_SetConfig
 .text.HAL_TIM_ConfigClockSource
                0x08002946       0xfe build/stm32f4xx_hal_tim.o
                0x08002946                HAL_TIM_ConfigClockSource
 .text.HAL_TIMEx_MasterConfigSynchronization
                0x08002a44       0x8c build/stm32f4xx_hal_tim_ex.o
                0x08002a44                HAL_TIMEx_MasterConfigSynchronization
 .text.HAL_TIMEx_ConfigBreakDeadTime
                0x08002ad0       0x52 build/stm32f4xx_hal_tim_ex.o
                0x08002ad0                HAL_TIMEx_ConfigBreakDeadTime
 .text.HAL_TIMEx_CommutCallback
                0x08002b22        0x2 build/stm32f4xx_hal_tim_ex.o
                0x08002b22                HAL_TIMEx_CommutCallback
 .text.HAL_TIMEx_BreakCallback
                0x08002b24        0x2 build/stm32f4xx_hal_tim_ex.o
                0x08002b24                HAL_TIMEx_BreakCallback
 *fill*         0x08002b26        0x2 
 .text.SystemInit
                0x08002b28       0x14 build/system_stm32f4xx.o
                0x08002b28                SystemInit
 .text.vListInitialise
                0x08002b3c       0x16 build/list.o
                0x08002b3c                vListInitialise
 .text.vListInitialiseItem
                0x08002b52        0x6 build/list.o
                0x08002b52                vListInitialiseItem
 .text.vListInsertEnd
                0x08002b58       0x16 build/list.o
                0x08002b58                vListInsertEnd
 .text.vListInsert
                0x08002b6e       0x32 build/list.o
                0x08002b6e                vListInsert
 .text.uxListRemove
                0x08002ba0       0x26 build/list.o
                0x08002ba0                uxListRemove
 .text.prvIsQueueFull
                0x08002bc6       0x1e build/queue.o
 .text.prvIsQueueEmpty
                0x08002be4       0x1a build/queue.o
 .text.prvCopyDataToQueue
                0x08002bfe       0x76 build/queue.o
 .text.prvCopyDataFromQueue
                0x08002c74       0x24 build/queue.o
 .text.prvUnlockQueue
                0x08002c98       0x6e build/queue.o
 .text.xQueueGenericReset
                0x08002d06       0x84 build/queue.o
                0x08002d06                xQueueGenericReset
 .text.prvInitialiseNewQueue
                0x08002d8a       0x22 build/queue.o
 .text.xQueueGenericCreateStatic
                0x08002dac       0x94 build/queue.o
                0x08002dac                xQueueGenericCreateStatic
 .text.xQueueGenericSend
                0x08002e40      0x188 build/queue.o
                0x08002e40                xQueueGenericSend
 .text.xQueueGenericSendFromISR
                0x08002fc8       0xce build/queue.o
                0x08002fc8                xQueueGenericSendFromISR
 .text.xQueueReceive
                0x08003096      0x15e build/queue.o
                0x08003096                xQueueReceive
 .text.vQueueAddToRegistry
                0x080031f4       0x28 build/queue.o
                0x080031f4                vQueueAddToRegistry
 .text.vQueueWaitForMessageRestricted
                0x0800321c       0x52 build/queue.o
                0x0800321c                vQueueWaitForMessageRestricted
 *fill*         0x0800326e        0x2 
 .text.prvResetNextTaskUnblockTime
                0x08003270       0x2c build/tasks.o
 .text.prvInitialiseNewTask
                0x0800329c       0xa6 build/tasks.o
 *fill*         0x08003342        0x2 
 .text.prvInitialiseTaskLists
                0x08003344       0x68 build/tasks.o
 .text.prvAddNewTaskToReadyList
                0x080033ac       0xac build/tasks.o
 .text.prvDeleteTCB
                0x08003458       0x38 build/tasks.o
 .text.prvCheckTasksWaitingTermination
                0x08003490       0x4c build/tasks.o
 .text.prvIdleTask
                0x080034dc       0x28 build/tasks.o
 .text.prvAddCurrentTaskToDelayedList
                0x08003504       0x7c build/tasks.o
 .text.xTaskCreateStatic
                0x08003580       0x76 build/tasks.o
                0x08003580                xTaskCreateStatic
 .text.xTaskCreate
                0x080035f6       0x68 build/tasks.o
                0x080035f6                xTaskCreate
 *fill*         0x0800365e        0x2 
 .text.vTaskStartScheduler
                0x08003660       0x9c build/tasks.o
                0x08003660                vTaskStartScheduler
 .text.vTaskSuspendAll
                0x080036fc       0x10 build/tasks.o
                0x080036fc                vTaskSuspendAll
 .text.xTaskGetTickCount
                0x0800370c        0xc build/tasks.o
                0x0800370c                xTaskGetTickCount
 .text.xTaskIncrementTick
                0x08003718      0x118 build/tasks.o
                0x08003718                xTaskIncrementTick
 .text.xTaskResumeAll
                0x08003830       0xf8 build/tasks.o
                0x08003830                xTaskResumeAll
 .text.vTaskDelay
                0x08003928       0x4c build/tasks.o
                0x08003928                vTaskDelay
 .text.vTaskSwitchContext
                0x08003974       0x94 build/tasks.o
                0x08003974                vTaskSwitchContext
 .text.vTaskPlaceOnEventList
                0x08003a08       0x30 build/tasks.o
                0x08003a08                vTaskPlaceOnEventList
 .text.vTaskPlaceOnEventListRestricted
                0x08003a38       0x38 build/tasks.o
                0x08003a38                vTaskPlaceOnEventListRestricted
 .text.xTaskRemoveFromEventList
                0x08003a70       0x8c build/tasks.o
                0x08003a70                xTaskRemoveFromEventList
 .text.vTaskInternalSetTimeOutState
                0x08003afc       0x18 build/tasks.o
                0x08003afc                vTaskInternalSetTimeOutState
 .text.xTaskCheckForTimeOut
                0x08003b14       0x84 build/tasks.o
                0x08003b14                xTaskCheckForTimeOut
 .text.vTaskMissedYield
                0x08003b98        0xc build/tasks.o
                0x08003b98                vTaskMissedYield
 .text.xTaskGetSchedulerState
                0x08003ba4       0x20 build/tasks.o
                0x08003ba4                xTaskGetSchedulerState
 .text.xTaskPriorityDisinherit
                0x08003bc4       0x90 build/tasks.o
                0x08003bc4                xTaskPriorityDisinherit
 .text.prvGetNextExpireTime
                0x08003c54       0x20 build/timers.o
 .text.prvInsertTimerInActiveList
                0x08003c74       0x48 build/timers.o
 .text.prvCheckForValidListAndQueue
                0x08003cbc       0x70 build/timers.o
 .text.xTimerCreateTimerTask
                0x08003d2c       0x64 build/timers.o
                0x08003d2c                xTimerCreateTimerTask
 .text.xTimerGenericCommand
                0x08003d90       0x6c build/timers.o
                0x08003d90                xTimerGenericCommand
 .text.prvSwitchTimerLists
                0x08003dfc       0x7c build/timers.o
 .text.prvSampleTimeNow
                0x08003e78       0x2c build/timers.o
 .text.prvProcessExpiredTimer
                0x08003ea4       0x6c build/timers.o
 .text.prvProcessTimerOrBlockTask
                0x08003f10       0x74 build/timers.o
 .text.prvProcessReceivedCommands
                0x08003f84      0x10c build/timers.o
 .text.prvTimerTask
                0x08004090       0x16 build/timers.o
 .text.SysTick_Handler
                0x080040a6       0x18 build/cmsis_os2.o
                0x080040a6                SysTick_Handler
 *fill*         0x080040be        0x2 
 .text.osKernelInitialize
                0x080040c0       0x24 build/cmsis_os2.o
                0x080040c0                osKernelInitialize
 .text.osKernelStart
                0x080040e4       0x38 build/cmsis_os2.o
                0x080040e4                osKernelStart
 .text.osThreadNew
                0x0800411c       0xbc build/cmsis_os2.o
                0x0800411c                osThreadNew
 .text.osDelay  0x080041d8       0x1c build/cmsis_os2.o
                0x080041d8                osDelay
 .text.vApplicationGetIdleTaskMemory
                0x080041f4       0x18 build/cmsis_os2.o
                0x080041f4                vApplicationGetIdleTaskMemory
 .text.vApplicationGetTimerTaskMemory
                0x0800420c       0x18 build/cmsis_os2.o
                0x0800420c                vApplicationGetTimerTaskMemory
 .text.prvHeapInit
                0x08004224       0x64 build/heap_4.o
 .text.prvInsertBlockIntoFreeList
                0x08004288       0x64 build/heap_4.o
 .text.pvPortMalloc
                0x080042ec       0xfc build/heap_4.o
                0x080042ec                pvPortMalloc
 .text.vPortFree
                0x080043e8       0x7c build/heap_4.o
                0x080043e8                vPortFree
 .text.prvTaskExitError
                0x08004464       0x40 build/port.o
 .text.prvPortStartFirstTask
                0x080044a4       0x28 build/port.o
 .text.vPortEnableVFP
                0x080044cc       0x14 build/port.o
 .text.pxPortInitialiseStack
                0x080044e0       0x2c build/port.o
                0x080044e0                pxPortInitialiseStack
 *fill*         0x0800450c        0x4 
 .text.SVC_Handler
                0x08004510       0x24 build/port.o
                0x08004510                SVC_Handler
 .text.vPortEnterCritical
                0x08004534       0x44 build/port.o
                0x08004534                vPortEnterCritical
 .text.vPortExitCritical
                0x08004578       0x2c build/port.o
                0x08004578                vPortExitCritical
 *fill*         0x080045a4        0xc 
 .text.PendSV_Handler
                0x080045b0       0x64 build/port.o
                0x080045b0                PendSV_Handler
 .text.xPortSysTickHandler
                0x08004614       0x2c build/port.o
                0x08004614                xPortSysTickHandler
 .text.vPortSetupTimerInterrupt
                0x08004640       0x28 build/port.o
                0x08004640                vPortSetupTimerInterrupt
 .text.xPortStartScheduler
                0x08004668      0x118 build/port.o
                0x08004668                xPortStartScheduler
 .text.vPortValidateInterruptPriority
                0x08004780       0x5c build/port.o
                0x08004780                vPortValidateInterruptPriority
 .text._sbrk    0x080047dc       0x48 build/sysmem.o
                0x080047dc                _sbrk
 .text._getpid  0x08004824        0x4 build/syscalls.o
                0x08004824                _getpid
 .text._kill    0x08004828       0x10 build/syscalls.o
                0x08004828                _kill
 .text._exit    0x08004838        0xc build/syscalls.o
                0x08004838                _exit
 .text._read    0x08004844       0x20 build/syscalls.o
                0x08004844                _read
 .text._close   0x08004864        0x6 build/syscalls.o
                0x08004864                _close
 .text._fstat   0x0800486a        0xa build/syscalls.o
                0x0800486a                _fstat
 .text._isatty  0x08004874        0x4 build/syscalls.o
                0x08004874                _isatty
 .text._lseek   0x08004878        0x4 build/syscalls.o
                0x08004878                _lseek
 .text.MX_UART4_Init
                0x0800487c       0x34 build/usart.o
                0x0800487c                MX_UART4_Init
 .text.MX_UART5_Init
                0x080048b0       0x44 build/usart.o
                0x080048b0                MX_UART5_Init
 .text.MX_USART1_UART_Init
                0x080048f4       0x34 build/usart.o
                0x080048f4                MX_USART1_UART_Init
 .text.MX_USART2_UART_Init
                0x08004928       0x34 build/usart.o
                0x08004928                MX_USART2_UART_Init
 .text.MX_USART3_UART_Init
                0x0800495c       0x34 build/usart.o
                0x0800495c                MX_USART3_UART_Init
 .text.HAL_UART_MspInit
                0x08004990      0x33c build/usart.o
                0x08004990                HAL_UART_MspInit
 .text.UART_EndTxTransfer
                0x08004ccc       0x20 build/stm32f4xx_hal_uart.o
 .text.UART_EndRxTransfer
                0x08004cec       0x5c build/stm32f4xx_hal_uart.o
 .text.UART_Transmit_IT
                0x08004d48       0x60 build/stm32f4xx_hal_uart.o
 .text.UART_SetConfig
                0x08004da8      0x110 build/stm32f4xx_hal_uart.o
 .text.HAL_UART_Init
                0x08004eb8       0x60 build/stm32f4xx_hal_uart.o
                0x08004eb8                HAL_UART_Init
 .text.HAL_UART_Transmit_IT
                0x08004f18       0x38 build/stm32f4xx_hal_uart.o
                0x08004f18                HAL_UART_Transmit_IT
 .text.HAL_UART_TxCpltCallback
                0x08004f50        0x2 build/stm32f4xx_hal_uart.o
                0x08004f50                HAL_UART_TxCpltCallback
 .text.UART_EndTransmit_IT
                0x08004f52       0x1a build/stm32f4xx_hal_uart.o
 .text.HAL_UART_RxCpltCallback
                0x08004f6c        0x2 build/stm32f4xx_hal_uart.o
                0x08004f6c                HAL_UART_RxCpltCallback
 .text.HAL_UART_RxHalfCpltCallback
                0x08004f6e        0x2 build/stm32f4xx_hal_uart.o
                0x08004f6e                HAL_UART_RxHalfCpltCallback
 .text.HAL_UART_ErrorCallback
                0x08004f70        0x2 build/stm32f4xx_hal_uart.o
                0x08004f70                HAL_UART_ErrorCallback
 .text.UART_DMAError
                0x08004f72       0x58 build/stm32f4xx_hal_uart.o
 .text.UART_DMAAbortOnError
                0x08004fca        0xe build/stm32f4xx_hal_uart.o
 .text.UART_Receive_IT
                0x08004fd8       0xe6 build/stm32f4xx_hal_uart.o
 *fill*         0x080050be        0x2 
 .text.HAL_UART_IRQHandler
                0x080050c0      0x2a4 build/stm32f4xx_hal_uart.o
                0x080050c0                HAL_UART_IRQHandler
 .text.UART_DMARxHalfCplt
                0x08005364       0x1e build/stm32f4xx_hal_uart.o
 .text.UART_DMAReceiveCplt
                0x08005382       0x9a build/stm32f4xx_hal_uart.o
 .text.UART_Start_Receive_DMA
                0x0800541c       0xb8 build/stm32f4xx_hal_uart.o
                0x0800541c                UART_Start_Receive_DMA
 .text.HAL_UARTEx_ReceiveToIdle_DMA
                0x080054d4       0x62 build/stm32f4xx_hal_uart.o
                0x080054d4                HAL_UARTEx_ReceiveToIdle_DMA
 *fill*         0x08005536        0x2 
 .text.MX_DMA_Init
                0x08005538       0x78 build/dma.o
                0x08005538                MX_DMA_Init
 .text.MX_ADC1_Init
                0x080055b0       0x70 build/adc.o
                0x080055b0                MX_ADC1_Init
 .text.HAL_ADC_MspInit
                0x08005620       0x78 build/adc.o
                0x08005620                HAL_ADC_MspInit
 .text.MX_CAN1_Init
                0x08005698       0x40 build/can.o
                0x08005698                MX_CAN1_Init
 .text.MX_CAN2_Init
                0x080056d8       0x40 build/can.o
                0x080056d8                MX_CAN2_Init
 .text.HAL_CAN_MspInit
                0x08005718      0x184 build/can.o
                0x08005718                HAL_CAN_MspInit
 .text.MX_I2C1_Init
                0x0800589c       0x3c build/i2c.o
                0x0800589c                MX_I2C1_Init
 .text.HAL_I2C_MspInit
                0x080058d8       0x70 build/i2c.o
                0x080058d8                HAL_I2C_MspInit
 .text.MX_SPI1_Init
                0x08005948       0x44 build/spi.o
                0x08005948                MX_SPI1_Init
 .text.HAL_SPI_MspInit
                0x0800598c       0x70 build/spi.o
                0x0800598c                HAL_SPI_MspInit
 .text.MX_TIM2_Init
                0x080059fc       0x64 build/tim.o
                0x080059fc                MX_TIM2_Init
 .text.MX_TIM3_Init
                0x08005a60       0x6c build/tim.o
                0x08005a60                MX_TIM3_Init
 .text.MX_TIM4_Init
                0x08005acc       0x6c build/tim.o
                0x08005acc                MX_TIM4_Init
 .text.MX_TIM5_Init
                0x08005b38       0x6c build/tim.o
                0x08005b38                MX_TIM5_Init
 .text.HAL_TIM_Base_MspInit
                0x08005ba4       0x8c build/tim.o
                0x08005ba4                HAL_TIM_Base_MspInit
 .text.HAL_TIM_Encoder_MspInit
                0x08005c30      0x1bc build/tim.o
                0x08005c30                HAL_TIM_Encoder_MspInit
 .text.HAL_TIM_MspPostInit
                0x08005dec       0xd0 build/tim.o
                0x08005dec                HAL_TIM_MspPostInit
 .text.MX_TIM1_Init
                0x08005ebc      0x120 build/tim.o
                0x08005ebc                MX_TIM1_Init
 .text.MX_TIM9_Init
                0x08005fdc       0xa4 build/tim.o
                0x08005fdc                MX_TIM9_Init
 .text.MX_TIM12_Init
                0x08006080       0xa4 build/tim.o
                0x08006080                MX_TIM12_Init
 .text.ADC_Init
                0x08006124      0x134 build/stm32f4xx_hal_adc.o
 .text.HAL_ADC_Init
                0x08006258       0x56 build/stm32f4xx_hal_adc.o
                0x08006258                HAL_ADC_Init
 .text.HAL_ADC_ConvCpltCallback
                0x080062ae        0x2 build/stm32f4xx_hal_adc.o
                0x080062ae                HAL_ADC_ConvCpltCallback
 .text.HAL_ADC_LevelOutOfWindowCallback
                0x080062b0        0x2 build/stm32f4xx_hal_adc.o
                0x080062b0                HAL_ADC_LevelOutOfWindowCallback
 .text.HAL_ADC_ErrorCallback
                0x080062b2        0x2 build/stm32f4xx_hal_adc.o
                0x080062b2                HAL_ADC_ErrorCallback
 .text.HAL_ADC_IRQHandler
                0x080062b4      0x142 build/stm32f4xx_hal_adc.o
                0x080062b4                HAL_ADC_IRQHandler
 *fill*         0x080063f6        0x2 
 .text.HAL_ADC_ConfigChannel
                0x080063f8      0x198 build/stm32f4xx_hal_adc.o
                0x080063f8                HAL_ADC_ConfigChannel
 .text.HAL_ADCEx_InjectedConvCpltCallback
                0x08006590        0x2 build/stm32f4xx_hal_adc_ex.o
                0x08006590                HAL_ADCEx_InjectedConvCpltCallback
 .text.HAL_CAN_Init
                0x08006592      0x14c build/stm32f4xx_hal_can.o
                0x08006592                HAL_CAN_Init
 .text.HAL_CAN_TxMailbox0CompleteCallback
                0x080066de        0x2 build/stm32f4xx_hal_can.o
                0x080066de                HAL_CAN_TxMailbox0CompleteCallback
 .text.HAL_CAN_TxMailbox1CompleteCallback
                0x080066e0        0x2 build/stm32f4xx_hal_can.o
                0x080066e0                HAL_CAN_TxMailbox1CompleteCallback
 .text.HAL_CAN_TxMailbox2CompleteCallback
                0x080066e2        0x2 build/stm32f4xx_hal_can.o
                0x080066e2                HAL_CAN_TxMailbox2CompleteCallback
 .text.HAL_CAN_TxMailbox0AbortCallback
                0x080066e4        0x2 build/stm32f4xx_hal_can.o
                0x080066e4                HAL_CAN_TxMailbox0AbortCallback
 .text.HAL_CAN_TxMailbox1AbortCallback
                0x080066e6        0x2 build/stm32f4xx_hal_can.o
                0x080066e6                HAL_CAN_TxMailbox1AbortCallback
 .text.HAL_CAN_TxMailbox2AbortCallback
                0x080066e8        0x2 build/stm32f4xx_hal_can.o
                0x080066e8                HAL_CAN_TxMailbox2AbortCallback
 .text.HAL_CAN_RxFifo0MsgPendingCallback
                0x080066ea        0x2 build/stm32f4xx_hal_can.o
                0x080066ea                HAL_CAN_RxFifo0MsgPendingCallback
 .text.HAL_CAN_RxFifo0FullCallback
                0x080066ec        0x2 build/stm32f4xx_hal_can.o
                0x080066ec                HAL_CAN_RxFifo0FullCallback
 .text.HAL_CAN_RxFifo1MsgPendingCallback
                0x080066ee        0x2 build/stm32f4xx_hal_can.o
                0x080066ee                HAL_CAN_RxFifo1MsgPendingCallback
 .text.HAL_CAN_RxFifo1FullCallback
                0x080066f0        0x2 build/stm32f4xx_hal_can.o
                0x080066f0                HAL_CAN_RxFifo1FullCallback
 .text.HAL_CAN_SleepCallback
                0x080066f2        0x2 build/stm32f4xx_hal_can.o
                0x080066f2                HAL_CAN_SleepCallback
 .text.HAL_CAN_WakeUpFromRxMsgCallback
                0x080066f4        0x2 build/stm32f4xx_hal_can.o
                0x080066f4                HAL_CAN_WakeUpFromRxMsgCallback
 .text.HAL_CAN_ErrorCallback
                0x080066f6        0x2 build/stm32f4xx_hal_can.o
                0x080066f6                HAL_CAN_ErrorCallback
 .text.HAL_CAN_IRQHandler
                0x080066f8      0x24a build/stm32f4xx_hal_can.o
                0x080066f8                HAL_CAN_IRQHandler
 *fill*         0x08006942        0x2 
 .text.HAL_I2C_Init
                0x08006944      0x1bc build/stm32f4xx_hal_i2c.o
                0x08006944                HAL_I2C_Init
 .text.HAL_SPI_Init
                0x08006b00       0xbe build/stm32f4xx_hal_spi.o
                0x08006b00                HAL_SPI_Init
 .text.app_init
                0x08006bbe        0x8 build/app.o
                0x08006bbe                app_init
 .text.app_loop
                0x08006bc6        0x8 build/app.o
                0x08006bc6                app_loop
 .text.app_debug
                0x08006bce        0x2 build/app.o
                0x08006bce                app_debug
 .text.robot_cmd_init
                0x08006bd0       0x10 build/robot_cmd.o
                0x08006bd0                robot_cmd_init
 .text.robot_cmd_update
                0x08006be0       0x30 build/robot_cmd.o
                0x08006be0                robot_cmd_update
 .text.HAL_UARTEx_RxEventCallback
                0x08006c10       0x18 build/robot_cmd.o
                0x08006c10                HAL_UARTEx_RxEventCallback
 .text._write   0x08006c28       0x14 build/robot_cmd.o
                0x08006c28                _write
 .text.SBUS_Init
                0x08006c3c       0x3c build/sbus_ht10a.o
                0x08006c3c                SBUS_Init
 .text.SBUS_ParseChannels
                0x08006c78      0x174 build/sbus_ht10a.o
                0x08006c78                SBUS_ParseChannels
 .text.SBUS_Update
                0x08006dec       0x5a build/sbus_ht10a.o
                0x08006dec                SBUS_Update
 *fill*         0x08006e46        0x2 
 .text.SBUS_To_RBUS_Range
                0x08006e48       0x58 build/sbus_ht10a.o
                0x08006e48                SBUS_To_RBUS_Range
 .text.SBUS_Map_RBUS_Switch
                0x08006ea0       0x16 build/sbus_ht10a.o
                0x08006ea0                SBUS_Map_RBUS_Switch
 .text.SBUS_To_UniRemote
                0x08006eb6       0x9e build/sbus_ht10a.o
                0x08006eb6                SBUS_To_UniRemote
 .text.SBUS_RxEventCallback
                0x08006f54       0x4c build/sbus_ht10a.o
                0x08006f54                SBUS_RxEventCallback
 .text.Reset_Handler
                0x08006fa0       0x50 build/startup_stm32f407xx.o
                0x08006fa0                Reset_Handler
 .text.Default_Handler
                0x08006ff0        0x2 build/startup_stm32f407xx.o
                0x08006ff0                RTC_Alarm_IRQHandler
                0x08006ff0                HASH_RNG_IRQHandler
                0x08006ff0                EXTI2_IRQHandler
                0x08006ff0                TIM8_CC_IRQHandler
                0x08006ff0                TIM1_CC_IRQHandler
                0x08006ff0                DMA2_Stream5_IRQHandler
                0x08006ff0                PVD_IRQHandler
                0x08006ff0                SDIO_IRQHandler
                0x08006ff0                TAMP_STAMP_IRQHandler
                0x08006ff0                EXTI3_IRQHandler
                0x08006ff0                TIM8_TRG_COM_TIM14_IRQHandler
                0x08006ff0                TIM1_UP_TIM10_IRQHandler
                0x08006ff0                I2C3_ER_IRQHandler
                0x08006ff0                EXTI0_IRQHandler
                0x08006ff0                I2C2_EV_IRQHandler
                0x08006ff0                FPU_IRQHandler
                0x08006ff0                OTG_HS_WKUP_IRQHandler
                0x08006ff0                SPI1_IRQHandler
                0x08006ff0                TIM6_DAC_IRQHandler
                0x08006ff0                TIM1_BRK_TIM9_IRQHandler
                0x08006ff0                DCMI_IRQHandler
                0x08006ff0                DMA2_Stream3_IRQHandler
                0x08006ff0                USART6_IRQHandler
                0x08006ff0                DMA2_Stream0_IRQHandler
                0x08006ff0                I2C1_EV_IRQHandler
                0x08006ff0                DMA1_Stream6_IRQHandler
                0x08006ff0                DMA1_Stream1_IRQHandler
                0x08006ff0                RCC_IRQHandler
                0x08006ff0                TIM8_BRK_TIM12_IRQHandler
                0x08006ff0                Default_Handler
                0x08006ff0                EXTI15_10_IRQHandler
                0x08006ff0                DMA1_Stream7_IRQHandler
                0x08006ff0                TIM7_IRQHandler
                0x08006ff0                DMA2_Stream7_IRQHandler
                0x08006ff0                I2C3_EV_IRQHandler
                0x08006ff0                EXTI9_5_IRQHandler
                0x08006ff0                RTC_WKUP_IRQHandler
                0x08006ff0                ETH_WKUP_IRQHandler
                0x08006ff0                SPI2_IRQHandler
                0x08006ff0                OTG_HS_EP1_IN_IRQHandler
                0x08006ff0                EXTI4_IRQHandler
                0x08006ff0                FSMC_IRQHandler
                0x08006ff0                ETH_IRQHandler
                0x08006ff0                OTG_HS_EP1_OUT_IRQHandler
                0x08006ff0                WWDG_IRQHandler
                0x08006ff0                OTG_FS_WKUP_IRQHandler
                0x08006ff0                OTG_HS_IRQHandler
                0x08006ff0                EXTI1_IRQHandler
                0x08006ff0                I2C2_ER_IRQHandler
                0x08006ff0                DMA2_Stream1_IRQHandler
                0x08006ff0                FLASH_IRQHandler
                0x08006ff0                DMA2_Stream4_IRQHandler
                0x08006ff0                OTG_FS_IRQHandler
                0x08006ff0                SPI3_IRQHandler
                0x08006ff0                DMA1_Stream4_IRQHandler
                0x08006ff0                I2C1_ER_IRQHandler
                0x08006ff0                DMA2_Stream6_IRQHandler
                0x08006ff0                DMA1_Stream3_IRQHandler
 *fill*         0x08006ff2        0x2 
 .text.__errno  0x08006ff4        0xc e:/ng_circumstance/arm/bin/../lib/gcc/arm-none-eabi/10.3.1/../../../../arm-none-eabi/lib/thumb/v7e-m+fp/hard\libc_nano.a(lib_a-errno.o)
                0x08006ff4                __errno
 .text.__libc_init_array
                0x08007000       0x48 e:/ng_circumstance/arm/bin/../lib/gcc/arm-none-eabi/10.3.1/../../../../arm-none-eabi/lib/thumb/v7e-m+fp/hard\libc_nano.a(lib_a-init.o)
                0x08007000                __libc_init_array
 .text.memcpy   0x08007048       0x1c e:/ng_circumstance/arm/bin/../lib/gcc/arm-none-eabi/10.3.1/../../../../arm-none-eabi/lib/thumb/v7e-m+fp/hard\libc_nano.a(lib_a-memcpy-stub.o)
                0x08007048                memcpy
 .text.memset   0x08007064       0x10 e:/ng_circumstance/arm/bin/../lib/gcc/arm-none-eabi/10.3.1/../../../../arm-none-eabi/lib/thumb/v7e-m+fp/hard\libc_nano.a(lib_a-memset.o)
                0x08007064                memset
 .text.__cvt    0x08007074       0xc4 e:/ng_circumstance/arm/bin/../lib/gcc/arm-none-eabi/10.3.1/../../../../arm-none-eabi/lib/thumb/v7e-m+fp/hard\libc_nano.a(lib_a-nano-vfprintf_float.o)
                0x08007074                __cvt
 .text.__exponent
                0x08007138       0x7c e:/ng_circumstance/arm/bin/../lib/gcc/arm-none-eabi/10.3.1/../../../../arm-none-eabi/lib/thumb/v7e-m+fp/hard\libc_nano.a(lib_a-nano-vfprintf_float.o)
                0x08007138                __exponent
 .text._printf_float
                0x080071b4      0x46c e:/ng_circumstance/arm/bin/../lib/gcc/arm-none-eabi/10.3.1/../../../../arm-none-eabi/lib/thumb/v7e-m+fp/hard\libc_nano.a(lib_a-nano-vfprintf_float.o)
                0x080071b4                _printf_float
 .text._printf_common
                0x08007620       0xda e:/ng_circumstance/arm/bin/../lib/gcc/arm-none-eabi/10.3.1/../../../../arm-none-eabi/lib/thumb/v7e-m+fp/hard\libc_nano.a(lib_a-nano-vfprintf_i.o)
                0x08007620                _printf_common
 *fill*         0x080076fa        0x2 
 .text._printf_i
                0x080076fc      0x24c e:/ng_circumstance/arm/bin/../lib/gcc/arm-none-eabi/10.3.1/../../../../arm-none-eabi/lib/thumb/v7e-m+fp/hard\libc_nano.a(lib_a-nano-vfprintf_i.o)
                0x080076fc                _printf_i
 .text.printf   0x08007948       0x30 e:/ng_circumstance/arm/bin/../lib/gcc/arm-none-eabi/10.3.1/../../../../arm-none-eabi/lib/thumb/v7e-m+fp/hard\libc_nano.a(lib_a-printf.o)
                0x08007948                iprintf
                0x08007948                printf
 .text.__swbuf_r
                0x08007978       0xa4 e:/ng_circumstance/arm/bin/../lib/gcc/arm-none-eabi/10.3.1/../../../../arm-none-eabi/lib/thumb/v7e-m+fp/hard\libc_nano.a(lib_a-wbuf.o)
                0x08007978                __swbuf_r
 .text.__swsetup_r
                0x08007a1c       0xdc e:/ng_circumstance/arm/bin/../lib/gcc/arm-none-eabi/10.3.1/../../../../arm-none-eabi/lib/thumb/v7e-m+fp/hard\libc_nano.a(lib_a-wsetup.o)
                0x08007a1c                __swsetup_r
 .text.quorem   0x08007af8      0x116 e:/ng_circumstance/arm/bin/../lib/gcc/arm-none-eabi/10.3.1/../../../../arm-none-eabi/lib/thumb/v7e-m+fp/hard\libc_nano.a(lib_a-dtoa.o)
 *fill*         0x08007c0e        0x2 
 .text._dtoa_r  0x08007c10      0xbdc e:/ng_circumstance/arm/bin/../lib/gcc/arm-none-eabi/10.3.1/../../../../arm-none-eabi/lib/thumb/v7e-m+fp/hard\libc_nano.a(lib_a-dtoa.o)
                0x08007c10                _dtoa_r
 .text.__sflush_r
                0x080087ec      0x10c e:/ng_circumstance/arm/bin/../lib/gcc/arm-none-eabi/10.3.1/../../../../arm-none-eabi/lib/thumb/v7e-m+fp/hard\libc_nano.a(lib_a-fflush.o)
                0x080087ec                __sflush_r
 .text._fflush_r
                0x080088f8       0x78 e:/ng_circumstance/arm/bin/../lib/gcc/arm-none-eabi/10.3.1/../../../../arm-none-eabi/lib/thumb/v7e-m+fp/hard\libc_nano.a(lib_a-fflush.o)
                0x080088f8                _fflush_r
 .text.std      0x08008970       0x48 e:/ng_circumstance/arm/bin/../lib/gcc/arm-none-eabi/10.3.1/../../../../arm-none-eabi/lib/thumb/v7e-m+fp/hard\libc_nano.a(lib_a-findfp.o)
 .text._cleanup_r
                0x080089b8        0xc e:/ng_circumstance/arm/bin/../lib/gcc/arm-none-eabi/10.3.1/../../../../arm-none-eabi/lib/thumb/v7e-m+fp/hard\libc_nano.a(lib_a-findfp.o)
                0x080089b8                _cleanup_r
 .text.__sfmoreglue
                0x080089c4       0x2c e:/ng_circumstance/arm/bin/../lib/gcc/arm-none-eabi/10.3.1/../../../../arm-none-eabi/lib/thumb/v7e-m+fp/hard\libc_nano.a(lib_a-findfp.o)
                0x080089c4                __sfmoreglue
 .text.__sfp_lock_acquire
                0x080089f0        0xc e:/ng_circumstance/arm/bin/../lib/gcc/arm-none-eabi/10.3.1/../../../../arm-none-eabi/lib/thumb/v7e-m+fp/hard\libc_nano.a(lib_a-findfp.o)
                0x080089f0                __sfp_lock_acquire
 .text.__sfp_lock_release
                0x080089fc        0xc e:/ng_circumstance/arm/bin/../lib/gcc/arm-none-eabi/10.3.1/../../../../arm-none-eabi/lib/thumb/v7e-m+fp/hard\libc_nano.a(lib_a-findfp.o)
                0x080089fc                __sfp_lock_release
 .text.__sinit_lock_acquire
                0x08008a08        0xc e:/ng_circumstance/arm/bin/../lib/gcc/arm-none-eabi/10.3.1/../../../../arm-none-eabi/lib/thumb/v7e-m+fp/hard\libc_nano.a(lib_a-findfp.o)
                0x08008a08                __sinit_lock_acquire
 .text.__sinit_lock_release
                0x08008a14        0xc e:/ng_circumstance/arm/bin/../lib/gcc/arm-none-eabi/10.3.1/../../../../arm-none-eabi/lib/thumb/v7e-m+fp/hard\libc_nano.a(lib_a-findfp.o)
                0x08008a14                __sinit_lock_release
 .text.__sinit  0x08008a20       0x70 e:/ng_circumstance/arm/bin/../lib/gcc/arm-none-eabi/10.3.1/../../../../arm-none-eabi/lib/thumb/v7e-m+fp/hard\libc_nano.a(lib_a-findfp.o)
                0x08008a20                __sinit
 .text.__sfp    0x08008a90       0x8c e:/ng_circumstance/arm/bin/../lib/gcc/arm-none-eabi/10.3.1/../../../../arm-none-eabi/lib/thumb/v7e-m+fp/hard\libc_nano.a(lib_a-findfp.o)
                0x08008a90                __sfp
 .text._fwalk_reent
                0x08008b1c       0x3e e:/ng_circumstance/arm/bin/../lib/gcc/arm-none-eabi/10.3.1/../../../../arm-none-eabi/lib/thumb/v7e-m+fp/hard\libc_nano.a(lib_a-fwalk.o)
                0x08008b1c                _fwalk_reent
 *fill*         0x08008b5a        0x2 
 .text._localeconv_r
                0x08008b5c        0x8 e:/ng_circumstance/arm/bin/../lib/gcc/arm-none-eabi/10.3.1/../../../../arm-none-eabi/lib/thumb/v7e-m+fp/hard\libc_nano.a(lib_a-localeconv.o)
                0x08008b5c                _localeconv_r
 .text.__retarget_lock_init_recursive
                0x08008b64        0x2 e:/ng_circumstance/arm/bin/../lib/gcc/arm-none-eabi/10.3.1/../../../../arm-none-eabi/lib/thumb/v7e-m+fp/hard\libc_nano.a(lib_a-lock.o)
                0x08008b64                __retarget_lock_init_recursive
 .text.__retarget_lock_acquire_recursive
                0x08008b66        0x2 e:/ng_circumstance/arm/bin/../lib/gcc/arm-none-eabi/10.3.1/../../../../arm-none-eabi/lib/thumb/v7e-m+fp/hard\libc_nano.a(lib_a-lock.o)
                0x08008b66                __retarget_lock_acquire_recursive
 .text.__retarget_lock_release_recursive
                0x08008b68        0x2 e:/ng_circumstance/arm/bin/../lib/gcc/arm-none-eabi/10.3.1/../../../../arm-none-eabi/lib/thumb/v7e-m+fp/hard\libc_nano.a(lib_a-lock.o)
                0x08008b68                __retarget_lock_release_recursive
 .text.__swhatbuf_r
                0x08008b6a       0x4a e:/ng_circumstance/arm/bin/../lib/gcc/arm-none-eabi/10.3.1/../../../../arm-none-eabi/lib/thumb/v7e-m+fp/hard\libc_nano.a(lib_a-makebuf.o)
                0x08008b6a                __swhatbuf_r
 .text.__smakebuf_r
                0x08008bb4       0x80 e:/ng_circumstance/arm/bin/../lib/gcc/arm-none-eabi/10.3.1/../../../../arm-none-eabi/lib/thumb/v7e-m+fp/hard\libc_nano.a(lib_a-makebuf.o)
                0x08008bb4                __smakebuf_r
 .text.malloc   0x08008c34       0x10 e:/ng_circumstance/arm/bin/../lib/gcc/arm-none-eabi/10.3.1/../../../../arm-none-eabi/lib/thumb/v7e-m+fp/hard\libc_nano.a(lib_a-malloc.o)
                0x08008c34                malloc
 .text._Balloc  0x08008c44       0x80 e:/ng_circumstance/arm/bin/../lib/gcc/arm-none-eabi/10.3.1/../../../../arm-none-eabi/lib/thumb/v7e-m+fp/hard\libc_nano.a(lib_a-mprec.o)
                0x08008c44                _Balloc
 .text._Bfree   0x08008cc4       0x44 e:/ng_circumstance/arm/bin/../lib/gcc/arm-none-eabi/10.3.1/../../../../arm-none-eabi/lib/thumb/v7e-m+fp/hard\libc_nano.a(lib_a-mprec.o)
                0x08008cc4                _Bfree
 .text.__multadd
                0x08008d08       0x8c e:/ng_circumstance/arm/bin/../lib/gcc/arm-none-eabi/10.3.1/../../../../arm-none-eabi/lib/thumb/v7e-m+fp/hard\libc_nano.a(lib_a-mprec.o)
                0x08008d08                __multadd
 .text.__hi0bits
                0x08008d94       0x40 e:/ng_circumstance/arm/bin/../lib/gcc/arm-none-eabi/10.3.1/../../../../arm-none-eabi/lib/thumb/v7e-m+fp/hard\libc_nano.a(lib_a-mprec.o)
                0x08008d94                __hi0bits
 .text.__lo0bits
                0x08008dd4       0x5e e:/ng_circumstance/arm/bin/../lib/gcc/arm-none-eabi/10.3.1/../../../../arm-none-eabi/lib/thumb/v7e-m+fp/hard\libc_nano.a(lib_a-mprec.o)
                0x08008dd4                __lo0bits
 *fill*         0x08008e32        0x2 
 .text.__i2b    0x08008e34       0x2c e:/ng_circumstance/arm/bin/../lib/gcc/arm-none-eabi/10.3.1/../../../../arm-none-eabi/lib/thumb/v7e-m+fp/hard\libc_nano.a(lib_a-mprec.o)
                0x08008e34                __i2b
 .text.__multiply
                0x08008e60      0x154 e:/ng_circumstance/arm/bin/../lib/gcc/arm-none-eabi/10.3.1/../../../../arm-none-eabi/lib/thumb/v7e-m+fp/hard\libc_nano.a(lib_a-mprec.o)
                0x08008e60                __multiply
 .text.__pow5mult
                0x08008fb4       0xb4 e:/ng_circumstance/arm/bin/../lib/gcc/arm-none-eabi/10.3.1/../../../../arm-none-eabi/lib/thumb/v7e-m+fp/hard\libc_nano.a(lib_a-mprec.o)
                0x08008fb4                __pow5mult
 .text.__lshift
                0x08009068       0xe0 e:/ng_circumstance/arm/bin/../lib/gcc/arm-none-eabi/10.3.1/../../../../arm-none-eabi/lib/thumb/v7e-m+fp/hard\libc_nano.a(lib_a-mprec.o)
                0x08009068                __lshift
 .text.__mcmp   0x08009148       0x38 e:/ng_circumstance/arm/bin/../lib/gcc/arm-none-eabi/10.3.1/../../../../arm-none-eabi/lib/thumb/v7e-m+fp/hard\libc_nano.a(lib_a-mprec.o)
                0x08009148                __mcmp
 .text.__mdiff  0x08009180      0x114 e:/ng_circumstance/arm/bin/../lib/gcc/arm-none-eabi/10.3.1/../../../../arm-none-eabi/lib/thumb/v7e-m+fp/hard\libc_nano.a(lib_a-mprec.o)
                0x08009180                __mdiff
 .text.__d2b    0x08009294       0xb8 e:/ng_circumstance/arm/bin/../lib/gcc/arm-none-eabi/10.3.1/../../../../arm-none-eabi/lib/thumb/v7e-m+fp/hard\libc_nano.a(lib_a-mprec.o)
                0x08009294                __d2b
 .text._calloc_r
                0x0800934c       0x2c e:/ng_circumstance/arm/bin/../lib/gcc/arm-none-eabi/10.3.1/../../../../arm-none-eabi/lib/thumb/v7e-m+fp/hard\libc_nano.a(lib_a-nano-callocr.o)
                0x0800934c                _calloc_r
 .text._free_r  0x08009378       0x98 e:/ng_circumstance/arm/bin/../lib/gcc/arm-none-eabi/10.3.1/../../../../arm-none-eabi/lib/thumb/v7e-m+fp/hard\libc_nano.a(lib_a-nano-freer.o)
                0x08009378                _free_r
 .text.sbrk_aligned
                0x08009410       0x40 e:/ng_circumstance/arm/bin/../lib/gcc/arm-none-eabi/10.3.1/../../../../arm-none-eabi/lib/thumb/v7e-m+fp/hard\libc_nano.a(lib_a-nano-mallocr.o)
 .text._malloc_r
                0x08009450       0xe8 e:/ng_circumstance/arm/bin/../lib/gcc/arm-none-eabi/10.3.1/../../../../arm-none-eabi/lib/thumb/v7e-m+fp/hard\libc_nano.a(lib_a-nano-mallocr.o)
                0x08009450                _malloc_r
 .text.__sfputc_r
                0x08009538       0x2e e:/ng_circumstance/arm/bin/../lib/gcc/arm-none-eabi/10.3.1/../../../../arm-none-eabi/lib/thumb/v7e-m+fp/hard\libc_nano.a(lib_a-nano-vfprintf.o)
 .text.__sfputs_r
                0x08009566       0x24 e:/ng_circumstance/arm/bin/../lib/gcc/arm-none-eabi/10.3.1/../../../../arm-none-eabi/lib/thumb/v7e-m+fp/hard\libc_nano.a(lib_a-nano-vfprintf.o)
                0x08009566                __sfputs_r
 *fill*         0x0800958a        0x2 
 .text._vfprintf_r
                0x0800958c      0x260 e:/ng_circumstance/arm/bin/../lib/gcc/arm-none-eabi/10.3.1/../../../../arm-none-eabi/lib/thumb/v7e-m+fp/hard\libc_nano.a(lib_a-nano-vfprintf.o)
                0x0800958c                _vfprintf_r
                0x0800958c                _vfiprintf_r
 .text._sbrk_r  0x080097ec       0x20 e:/ng_circumstance/arm/bin/../lib/gcc/arm-none-eabi/10.3.1/../../../../arm-none-eabi/lib/thumb/v7e-m+fp/hard\libc_nano.a(lib_a-sbrkr.o)
                0x080097ec                _sbrk_r
 .text.__sread  0x0800980c       0x22 e:/ng_circumstance/arm/bin/../lib/gcc/arm-none-eabi/10.3.1/../../../../arm-none-eabi/lib/thumb/v7e-m+fp/hard\libc_nano.a(lib_a-stdio.o)
                0x0800980c                __sread
 .text.__swrite
                0x0800982e       0x38 e:/ng_circumstance/arm/bin/../lib/gcc/arm-none-eabi/10.3.1/../../../../arm-none-eabi/lib/thumb/v7e-m+fp/hard\libc_nano.a(lib_a-stdio.o)
                0x0800982e                __swrite
 .text.__sseek  0x08009866       0x24 e:/ng_circumstance/arm/bin/../lib/gcc/arm-none-eabi/10.3.1/../../../../arm-none-eabi/lib/thumb/v7e-m+fp/hard\libc_nano.a(lib_a-stdio.o)
                0x08009866                __sseek
 .text.__sclose
                0x0800988a        0x8 e:/ng_circumstance/arm/bin/../lib/gcc/arm-none-eabi/10.3.1/../../../../arm-none-eabi/lib/thumb/v7e-m+fp/hard\libc_nano.a(lib_a-stdio.o)
                0x0800988a                __sclose
 *fill*         0x08009892        0x2 
 .text._write_r
                0x08009894       0x24 e:/ng_circumstance/arm/bin/../lib/gcc/arm-none-eabi/10.3.1/../../../../arm-none-eabi/lib/thumb/v7e-m+fp/hard\libc_nano.a(lib_a-writer.o)
                0x08009894                _write_r
 .text.__assert_func
                0x080098b8       0x3c e:/ng_circumstance/arm/bin/../lib/gcc/arm-none-eabi/10.3.1/../../../../arm-none-eabi/lib/thumb/v7e-m+fp/hard\libc_nano.a(lib_a-assert.o)
                0x080098b8                __assert_func
 .text._close_r
                0x080098f4       0x20 e:/ng_circumstance/arm/bin/../lib/gcc/arm-none-eabi/10.3.1/../../../../arm-none-eabi/lib/thumb/v7e-m+fp/hard\libc_nano.a(lib_a-closer.o)
                0x080098f4                _close_r
 .text.fprintf  0x08009914       0x24 e:/ng_circumstance/arm/bin/../lib/gcc/arm-none-eabi/10.3.1/../../../../arm-none-eabi/lib/thumb/v7e-m+fp/hard\libc_nano.a(lib_a-fprintf.o)
                0x08009914                fiprintf
                0x08009914                fprintf
 .text._fstat_r
                0x08009938       0x24 e:/ng_circumstance/arm/bin/../lib/gcc/arm-none-eabi/10.3.1/../../../../arm-none-eabi/lib/thumb/v7e-m+fp/hard\libc_nano.a(lib_a-fstatr.o)
                0x08009938                _fstat_r
 .text._isatty_r
                0x0800995c       0x20 e:/ng_circumstance/arm/bin/../lib/gcc/arm-none-eabi/10.3.1/../../../../arm-none-eabi/lib/thumb/v7e-m+fp/hard\libc_nano.a(lib_a-isattyr.o)
                0x0800995c                _isatty_r
 .text._lseek_r
                0x0800997c       0x24 e:/ng_circumstance/arm/bin/../lib/gcc/arm-none-eabi/10.3.1/../../../../arm-none-eabi/lib/thumb/v7e-m+fp/hard\libc_nano.a(lib_a-lseekr.o)
                0x0800997c                _lseek_r
 .text.__ascii_mbtowc
                0x080099a0       0x24 e:/ng_circumstance/arm/bin/../lib/gcc/arm-none-eabi/10.3.1/../../../../arm-none-eabi/lib/thumb/v7e-m+fp/hard\libc_nano.a(lib_a-mbtowc_r.o)
                0x080099a0                __ascii_mbtowc
 .text.__malloc_lock
                0x080099c4        0xc e:/ng_circumstance/arm/bin/../lib/gcc/arm-none-eabi/10.3.1/../../../../arm-none-eabi/lib/thumb/v7e-m+fp/hard\libc_nano.a(lib_a-mlock.o)
                0x080099c4                __malloc_lock
 .text.__malloc_unlock
                0x080099d0        0xc e:/ng_circumstance/arm/bin/../lib/gcc/arm-none-eabi/10.3.1/../../../../arm-none-eabi/lib/thumb/v7e-m+fp/hard\libc_nano.a(lib_a-mlock.o)
                0x080099d0                __malloc_unlock
 .text._read_r  0x080099dc       0x24 e:/ng_circumstance/arm/bin/../lib/gcc/arm-none-eabi/10.3.1/../../../../arm-none-eabi/lib/thumb/v7e-m+fp/hard\libc_nano.a(lib_a-readr.o)
                0x080099dc                _read_r
 .text.__ascii_wctomb
                0x08009a00       0x1a e:/ng_circumstance/arm/bin/../lib/gcc/arm-none-eabi/10.3.1/../../../../arm-none-eabi/lib/thumb/v7e-m+fp/hard\libc_nano.a(lib_a-wctomb_r.o)
                0x08009a00                __ascii_wctomb
 .text.abort    0x08009a1a        0xe e:/ng_circumstance/arm/bin/../lib/gcc/arm-none-eabi/10.3.1/../../../../arm-none-eabi/lib/thumb/v7e-m+fp/hard\libc_nano.a(lib_a-abort.o)
                0x08009a1a                abort
 .text._raise_r
                0x08009a28       0x50 e:/ng_circumstance/arm/bin/../lib/gcc/arm-none-eabi/10.3.1/../../../../arm-none-eabi/lib/thumb/v7e-m+fp/hard\libc_nano.a(lib_a-signal.o)
                0x08009a28                _raise_r
 .text.raise    0x08009a78       0x10 e:/ng_circumstance/arm/bin/../lib/gcc/arm-none-eabi/10.3.1/../../../../arm-none-eabi/lib/thumb/v7e-m+fp/hard\libc_nano.a(lib_a-signal.o)
                0x08009a78                raise
 .text._kill_r  0x08009a88       0x24 e:/ng_circumstance/arm/bin/../lib/gcc/arm-none-eabi/10.3.1/../../../../arm-none-eabi/lib/thumb/v7e-m+fp/hard\libc_nano.a(lib_a-signalr.o)
                0x08009a88                _kill_r
 .text._getpid_r
                0x08009aac        0x4 e:/ng_circumstance/arm/bin/../lib/gcc/arm-none-eabi/10.3.1/../../../../arm-none-eabi/lib/thumb/v7e-m+fp/hard\libc_nano.a(lib_a-signalr.o)
                0x08009aac                _getpid_r
 *(.glue_7)
 .glue_7        0x08009ab0        0x0 linker stubs
 *(.glue_7t)
 .glue_7t       0x08009ab0        0x0 linker stubs
 *(.eh_frame)
 .eh_frame      0x08009ab0        0x0 e:/ng_circumstance/arm/bin/../lib/gcc/arm-none-eabi/10.3.1/thumb/v7e-m+fp/hard/crtbegin.o
 *(.init)
 .init          0x08009ab0        0x4 e:/ng_circumstance/arm/bin/../lib/gcc/arm-none-eabi/10.3.1/thumb/v7e-m+fp/hard/crti.o
                0x08009ab0                _init
 .init          0x08009ab4        0x8 e:/ng_circumstance/arm/bin/../lib/gcc/arm-none-eabi/10.3.1/thumb/v7e-m+fp/hard/crtn.o
 *(.fini)
 .fini          0x08009abc        0x4 e:/ng_circumstance/arm/bin/../lib/gcc/arm-none-eabi/10.3.1/thumb/v7e-m+fp/hard/crti.o
                0x08009abc                _fini
 .fini          0x08009ac0        0x8 e:/ng_circumstance/arm/bin/../lib/gcc/arm-none-eabi/10.3.1/thumb/v7e-m+fp/hard/crtn.o
                0x08009ac8                . = ALIGN (0x4)
                0x08009ac8                _etext = .

.vfp11_veneer   0x08009ac8        0x0
 .vfp11_veneer  0x08009ac8        0x0 linker stubs

.v4_bx          0x08009ac8        0x0
 .v4_bx         0x08009ac8        0x0 linker stubs

.iplt           0x08009ac8        0x0
 .iplt          0x08009ac8        0x0 e:/ng_circumstance/arm/bin/../lib/gcc/arm-none-eabi/10.3.1/thumb/v7e-m+fp/hard/crtbegin.o

.rodata         0x08009ac8      0x54c
                0x08009ac8                . = ALIGN (0x4)
 *(.rodata)
 *(.rodata*)
 .rodata.str1.4
                0x08009ac8       0x30 build/freertos.o
 .rodata.defaultTask_attributes
                0x08009af8       0x24 build/freertos.o
                0x08009af8                defaultTask_attributes
 .rodata.myTask02_attributes
                0x08009b1c       0x24 build/freertos.o
                0x08009b1c                myTask02_attributes
 .rodata.myTask03_attributes
                0x08009b40       0x24 build/freertos.o
                0x08009b40                myTask03_attributes
 .rodata.myTask04_attributes
                0x08009b64       0x24 build/freertos.o
                0x08009b64                myTask04_attributes
 .rodata.flagBitshiftOffset.0
                0x08009b88        0x8 build/stm32f4xx_hal_dma.o
 .rodata.AHBPrescTable
                0x08009b90       0x10 build/system_stm32f4xx.o
                0x08009b90                AHBPrescTable
 .rodata.APBPrescTable
                0x08009ba0        0x8 build/system_stm32f4xx.o
                0x08009ba0                APBPrescTable
 .rodata.vTaskStartScheduler.str1.4
                0x08009ba8        0x5 build/tasks.o
 *fill*         0x08009bad        0x3 
 .rodata.prvCheckForValidListAndQueue.str1.4
                0x08009bb0        0x5 build/timers.o
 *fill*         0x08009bb5        0x3 
 .rodata.xTimerCreateTimerTask.str1.4
                0x08009bb8        0x8 build/timers.o
 .rodata.robot_cmd_update.str1.4
                0x08009bc0       0x1c build/robot_cmd.o
 .rodata.SBUS_Init.str1.4
                0x08009bdc       0x17 build/sbus_ht10a.o
 *fill*         0x08009bf3        0x1 
 .rodata._global_impure_ptr
                0x08009bf4        0x4 e:/ng_circumstance/arm/bin/../lib/gcc/arm-none-eabi/10.3.1/../../../../arm-none-eabi/lib/thumb/v7e-m+fp/hard\libc_nano.a(lib_a-impure.o)
                0x08009bf4                _global_impure_ptr
 .rodata._printf_float.str1.1
                0x08009bf8       0x12 e:/ng_circumstance/arm/bin/../lib/gcc/arm-none-eabi/10.3.1/../../../../arm-none-eabi/lib/thumb/v7e-m+fp/hard\libc_nano.a(lib_a-nano-vfprintf_float.o)
 .rodata._printf_i.str1.1
                0x08009c0a       0x22 e:/ng_circumstance/arm/bin/../lib/gcc/arm-none-eabi/10.3.1/../../../../arm-none-eabi/lib/thumb/v7e-m+fp/hard\libc_nano.a(lib_a-nano-vfprintf_i.o)
 .rodata._dtoa_r.str1.1
                0x08009c2c       0xb3 e:/ng_circumstance/arm/bin/../lib/gcc/arm-none-eabi/10.3.1/../../../../arm-none-eabi/lib/thumb/v7e-m+fp/hard\libc_nano.a(lib_a-dtoa.o)
                                 0xb5 (size before relaxing)
 *fill*         0x08009cdf        0x1 
 .rodata.__sf_fake_stderr
                0x08009ce0       0x20 e:/ng_circumstance/arm/bin/../lib/gcc/arm-none-eabi/10.3.1/../../../../arm-none-eabi/lib/thumb/v7e-m+fp/hard\libc_nano.a(lib_a-findfp.o)
                0x08009ce0                __sf_fake_stderr
 .rodata.__sf_fake_stdin
                0x08009d00       0x20 e:/ng_circumstance/arm/bin/../lib/gcc/arm-none-eabi/10.3.1/../../../../arm-none-eabi/lib/thumb/v7e-m+fp/hard\libc_nano.a(lib_a-findfp.o)
                0x08009d00                __sf_fake_stdin
 .rodata.__sf_fake_stdout
                0x08009d20       0x20 e:/ng_circumstance/arm/bin/../lib/gcc/arm-none-eabi/10.3.1/../../../../arm-none-eabi/lib/thumb/v7e-m+fp/hard\libc_nano.a(lib_a-findfp.o)
                0x08009d20                __sf_fake_stdout
 .rodata._Balloc.str1.1
                0x08009d40       0x7f e:/ng_circumstance/arm/bin/../lib/gcc/arm-none-eabi/10.3.1/../../../../arm-none-eabi/lib/thumb/v7e-m+fp/hard\libc_nano.a(lib_a-mprec.o)
                                 0x96 (size before relaxing)
 .rodata.__multadd.str1.1
                0x08009dbf       0x11 e:/ng_circumstance/arm/bin/../lib/gcc/arm-none-eabi/10.3.1/../../../../arm-none-eabi/lib/thumb/v7e-m+fp/hard\libc_nano.a(lib_a-mprec.o)
 *fill*         0x08009dbf        0x1 
 .rodata.__mprec_bigtens
                0x08009dc0       0x28 e:/ng_circumstance/arm/bin/../lib/gcc/arm-none-eabi/10.3.1/../../../../arm-none-eabi/lib/thumb/v7e-m+fp/hard\libc_nano.a(lib_a-mprec.o)
                0x08009dc0                __mprec_bigtens
 .rodata.__mprec_tens
                0x08009de8       0xc8 e:/ng_circumstance/arm/bin/../lib/gcc/arm-none-eabi/10.3.1/../../../../arm-none-eabi/lib/thumb/v7e-m+fp/hard\libc_nano.a(lib_a-mprec.o)
                0x08009de8                __mprec_tens
 .rodata.p05.0  0x08009eb0        0xc e:/ng_circumstance/arm/bin/../lib/gcc/arm-none-eabi/10.3.1/../../../../arm-none-eabi/lib/thumb/v7e-m+fp/hard\libc_nano.a(lib_a-mprec.o)
 .rodata._vfprintf_r.str1.1
                0x08009ebc       0x11 e:/ng_circumstance/arm/bin/../lib/gcc/arm-none-eabi/10.3.1/../../../../arm-none-eabi/lib/thumb/v7e-m+fp/hard\libc_nano.a(lib_a-nano-vfprintf.o)
 .rodata.__assert_func.str1.1
                0x08009ecd       0x3c e:/ng_circumstance/arm/bin/../lib/gcc/arm-none-eabi/10.3.1/../../../../arm-none-eabi/lib/thumb/v7e-m+fp/hard\libc_nano.a(lib_a-assert.o)
                                 0x3d (size before relaxing)
 .rodata._setlocale_r.str1.1
                0x08009f09        0x8 e:/ng_circumstance/arm/bin/../lib/gcc/arm-none-eabi/10.3.1/../../../../arm-none-eabi/lib/thumb/v7e-m+fp/hard\libc_nano.a(lib_a-locale.o)
                                  0x9 (size before relaxing)
 .rodata.str1.1
                0x08009f11        0x2 e:/ng_circumstance/arm/bin/../lib/gcc/arm-none-eabi/10.3.1/../../../../arm-none-eabi/lib/thumb/v7e-m+fp/hard\libc_nano.a(lib_a-locale.o)
 .rodata._ctype_
                0x08009f13      0x101 e:/ng_circumstance/arm/bin/../lib/gcc/arm-none-eabi/10.3.1/../../../../arm-none-eabi/lib/thumb/v7e-m+fp/hard\libc_nano.a(lib_a-ctype_.o)
                0x08009f13                _ctype_
                0x0800a014                . = ALIGN (0x4)

.ARM.extab
 *(.ARM.extab* .gnu.linkonce.armextab.*)

.ARM            0x0800a014        0x8
                0x0800a014                __exidx_start = .
 *(.ARM.exidx*)
 .ARM.exidx     0x0800a014        0x8 e:/ng_circumstance/arm/bin/../lib/gcc/arm-none-eabi/10.3.1/thumb/v7e-m+fp/hard\libgcc.a(_udivmoddi4.o)
                0x0800a01c                __exidx_end = .

.rel.dyn        0x0800a01c        0x0
 .rel.iplt      0x0800a01c        0x0 e:/ng_circumstance/arm/bin/../lib/gcc/arm-none-eabi/10.3.1/thumb/v7e-m+fp/hard/crtbegin.o

.preinit_array  0x0800a01c        0x0
                0x0800a01c                PROVIDE (__preinit_array_start = .)
 *(.preinit_array*)
                0x0800a01c                PROVIDE (__preinit_array_end = .)

.init_array     0x0800a01c        0x4
                0x0800a01c                PROVIDE (__init_array_start = .)
 *(SORT_BY_NAME(.init_array.*))
 *(.init_array*)
 .init_array    0x0800a01c        0x4 e:/ng_circumstance/arm/bin/../lib/gcc/arm-none-eabi/10.3.1/thumb/v7e-m+fp/hard/crtbegin.o
                0x0800a020                PROVIDE (__init_array_end = .)

.fini_array     0x0800a020        0x4
                [!provide]                PROVIDE (__fini_array_start = .)
 *(SORT_BY_NAME(.fini_array.*))
 *(.fini_array*)
 .fini_array    0x0800a020        0x4 e:/ng_circumstance/arm/bin/../lib/gcc/arm-none-eabi/10.3.1/thumb/v7e-m+fp/hard/crtbegin.o
                [!provide]                PROVIDE (__fini_array_end = .)
                0x0800a024                _sidata = LOADADDR (.data)

.data           0x20000000      0x1e4 load address 0x0800a024
                0x20000000                . = ALIGN (0x4)
                0x20000000                _sdata = .
 *(.data)
 *(.data*)
 .data.uwTickFreq
                0x20000000        0x1 build/stm32f4xx_hal.o
                0x20000000                uwTickFreq
 *fill*         0x20000001        0x3 
 .data.uwTickPrio
                0x20000004        0x4 build/stm32f4xx_hal.o
                0x20000004                uwTickPrio
 .data.SystemCoreClock
                0x20000008        0x4 build/system_stm32f4xx.o
                0x20000008                SystemCoreClock
 .data.uxCriticalNesting
                0x2000000c        0x4 build/port.o
 .data.hsbus1   0x20000010        0x4 build/sbus_ht10a.o
                0x20000010                hsbus1
 .data._impure_ptr
                0x20000014        0x4 e:/ng_circumstance/arm/bin/../lib/gcc/arm-none-eabi/10.3.1/../../../../arm-none-eabi/lib/thumb/v7e-m+fp/hard\libc_nano.a(lib_a-impure.o)
                0x20000014                _impure_ptr
 .data.impure_data
                0x20000018       0x60 e:/ng_circumstance/arm/bin/../lib/gcc/arm-none-eabi/10.3.1/../../../../arm-none-eabi/lib/thumb/v7e-m+fp/hard\libc_nano.a(lib_a-impure.o)
 .data.__global_locale
                0x20000078      0x16c e:/ng_circumstance/arm/bin/../lib/gcc/arm-none-eabi/10.3.1/../../../../arm-none-eabi/lib/thumb/v7e-m+fp/hard\libc_nano.a(lib_a-locale.o)
                0x20000078                __global_locale
                0x200001e4                . = ALIGN (0x4)
                0x200001e4                _edata = .
                0x0800a208                _siccmram = LOADADDR (.ccmram)

.igot.plt       0x200001e4        0x0 load address 0x0800a208
 .igot.plt      0x200001e4        0x0 e:/ng_circumstance/arm/bin/../lib/gcc/arm-none-eabi/10.3.1/thumb/v7e-m+fp/hard/crtbegin.o

.ccmram         0x10000000        0x0 load address 0x0800a208
                0x10000000                . = ALIGN (0x4)
                0x10000000                _sccmram = .
 *(.ccmram)
 *(.ccmram*)
                0x10000000                . = ALIGN (0x4)
                0x10000000                _eccmram = .
                0x10000000                . = ALIGN (0x4)

.bss            0x200001e4     0x50ac
                0x200001e4                _sbss = .
                0x200001e4                __bss_start__ = _sbss
 *(.bss)
 .bss           0x200001e4       0x1c e:/ng_circumstance/arm/bin/../lib/gcc/arm-none-eabi/10.3.1/thumb/v7e-m+fp/hard/crtbegin.o
 *(.bss*)
 .bss.defaultTaskHandle
                0x20000200        0x4 build/freertos.o
                0x20000200                defaultTaskHandle
 .bss.myTask02Handle
                0x20000204        0x4 build/freertos.o
                0x20000204                myTask02Handle
 .bss.myTask03Handle
                0x20000208        0x4 build/freertos.o
                0x20000208                myTask03Handle
 .bss.myTask04Handle
                0x2000020c        0x4 build/freertos.o
                0x2000020c                myTask04Handle
 .bss.htim8     0x20000210       0x48 build/stm32f4xx_hal_timebase_tim.o
                0x20000210                htim8
 .bss.uwTick    0x20000258        0x4 build/stm32f4xx_hal.o
                0x20000258                uwTick
 .bss.xQueueRegistry
                0x2000025c       0x40 build/queue.o
                0x2000025c                xQueueRegistry
 .bss.pxCurrentTCB
                0x2000029c        0x4 build/tasks.o
                0x2000029c                pxCurrentTCB
 .bss.pxDelayedTaskList
                0x200002a0        0x4 build/tasks.o
 .bss.pxOverflowDelayedTaskList
                0x200002a4        0x4 build/tasks.o
 .bss.pxReadyTasksLists
                0x200002a8      0x460 build/tasks.o
 .bss.uxCurrentNumberOfTasks
                0x20000708        0x4 build/tasks.o
 .bss.uxDeletedTasksWaitingCleanUp
                0x2000070c        0x4 build/tasks.o
 .bss.uxSchedulerSuspended
                0x20000710        0x4 build/tasks.o
 .bss.uxTaskNumber
                0x20000714        0x4 build/tasks.o
 .bss.uxTopReadyPriority
                0x20000718        0x4 build/tasks.o
 .bss.xDelayedTaskList1
                0x2000071c       0x14 build/tasks.o
 .bss.xDelayedTaskList2
                0x20000730       0x14 build/tasks.o
 .bss.xIdleTaskHandle
                0x20000744        0x4 build/tasks.o
 .bss.xNextTaskUnblockTime
                0x20000748        0x4 build/tasks.o
 .bss.xNumOfOverflows
                0x2000074c        0x4 build/tasks.o
 .bss.xPendedTicks
                0x20000750        0x4 build/tasks.o
 .bss.xPendingReadyList
                0x20000754       0x14 build/tasks.o
 .bss.xSchedulerRunning
                0x20000768        0x4 build/tasks.o
 .bss.xSuspendedTaskList
                0x2000076c       0x14 build/tasks.o
 .bss.xTasksWaitingTermination
                0x20000780       0x14 build/tasks.o
 .bss.xTickCount
                0x20000794        0x4 build/tasks.o
 .bss.xYieldPending
                0x20000798        0x4 build/tasks.o
 .bss.pxCurrentTimerList
                0x2000079c        0x4 build/timers.o
 .bss.pxOverflowTimerList
                0x200007a0        0x4 build/timers.o
 .bss.ucStaticTimerQueueStorage.1
                0x200007a4       0xa0 build/timers.o
 .bss.xActiveTimerList1
                0x20000844       0x14 build/timers.o
 .bss.xActiveTimerList2
                0x20000858       0x14 build/timers.o
 .bss.xLastTime.2
                0x2000086c        0x4 build/timers.o
 .bss.xStaticTimerQueue.0
                0x20000870       0x50 build/timers.o
 .bss.xTimerQueue
                0x200008c0        0x4 build/timers.o
 .bss.xTimerTaskHandle
                0x200008c4        0x4 build/timers.o
 .bss.Idle_Stack.2
                0x200008c8      0x200 build/cmsis_os2.o
 .bss.Idle_TCB.3
                0x20000ac8       0x5c build/cmsis_os2.o
 .bss.KernelState
                0x20000b24        0x4 build/cmsis_os2.o
 .bss.Timer_Stack.0
                0x20000b28      0x400 build/cmsis_os2.o
 .bss.Timer_TCB.1
                0x20000f28       0x5c build/cmsis_os2.o
 .bss.pxEnd     0x20000f84        0x4 build/heap_4.o
 .bss.ucHeap    0x20000f88     0x3c00 build/heap_4.o
 .bss.xBlockAllocatedBit
                0x20004b88        0x4 build/heap_4.o
 .bss.xFreeBytesRemaining
                0x20004b8c        0x4 build/heap_4.o
 .bss.xMinimumEverFreeBytesRemaining
                0x20004b90        0x4 build/heap_4.o
 .bss.xNumberOfSuccessfulAllocations
                0x20004b94        0x4 build/heap_4.o
 .bss.xNumberOfSuccessfulFrees
                0x20004b98        0x4 build/heap_4.o
 .bss.xStart    0x20004b9c        0x8 build/heap_4.o
 .bss.ucMaxSysCallPriority
                0x20004ba4        0x1 build/port.o
 *fill*         0x20004ba5        0x3 
 .bss.ulMaxPRIGROUPValue
                0x20004ba8        0x4 build/port.o
 .bss.__sbrk_heap_end
                0x20004bac        0x4 build/sysmem.o
 .bss.hdma_uart4_rx
                0x20004bb0       0x60 build/usart.o
                0x20004bb0                hdma_uart4_rx
 .bss.hdma_uart5_rx
                0x20004c10       0x60 build/usart.o
                0x20004c10                hdma_uart5_rx
 .bss.hdma_usart1_rx
                0x20004c70       0x60 build/usart.o
                0x20004c70                hdma_usart1_rx
 .bss.hdma_usart2_rx
                0x20004cd0       0x60 build/usart.o
                0x20004cd0                hdma_usart2_rx
 .bss.huart1    0x20004d30       0x48 build/usart.o
                0x20004d30                huart1
 .bss.huart2    0x20004d78       0x48 build/usart.o
                0x20004d78                huart2
 .bss.huart3    0x20004dc0       0x48 build/usart.o
                0x20004dc0                huart3
 .bss.huart4    0x20004e08       0x48 build/usart.o
                0x20004e08                huart4
 .bss.huart5    0x20004e50       0x48 build/usart.o
                0x20004e50                huart5
 .bss.hadc1     0x20004e98       0x48 build/adc.o
                0x20004e98                hadc1
 .bss.HAL_RCC_CAN1_CLK_ENABLED
                0x20004ee0        0x4 build/can.o
 .bss.hcan1     0x20004ee4       0x28 build/can.o
                0x20004ee4                hcan1
 .bss.hcan2     0x20004f0c       0x28 build/can.o
                0x20004f0c                hcan2
 .bss.hi2c1     0x20004f34       0x54 build/i2c.o
                0x20004f34                hi2c1
 .bss.hspi1     0x20004f88       0x58 build/spi.o
                0x20004f88                hspi1
 .bss.htim1     0x20004fe0       0x48 build/tim.o
                0x20004fe0                htim1
 .bss.htim12    0x20005028       0x48 build/tim.o
                0x20005028                htim12
 .bss.htim2     0x20005070       0x48 build/tim.o
                0x20005070                htim2
 .bss.htim3     0x200050b8       0x48 build/tim.o
                0x200050b8                htim3
 .bss.htim4     0x20005100       0x48 build/tim.o
                0x20005100                htim4
 .bss.htim5     0x20005148       0x48 build/tim.o
                0x20005148                htim5
 .bss.htim9     0x20005190       0x48 build/tim.o
                0x20005190                htim9
 .bss.hur       0x200051d8       0x18 build/robot_cmd.o
                0x200051d8                hur
 .bss.count.1   0x200051f0        0x4 build/sbus_ht10a.o
 .bss.error.0   0x200051f4        0x4 build/sbus_ht10a.o
 .bss.huart     0x200051f8        0x4 build/sbus_ht10a.o
 .bss.sbus1     0x200051fc       0x64 build/sbus_ht10a.o
 .bss.uart_rx_buffer
                0x20005260       0x20 build/sbus_ht10a.o
 .bss.__lock___malloc_recursive_mutex
                0x20005280        0x1 e:/ng_circumstance/arm/bin/../lib/gcc/arm-none-eabi/10.3.1/../../../../arm-none-eabi/lib/thumb/v7e-m+fp/hard\libc_nano.a(lib_a-lock.o)
                0x20005280                __lock___malloc_recursive_mutex
 .bss.__lock___sfp_recursive_mutex
                0x20005281        0x1 e:/ng_circumstance/arm/bin/../lib/gcc/arm-none-eabi/10.3.1/../../../../arm-none-eabi/lib/thumb/v7e-m+fp/hard\libc_nano.a(lib_a-lock.o)
                0x20005281                __lock___sfp_recursive_mutex
 .bss.__lock___sinit_recursive_mutex
                0x20005282        0x1 e:/ng_circumstance/arm/bin/../lib/gcc/arm-none-eabi/10.3.1/../../../../arm-none-eabi/lib/thumb/v7e-m+fp/hard\libc_nano.a(lib_a-lock.o)
                0x20005282                __lock___sinit_recursive_mutex
 *fill*         0x20005283        0x1 
 .bss.__malloc_free_list
                0x20005284        0x4 e:/ng_circumstance/arm/bin/../lib/gcc/arm-none-eabi/10.3.1/../../../../arm-none-eabi/lib/thumb/v7e-m+fp/hard\libc_nano.a(lib_a-nano-mallocr.o)
                0x20005284                __malloc_free_list
 .bss.__malloc_sbrk_start
                0x20005288        0x4 e:/ng_circumstance/arm/bin/../lib/gcc/arm-none-eabi/10.3.1/../../../../arm-none-eabi/lib/thumb/v7e-m+fp/hard\libc_nano.a(lib_a-nano-mallocr.o)
                0x20005288                __malloc_sbrk_start
 .bss.errno     0x2000528c        0x4 e:/ng_circumstance/arm/bin/../lib/gcc/arm-none-eabi/10.3.1/../../../../arm-none-eabi/lib/thumb/v7e-m+fp/hard\libc_nano.a(lib_a-reent.o)
                0x2000528c                errno
 *(COMMON)
                0x20005290                . = ALIGN (0x4)
                0x20005290                _ebss = .
                0x20005290                __bss_end__ = _ebss

._user_heap_stack
                0x20005290      0x600
                0x20005290                . = ALIGN (0x8)
                [!provide]                PROVIDE (end = .)
                0x20005290                PROVIDE (_end = .)
                0x20005490                . = (. + _Min_Heap_Size)
 *fill*         0x20005290      0x200 
                0x20005890                . = (. + _Min_Stack_Size)
 *fill*         0x20005490      0x400 
                0x20005890                . = ALIGN (0x8)

/DISCARD/
 libc.a(*)
 libm.a(*)
 libgcc.a(*)

.ARM.attributes
                0x00000000       0x30
 *(.ARM.attributes)
 .ARM.attributes
                0x00000000       0x1e e:/ng_circumstance/arm/bin/../lib/gcc/arm-none-eabi/10.3.1/thumb/v7e-m+fp/hard/crti.o
 .ARM.attributes
                0x0000001e       0x34 e:/ng_circumstance/arm/bin/../lib/gcc/arm-none-eabi/10.3.1/thumb/v7e-m+fp/hard/crtbegin.o
 .ARM.attributes
                0x00000052       0x34 build/main.o
 .ARM.attributes
                0x00000086       0x34 build/gpio.o
 .ARM.attributes
                0x000000ba       0x34 build/freertos.o
 .ARM.attributes
                0x000000ee       0x34 build/stm32f4xx_it.o
 .ARM.attributes
                0x00000122       0x34 build/stm32f4xx_hal_msp.o
 .ARM.attributes
                0x00000156       0x34 build/stm32f4xx_hal_timebase_tim.o
 .ARM.attributes
                0x0000018a       0x34 build/stm32f4xx_hal_rcc.o
 .ARM.attributes
                0x000001be       0x34 build/stm32f4xx_hal_gpio.o
 .ARM.attributes
                0x000001f2       0x34 build/stm32f4xx_hal_dma.o
 .ARM.attributes
                0x00000226       0x34 build/stm32f4xx_hal_cortex.o
 .ARM.attributes
                0x0000025a       0x34 build/stm32f4xx_hal.o
 .ARM.attributes
                0x0000028e       0x34 build/stm32f4xx_hal_tim.o
 .ARM.attributes
                0x000002c2       0x34 build/stm32f4xx_hal_tim_ex.o
 .ARM.attributes
                0x000002f6       0x34 build/system_stm32f4xx.o
 .ARM.attributes
                0x0000032a       0x34 build/list.o
 .ARM.attributes
                0x0000035e       0x34 build/queue.o
 .ARM.attributes
                0x00000392       0x34 build/tasks.o
 .ARM.attributes
                0x000003c6       0x34 build/timers.o
 .ARM.attributes
                0x000003fa       0x34 build/cmsis_os2.o
 .ARM.attributes
                0x0000042e       0x34 build/heap_4.o
 .ARM.attributes
                0x00000462       0x34 build/port.o
 .ARM.attributes
                0x00000496       0x34 build/sysmem.o
 .ARM.attributes
                0x000004ca       0x34 build/syscalls.o
 .ARM.attributes
                0x000004fe       0x34 build/usart.o
 .ARM.attributes
                0x00000532       0x34 build/stm32f4xx_hal_uart.o
 .ARM.attributes
                0x00000566       0x34 build/dma.o
 .ARM.attributes
                0x0000059a       0x34 build/adc.o
 .ARM.attributes
                0x000005ce       0x34 build/can.o
 .ARM.attributes
                0x00000602       0x34 build/i2c.o
 .ARM.attributes
                0x00000636       0x34 build/spi.o
 .ARM.attributes
                0x0000066a       0x34 build/tim.o
 .ARM.attributes
                0x0000069e       0x34 build/stm32f4xx_hal_adc.o
 .ARM.attributes
                0x000006d2       0x34 build/stm32f4xx_hal_adc_ex.o
 .ARM.attributes
                0x00000706       0x34 build/stm32f4xx_hal_can.o
 .ARM.attributes
                0x0000073a       0x34 build/stm32f4xx_hal_i2c.o
 .ARM.attributes
                0x0000076e       0x34 build/stm32f4xx_hal_spi.o
 .ARM.attributes
                0x000007a2       0x34 build/app.o
 .ARM.attributes
                0x000007d6       0x34 build/robot_cmd.o
 .ARM.attributes
                0x0000080a       0x34 build/sbus_ht10a.o
 .ARM.attributes
                0x0000083e       0x21 build/startup_stm32f407xx.o
 .ARM.attributes
                0x0000085f       0x34 e:/ng_circumstance/arm/bin/../lib/gcc/arm-none-eabi/10.3.1/../../../../arm-none-eabi/lib/thumb/v7e-m+fp/hard\libc_nano.a(lib_a-errno.o)
 .ARM.attributes
                0x00000893       0x34 e:/ng_circumstance/arm/bin/../lib/gcc/arm-none-eabi/10.3.1/../../../../arm-none-eabi/lib/thumb/v7e-m+fp/hard\libc_nano.a(lib_a-impure.o)
 .ARM.attributes
                0x000008c7       0x34 e:/ng_circumstance/arm/bin/../lib/gcc/arm-none-eabi/10.3.1/../../../../arm-none-eabi/lib/thumb/v7e-m+fp/hard\libc_nano.a(lib_a-init.o)
 .ARM.attributes
                0x000008fb       0x34 e:/ng_circumstance/arm/bin/../lib/gcc/arm-none-eabi/10.3.1/../../../../arm-none-eabi/lib/thumb/v7e-m+fp/hard\libc_nano.a(lib_a-memcpy-stub.o)
 .ARM.attributes
                0x0000092f       0x34 e:/ng_circumstance/arm/bin/../lib/gcc/arm-none-eabi/10.3.1/../../../../arm-none-eabi/lib/thumb/v7e-m+fp/hard\libc_nano.a(lib_a-memset.o)
 .ARM.attributes
                0x00000963       0x34 e:/ng_circumstance/arm/bin/../lib/gcc/arm-none-eabi/10.3.1/../../../../arm-none-eabi/lib/thumb/v7e-m+fp/hard\libc_nano.a(lib_a-nano-vfprintf_float.o)
 .ARM.attributes
                0x00000997       0x34 e:/ng_circumstance/arm/bin/../lib/gcc/arm-none-eabi/10.3.1/../../../../arm-none-eabi/lib/thumb/v7e-m+fp/hard\libc_nano.a(lib_a-nano-vfprintf_i.o)
 .ARM.attributes
                0x000009cb       0x34 e:/ng_circumstance/arm/bin/../lib/gcc/arm-none-eabi/10.3.1/../../../../arm-none-eabi/lib/thumb/v7e-m+fp/hard\libc_nano.a(lib_a-printf.o)
 .ARM.attributes
                0x000009ff       0x17 e:/ng_circumstance/arm/bin/../lib/gcc/arm-none-eabi/10.3.1/../../../../arm-none-eabi/lib/thumb/v7e-m+fp/hard\libc_nano.a(lib_a-strlen.o)
 .ARM.attributes
                0x00000a16       0x34 e:/ng_circumstance/arm/bin/../lib/gcc/arm-none-eabi/10.3.1/../../../../arm-none-eabi/lib/thumb/v7e-m+fp/hard\libc_nano.a(lib_a-wbuf.o)
 .ARM.attributes
                0x00000a4a       0x34 e:/ng_circumstance/arm/bin/../lib/gcc/arm-none-eabi/10.3.1/../../../../arm-none-eabi/lib/thumb/v7e-m+fp/hard\libc_nano.a(lib_a-wsetup.o)
 .ARM.attributes
                0x00000a7e       0x34 e:/ng_circumstance/arm/bin/../lib/gcc/arm-none-eabi/10.3.1/../../../../arm-none-eabi/lib/thumb/v7e-m+fp/hard\libc_nano.a(lib_a-dtoa.o)
 .ARM.attributes
                0x00000ab2       0x34 e:/ng_circumstance/arm/bin/../lib/gcc/arm-none-eabi/10.3.1/../../../../arm-none-eabi/lib/thumb/v7e-m+fp/hard\libc_nano.a(lib_a-fflush.o)
 .ARM.attributes
                0x00000ae6       0x34 e:/ng_circumstance/arm/bin/../lib/gcc/arm-none-eabi/10.3.1/../../../../arm-none-eabi/lib/thumb/v7e-m+fp/hard\libc_nano.a(lib_a-findfp.o)
 .ARM.attributes
                0x00000b1a       0x34 e:/ng_circumstance/arm/bin/../lib/gcc/arm-none-eabi/10.3.1/../../../../arm-none-eabi/lib/thumb/v7e-m+fp/hard\libc_nano.a(lib_a-fwalk.o)
 .ARM.attributes
                0x00000b4e       0x34 e:/ng_circumstance/arm/bin/../lib/gcc/arm-none-eabi/10.3.1/../../../../arm-none-eabi/lib/thumb/v7e-m+fp/hard\libc_nano.a(lib_a-localeconv.o)
 .ARM.attributes
                0x00000b82       0x34 e:/ng_circumstance/arm/bin/../lib/gcc/arm-none-eabi/10.3.1/../../../../arm-none-eabi/lib/thumb/v7e-m+fp/hard\libc_nano.a(lib_a-lock.o)
 .ARM.attributes
                0x00000bb6       0x34 e:/ng_circumstance/arm/bin/../lib/gcc/arm-none-eabi/10.3.1/../../../../arm-none-eabi/lib/thumb/v7e-m+fp/hard\libc_nano.a(lib_a-makebuf.o)
 .ARM.attributes
                0x00000bea       0x34 e:/ng_circumstance/arm/bin/../lib/gcc/arm-none-eabi/10.3.1/../../../../arm-none-eabi/lib/thumb/v7e-m+fp/hard\libc_nano.a(lib_a-malloc.o)
 .ARM.attributes
                0x00000c1e       0x1c e:/ng_circumstance/arm/bin/../lib/gcc/arm-none-eabi/10.3.1/../../../../arm-none-eabi/lib/thumb/v7e-m+fp/hard\libc_nano.a(lib_a-memchr.o)
 .ARM.attributes
                0x00000c3a       0x34 e:/ng_circumstance/arm/bin/../lib/gcc/arm-none-eabi/10.3.1/../../../../arm-none-eabi/lib/thumb/v7e-m+fp/hard\libc_nano.a(lib_a-mprec.o)
 .ARM.attributes
                0x00000c6e       0x34 e:/ng_circumstance/arm/bin/../lib/gcc/arm-none-eabi/10.3.1/../../../../arm-none-eabi/lib/thumb/v7e-m+fp/hard\libc_nano.a(lib_a-nano-callocr.o)
 .ARM.attributes
                0x00000ca2       0x34 e:/ng_circumstance/arm/bin/../lib/gcc/arm-none-eabi/10.3.1/../../../../arm-none-eabi/lib/thumb/v7e-m+fp/hard\libc_nano.a(lib_a-nano-freer.o)
 .ARM.attributes
                0x00000cd6       0x34 e:/ng_circumstance/arm/bin/../lib/gcc/arm-none-eabi/10.3.1/../../../../arm-none-eabi/lib/thumb/v7e-m+fp/hard\libc_nano.a(lib_a-nano-mallocr.o)
 .ARM.attributes
                0x00000d0a       0x34 e:/ng_circumstance/arm/bin/../lib/gcc/arm-none-eabi/10.3.1/../../../../arm-none-eabi/lib/thumb/v7e-m+fp/hard\libc_nano.a(lib_a-nano-vfprintf.o)
 .ARM.attributes
                0x00000d3e       0x34 e:/ng_circumstance/arm/bin/../lib/gcc/arm-none-eabi/10.3.1/../../../../arm-none-eabi/lib/thumb/v7e-m+fp/hard\libc_nano.a(lib_a-sbrkr.o)
 .ARM.attributes
                0x00000d72       0x34 e:/ng_circumstance/arm/bin/../lib/gcc/arm-none-eabi/10.3.1/../../../../arm-none-eabi/lib/thumb/v7e-m+fp/hard\libc_nano.a(lib_a-stdio.o)
 .ARM.attributes
                0x00000da6       0x34 e:/ng_circumstance/arm/bin/../lib/gcc/arm-none-eabi/10.3.1/../../../../arm-none-eabi/lib/thumb/v7e-m+fp/hard\libc_nano.a(lib_a-writer.o)
 .ARM.attributes
                0x00000dda       0x34 e:/ng_circumstance/arm/bin/../lib/gcc/arm-none-eabi/10.3.1/../../../../arm-none-eabi/lib/thumb/v7e-m+fp/hard\libc_nano.a(lib_a-assert.o)
 .ARM.attributes