ARM GAS  C:\Users\honor\AppData\Local\Temp\ccGOpW0z.s 			page 1


   1              		.cpu cortex-m4
   2              		.arch armv7e-m
   3              		.fpu fpv4-sp-d16
   4              		.eabi_attribute 27, 1
   5              		.eabi_attribute 28, 1
   6              		.eabi_attribute 20, 1
   7              		.eabi_attribute 21, 1
   8              		.eabi_attribute 23, 3
   9              		.eabi_attribute 24, 1
  10              		.eabi_attribute 25, 1
  11              		.eabi_attribute 26, 1
  12              		.eabi_attribute 30, 1
  13              		.eabi_attribute 34, 1
  14              		.eabi_attribute 18, 4
  15              		.file	"freertos.c"
  16              		.text
  17              	.Ltext0:
  18              		.cfi_sections	.debug_frame
  19              		.section	.text.StartDefaultTask,"ax",%progbits
  20              		.align	1
  21              		.global	StartDefaultTask
  22              		.syntax unified
  23              		.thumb
  24              		.thumb_func
  26              	StartDefaultTask:
  27              	.LFB247:
  28              		.file 1 "frameworks/f407/Core/Src/freertos.c"
   1:frameworks/f407/Core/Src/freertos.c **** /* USER CODE BEGIN Header */
   2:frameworks/f407/Core/Src/freertos.c **** /**
   3:frameworks/f407/Core/Src/freertos.c ****   ******************************************************************************
   4:frameworks/f407/Core/Src/freertos.c ****   * File Name          : freertos.c
   5:frameworks/f407/Core/Src/freertos.c ****   * Description        : Code for freertos applications
   6:frameworks/f407/Core/Src/freertos.c ****   ******************************************************************************
   7:frameworks/f407/Core/Src/freertos.c ****   * @attention
   8:frameworks/f407/Core/Src/freertos.c ****   *
   9:frameworks/f407/Core/Src/freertos.c ****   * Copyright (c) 2026 STMicroelectronics.
  10:frameworks/f407/Core/Src/freertos.c ****   * All rights reserved.
  11:frameworks/f407/Core/Src/freertos.c ****   *
  12:frameworks/f407/Core/Src/freertos.c ****   * This software is licensed under terms that can be found in the LICENSE file
  13:frameworks/f407/Core/Src/freertos.c ****   * in the root directory of this software component.
  14:frameworks/f407/Core/Src/freertos.c ****   * If no LICENSE file comes with this software, it is provided AS-IS.
  15:frameworks/f407/Core/Src/freertos.c ****   *
  16:frameworks/f407/Core/Src/freertos.c ****   ******************************************************************************
  17:frameworks/f407/Core/Src/freertos.c ****   */
  18:frameworks/f407/Core/Src/freertos.c **** /* USER CODE END Header */
  19:frameworks/f407/Core/Src/freertos.c **** 
  20:frameworks/f407/Core/Src/freertos.c **** /* Includes ------------------------------------------------------------------*/
  21:frameworks/f407/Core/Src/freertos.c **** #include "FreeRTOS.h"
  22:frameworks/f407/Core/Src/freertos.c **** #include "task.h"
  23:frameworks/f407/Core/Src/freertos.c **** #include "main.h"
  24:frameworks/f407/Core/Src/freertos.c **** #include "cmsis_os.h"
  25:frameworks/f407/Core/Src/freertos.c **** 
  26:frameworks/f407/Core/Src/freertos.c **** /* Private includes ----------------------------------------------------------*/
  27:frameworks/f407/Core/Src/freertos.c **** /* USER CODE BEGIN Includes */
  28:frameworks/f407/Core/Src/freertos.c **** #include "app.h"
  29:frameworks/f407/Core/Src/freertos.c **** /* USER CODE END Includes */
  30:frameworks/f407/Core/Src/freertos.c **** 
ARM GAS  C:\Users\honor\AppData\Local\Temp\ccGOpW0z.s 			page 2


  31:frameworks/f407/Core/Src/freertos.c **** /* Private typedef -----------------------------------------------------------*/
  32:frameworks/f407/Core/Src/freertos.c **** /* USER CODE BEGIN PTD */
  33:frameworks/f407/Core/Src/freertos.c **** 
  34:frameworks/f407/Core/Src/freertos.c **** /* USER CODE END PTD */
  35:frameworks/f407/Core/Src/freertos.c **** 
  36:frameworks/f407/Core/Src/freertos.c **** /* Private define ------------------------------------------------------------*/
  37:frameworks/f407/Core/Src/freertos.c **** /* USER CODE BEGIN PD */
  38:frameworks/f407/Core/Src/freertos.c **** 
  39:frameworks/f407/Core/Src/freertos.c **** /* USER CODE END PD */
  40:frameworks/f407/Core/Src/freertos.c **** 
  41:frameworks/f407/Core/Src/freertos.c **** /* Private macro -------------------------------------------------------------*/
  42:frameworks/f407/Core/Src/freertos.c **** /* USER CODE BEGIN PM */
  43:frameworks/f407/Core/Src/freertos.c **** 
  44:frameworks/f407/Core/Src/freertos.c **** /* USER CODE END PM */
  45:frameworks/f407/Core/Src/freertos.c **** 
  46:frameworks/f407/Core/Src/freertos.c **** /* Private variables ---------------------------------------------------------*/
  47:frameworks/f407/Core/Src/freertos.c **** /* USER CODE BEGIN Variables */
  48:frameworks/f407/Core/Src/freertos.c **** 
  49:frameworks/f407/Core/Src/freertos.c **** /* USER CODE END Variables */
  50:frameworks/f407/Core/Src/freertos.c **** /* Definitions for defaultTask */
  51:frameworks/f407/Core/Src/freertos.c **** osThreadId_t defaultTaskHandle;
  52:frameworks/f407/Core/Src/freertos.c **** const osThreadAttr_t defaultTask_attributes = {
  53:frameworks/f407/Core/Src/freertos.c ****   .name = "defaultTask",
  54:frameworks/f407/Core/Src/freertos.c ****   .stack_size = 256 * 4,
  55:frameworks/f407/Core/Src/freertos.c ****   .priority = (osPriority_t) osPriorityNormal,
  56:frameworks/f407/Core/Src/freertos.c **** };
  57:frameworks/f407/Core/Src/freertos.c **** /* Definitions for myTask02 */
  58:frameworks/f407/Core/Src/freertos.c **** osThreadId_t myTask02Handle;
  59:frameworks/f407/Core/Src/freertos.c **** const osThreadAttr_t myTask02_attributes = {
  60:frameworks/f407/Core/Src/freertos.c ****   .name = "myTask02",
  61:frameworks/f407/Core/Src/freertos.c ****   .stack_size = 256 * 4,
  62:frameworks/f407/Core/Src/freertos.c ****   .priority = (osPriority_t) osPriorityLow,
  63:frameworks/f407/Core/Src/freertos.c **** };
  64:frameworks/f407/Core/Src/freertos.c **** /* Definitions for myTask03 */
  65:frameworks/f407/Core/Src/freertos.c **** osThreadId_t myTask03Handle;
  66:frameworks/f407/Core/Src/freertos.c **** const osThreadAttr_t myTask03_attributes = {
  67:frameworks/f407/Core/Src/freertos.c ****   .name = "myTask03",
  68:frameworks/f407/Core/Src/freertos.c ****   .stack_size = 256 * 4,
  69:frameworks/f407/Core/Src/freertos.c ****   .priority = (osPriority_t) osPriorityLow,
  70:frameworks/f407/Core/Src/freertos.c **** };
  71:frameworks/f407/Core/Src/freertos.c **** /* Definitions for myTask04 */
  72:frameworks/f407/Core/Src/freertos.c **** osThreadId_t myTask04Handle;
  73:frameworks/f407/Core/Src/freertos.c **** const osThreadAttr_t myTask04_attributes = {
  74:frameworks/f407/Core/Src/freertos.c ****   .name = "myTask04",
  75:frameworks/f407/Core/Src/freertos.c ****   .stack_size = 256 * 4,
  76:frameworks/f407/Core/Src/freertos.c ****   .priority = (osPriority_t) osPriorityLow,
  77:frameworks/f407/Core/Src/freertos.c **** };
  78:frameworks/f407/Core/Src/freertos.c **** 
  79:frameworks/f407/Core/Src/freertos.c **** /* Private function prototypes -----------------------------------------------*/
  80:frameworks/f407/Core/Src/freertos.c **** /* USER CODE BEGIN FunctionPrototypes */
  81:frameworks/f407/Core/Src/freertos.c **** 
  82:frameworks/f407/Core/Src/freertos.c **** /* USER CODE END FunctionPrototypes */
  83:frameworks/f407/Core/Src/freertos.c **** 
  84:frameworks/f407/Core/Src/freertos.c **** void StartDefaultTask(void *argument);
  85:frameworks/f407/Core/Src/freertos.c **** void StartTask02(void *argument);
  86:frameworks/f407/Core/Src/freertos.c **** void StartTask03(void *argument);
  87:frameworks/f407/Core/Src/freertos.c **** void StartTask04(void *argument);
ARM GAS  C:\Users\honor\AppData\Local\Temp\ccGOpW0z.s 			page 3


  88:frameworks/f407/Core/Src/freertos.c **** 
  89:frameworks/f407/Core/Src/freertos.c **** void MX_FREERTOS_Init(void); /* (MISRA C 2004 rule 8.1) */
  90:frameworks/f407/Core/Src/freertos.c **** 
  91:frameworks/f407/Core/Src/freertos.c **** /**
  92:frameworks/f407/Core/Src/freertos.c ****   * @brief  FreeRTOS initialization
  93:frameworks/f407/Core/Src/freertos.c ****   * @param  None
  94:frameworks/f407/Core/Src/freertos.c ****   * @retval None
  95:frameworks/f407/Core/Src/freertos.c ****   */
  96:frameworks/f407/Core/Src/freertos.c **** void MX_FREERTOS_Init(void) {
  97:frameworks/f407/Core/Src/freertos.c ****   /* USER CODE BEGIN Init */
  98:frameworks/f407/Core/Src/freertos.c **** 
  99:frameworks/f407/Core/Src/freertos.c ****   /* USER CODE END Init */
 100:frameworks/f407/Core/Src/freertos.c **** 
 101:frameworks/f407/Core/Src/freertos.c ****   /* USER CODE BEGIN RTOS_MUTEX */
 102:frameworks/f407/Core/Src/freertos.c ****   /* add mutexes, ... */
 103:frameworks/f407/Core/Src/freertos.c ****   /* USER CODE END RTOS_MUTEX */
 104:frameworks/f407/Core/Src/freertos.c **** 
 105:frameworks/f407/Core/Src/freertos.c ****   /* USER CODE BEGIN RTOS_SEMAPHORES */
 106:frameworks/f407/Core/Src/freertos.c ****   /* add semaphores, ... */
 107:frameworks/f407/Core/Src/freertos.c ****   /* USER CODE END RTOS_SEMAPHORES */
 108:frameworks/f407/Core/Src/freertos.c **** 
 109:frameworks/f407/Core/Src/freertos.c ****   /* USER CODE BEGIN RTOS_TIMERS */
 110:frameworks/f407/Core/Src/freertos.c ****   /* start timers, add new ones, ... */
 111:frameworks/f407/Core/Src/freertos.c ****   /* USER CODE END RTOS_TIMERS */
 112:frameworks/f407/Core/Src/freertos.c **** 
 113:frameworks/f407/Core/Src/freertos.c ****   /* USER CODE BEGIN RTOS_QUEUES */
 114:frameworks/f407/Core/Src/freertos.c ****   /* add queues, ... */
 115:frameworks/f407/Core/Src/freertos.c ****   /* USER CODE END RTOS_QUEUES */
 116:frameworks/f407/Core/Src/freertos.c **** 
 117:frameworks/f407/Core/Src/freertos.c ****   /* Create the thread(s) */
 118:frameworks/f407/Core/Src/freertos.c ****   /* creation of defaultTask */
 119:frameworks/f407/Core/Src/freertos.c ****   defaultTaskHandle = osThreadNew(StartDefaultTask, NULL, &defaultTask_attributes);
 120:frameworks/f407/Core/Src/freertos.c **** 
 121:frameworks/f407/Core/Src/freertos.c ****   /* creation of myTask02 */
 122:frameworks/f407/Core/Src/freertos.c ****   myTask02Handle = osThreadNew(StartTask02, NULL, &myTask02_attributes);
 123:frameworks/f407/Core/Src/freertos.c **** 
 124:frameworks/f407/Core/Src/freertos.c ****   /* creation of myTask03 */
 125:frameworks/f407/Core/Src/freertos.c ****   myTask03Handle = osThreadNew(StartTask03, NULL, &myTask03_attributes);
 126:frameworks/f407/Core/Src/freertos.c **** 
 127:frameworks/f407/Core/Src/freertos.c ****   /* creation of myTask04 */
 128:frameworks/f407/Core/Src/freertos.c ****   myTask04Handle = osThreadNew(StartTask04, NULL, &myTask04_attributes);
 129:frameworks/f407/Core/Src/freertos.c **** 
 130:frameworks/f407/Core/Src/freertos.c ****   /* USER CODE BEGIN RTOS_THREADS */
 131:frameworks/f407/Core/Src/freertos.c ****   /* add threads, ... */
 132:frameworks/f407/Core/Src/freertos.c ****   /* USER CODE END RTOS_THREADS */
 133:frameworks/f407/Core/Src/freertos.c **** 
 134:frameworks/f407/Core/Src/freertos.c ****   /* USER CODE BEGIN RTOS_EVENTS */
 135:frameworks/f407/Core/Src/freertos.c ****   /* add events, ... */
 136:frameworks/f407/Core/Src/freertos.c ****   /* USER CODE END RTOS_EVENTS */
 137:frameworks/f407/Core/Src/freertos.c **** 
 138:frameworks/f407/Core/Src/freertos.c **** }
 139:frameworks/f407/Core/Src/freertos.c **** 
 140:frameworks/f407/Core/Src/freertos.c **** /* USER CODE BEGIN Header_StartDefaultTask */
 141:frameworks/f407/Core/Src/freertos.c **** /**
 142:frameworks/f407/Core/Src/freertos.c ****   * @brief  Function implementing the defaultTask thread.
 143:frameworks/f407/Core/Src/freertos.c ****   * @param  argument: Not used
 144:frameworks/f407/Core/Src/freertos.c ****   * @retval None
ARM GAS  C:\Users\honor\AppData\Local\Temp\ccGOpW0z.s 			page 4


 145:frameworks/f407/Core/Src/freertos.c ****   */
 146:frameworks/f407/Core/Src/freertos.c **** /* USER CODE END Header_StartDefaultTask */
 147:frameworks/f407/Core/Src/freertos.c **** void StartDefaultTask(void *argument)
 148:frameworks/f407/Core/Src/freertos.c **** {
  29              		.loc 1 148 1 view -0
  30              		.cfi_startproc
  31              		@ Volatile: function does not return.
  32              		@ args = 0, pretend = 0, frame = 0
  33              		@ frame_needed = 0, uses_anonymous_args = 0
  34              	.LVL0:
  35              		.loc 1 148 1 is_stmt 0 view .LVU1
  36 0000 08B5     		push	{r3, lr}
  37              	.LCFI0:
  38              		.cfi_def_cfa_offset 8
  39              		.cfi_offset 3, -8
  40              		.cfi_offset 14, -4
  41              	.LVL1:
  42              	.L2:
 149:frameworks/f407/Core/Src/freertos.c ****   /* USER CODE BEGIN StartDefaultTask */
 150:frameworks/f407/Core/Src/freertos.c ****   /* Infinite loop */
 151:frameworks/f407/Core/Src/freertos.c ****   for(;;)
  43              		.loc 1 151 3 is_stmt 1 discriminator 1 view .LVU2
 152:frameworks/f407/Core/Src/freertos.c ****   {
 153:frameworks/f407/Core/Src/freertos.c ****     app_loop();
  44              		.loc 1 153 5 discriminator 1 view .LVU3
  45 0002 FFF7FEFF 		bl	app_loop
  46              	.LVL2:
 154:frameworks/f407/Core/Src/freertos.c ****     osDelay(1);
  47              		.loc 1 154 5 discriminator 1 view .LVU4
  48 0006 0120     		movs	r0, #1
  49 0008 FFF7FEFF 		bl	osDelay
  50              	.LVL3:
 151:frameworks/f407/Core/Src/freertos.c ****   {
  51              		.loc 1 151 8 discriminator 1 view .LVU5
  52 000c F9E7     		b	.L2
  53              		.cfi_endproc
  54              	.LFE247:
  56              		.section	.text.StartTask03,"ax",%progbits
  57              		.align	1
  58              		.global	StartTask03
  59              		.syntax unified
  60              		.thumb
  61              		.thumb_func
  63              	StartTask03:
  64              	.LFB249:
 155:frameworks/f407/Core/Src/freertos.c ****   }
 156:frameworks/f407/Core/Src/freertos.c ****   /* USER CODE END StartDefaultTask */
 157:frameworks/f407/Core/Src/freertos.c **** }
 158:frameworks/f407/Core/Src/freertos.c **** 
 159:frameworks/f407/Core/Src/freertos.c **** /* USER CODE BEGIN Header_StartTask02 */
 160:frameworks/f407/Core/Src/freertos.c **** /**
 161:frameworks/f407/Core/Src/freertos.c **** * @brief Function implementing the RobotcmdTask thread.
 162:frameworks/f407/Core/Src/freertos.c **** * @param argument: Not used
 163:frameworks/f407/Core/Src/freertos.c **** * @retval None
 164:frameworks/f407/Core/Src/freertos.c **** */
 165:frameworks/f407/Core/Src/freertos.c **** /* USER CODE END Header_StartTask02 */
 166:frameworks/f407/Core/Src/freertos.c **** void StartTask02(void *argument)
ARM GAS  C:\Users\honor\AppData\Local\Temp\ccGOpW0z.s 			page 5


 167:frameworks/f407/Core/Src/freertos.c **** {
 168:frameworks/f407/Core/Src/freertos.c ****   /* USER CODE BEGIN StartTask02 */
 169:frameworks/f407/Core/Src/freertos.c ****   osDelay(3000);
 170:frameworks/f407/Core/Src/freertos.c ****   /* Infinite loop */
 171:frameworks/f407/Core/Src/freertos.c ****   for(;;)
 172:frameworks/f407/Core/Src/freertos.c ****   {
 173:frameworks/f407/Core/Src/freertos.c ****     app_debug();
 174:frameworks/f407/Core/Src/freertos.c ****     osDelay(10);
 175:frameworks/f407/Core/Src/freertos.c ****   }
 176:frameworks/f407/Core/Src/freertos.c ****   /* USER CODE END StartTask02 */
 177:frameworks/f407/Core/Src/freertos.c **** }
 178:frameworks/f407/Core/Src/freertos.c **** 
 179:frameworks/f407/Core/Src/freertos.c **** /* USER CODE BEGIN Header_StartTask03 */
 180:frameworks/f407/Core/Src/freertos.c **** /**
 181:frameworks/f407/Core/Src/freertos.c **** * @brief Function implementing the myTask03 thread.
 182:frameworks/f407/Core/Src/freertos.c **** * @param argument: Not used
 183:frameworks/f407/Core/Src/freertos.c **** * @retval None
 184:frameworks/f407/Core/Src/freertos.c **** */
 185:frameworks/f407/Core/Src/freertos.c **** /* USER CODE END Header_StartTask03 */
 186:frameworks/f407/Core/Src/freertos.c **** void StartTask03(void *argument)
 187:frameworks/f407/Core/Src/freertos.c **** {
  65              		.loc 1 187 1 view -0
  66              		.cfi_startproc
  67              		@ Volatile: function does not return.
  68              		@ args = 0, pretend = 0, frame = 0
  69              		@ frame_needed = 0, uses_anonymous_args = 0
  70              	.LVL4:
  71              		.loc 1 187 1 is_stmt 0 view .LVU7
  72 0000 08B5     		push	{r3, lr}
  73              	.LCFI1:
  74              		.cfi_def_cfa_offset 8
  75              		.cfi_offset 3, -8
  76              		.cfi_offset 14, -4
  77              	.LVL5:
  78              	.L5:
 188:frameworks/f407/Core/Src/freertos.c ****   /* USER CODE BEGIN StartTask03 */
 189:frameworks/f407/Core/Src/freertos.c ****   /* Infinite loop */
 190:frameworks/f407/Core/Src/freertos.c ****   for(;;)
  79              		.loc 1 190 3 is_stmt 1 discriminator 1 view .LVU8
 191:frameworks/f407/Core/Src/freertos.c ****   {
 192:frameworks/f407/Core/Src/freertos.c ****     
 193:frameworks/f407/Core/Src/freertos.c ****     osDelay(1);
  80              		.loc 1 193 5 discriminator 1 view .LVU9
  81 0002 0120     		movs	r0, #1
  82 0004 FFF7FEFF 		bl	osDelay
  83              	.LVL6:
 190:frameworks/f407/Core/Src/freertos.c ****   {
  84              		.loc 1 190 8 discriminator 1 view .LVU10
  85 0008 FBE7     		b	.L5
  86              		.cfi_endproc
  87              	.LFE249:
  89              		.section	.text.StartTask04,"ax",%progbits
  90              		.align	1
  91              		.global	StartTask04
  92              		.syntax unified
  93              		.thumb
  94              		.thumb_func
ARM GAS  C:\Users\honor\AppData\Local\Temp\ccGOpW0z.s 			page 6


  96              	StartTask04:
  97              	.LFB250:
 194:frameworks/f407/Core/Src/freertos.c ****   }
 195:frameworks/f407/Core/Src/freertos.c ****   /* USER CODE END StartTask03 */
 196:frameworks/f407/Core/Src/freertos.c **** }
 197:frameworks/f407/Core/Src/freertos.c **** 
 198:frameworks/f407/Core/Src/freertos.c **** /* USER CODE BEGIN Header_StartTask04 */
 199:frameworks/f407/Core/Src/freertos.c **** /**
 200:frameworks/f407/Core/Src/freertos.c **** * @brief Function implementing the myTask04 thread.
 201:frameworks/f407/Core/Src/freertos.c **** * @param argument: Not used
 202:frameworks/f407/Core/Src/freertos.c **** * @retval None
 203:frameworks/f407/Core/Src/freertos.c **** */
 204:frameworks/f407/Core/Src/freertos.c **** /* USER CODE END Header_StartTask04 */
 205:frameworks/f407/Core/Src/freertos.c **** void StartTask04(void *argument)
 206:frameworks/f407/Core/Src/freertos.c **** {
  98              		.loc 1 206 1 view -0
  99              		.cfi_startproc
 100              		@ Volatile: function does not return.
 101              		@ args = 0, pretend = 0, frame = 0
 102              		@ frame_needed = 0, uses_anonymous_args = 0
 103              	.LVL7:
 104              		.loc 1 206 1 is_stmt 0 view .LVU12
 105 0000 08B5     		push	{r3, lr}
 106              	.LCFI2:
 107              		.cfi_def_cfa_offset 8
 108              		.cfi_offset 3, -8
 109              		.cfi_offset 14, -4
 110              	.LVL8:
 111              	.L8:
 207:frameworks/f407/Core/Src/freertos.c ****   /* USER CODE BEGIN StartTask04 */
 208:frameworks/f407/Core/Src/freertos.c ****   /* Infinite loop */
 209:frameworks/f407/Core/Src/freertos.c ****   for(;;)
 112              		.loc 1 209 3 is_stmt 1 discriminator 1 view .LVU13
 210:frameworks/f407/Core/Src/freertos.c ****   {
 211:frameworks/f407/Core/Src/freertos.c ****     osDelay(1);
 113              		.loc 1 211 5 discriminator 1 view .LVU14
 114 0002 0120     		movs	r0, #1
 115 0004 FFF7FEFF 		bl	osDelay
 116              	.LVL9:
 209:frameworks/f407/Core/Src/freertos.c ****   {
 117              		.loc 1 209 8 discriminator 1 view .LVU15
 118 0008 FBE7     		b	.L8
 119              		.cfi_endproc
 120              	.LFE250:
 122              		.section	.text.StartTask02,"ax",%progbits
 123              		.align	1
 124              		.global	StartTask02
 125              		.syntax unified
 126              		.thumb
 127              		.thumb_func
 129              	StartTask02:
 130              	.LVL10:
 131              	.LFB248:
 167:frameworks/f407/Core/Src/freertos.c ****   /* USER CODE BEGIN StartTask02 */
 132              		.loc 1 167 1 view -0
 133              		.cfi_startproc
 134              		@ Volatile: function does not return.
ARM GAS  C:\Users\honor\AppData\Local\Temp\ccGOpW0z.s 			page 7


 135              		@ args = 0, pretend = 0, frame = 0
 136              		@ frame_needed = 0, uses_anonymous_args = 0
 167:frameworks/f407/Core/Src/freertos.c ****   /* USER CODE BEGIN StartTask02 */
 137              		.loc 1 167 1 is_stmt 0 view .LVU17
 138 0000 08B5     		push	{r3, lr}
 139              	.LCFI3:
 140              		.cfi_def_cfa_offset 8
 141              		.cfi_offset 3, -8
 142              		.cfi_offset 14, -4
 169:frameworks/f407/Core/Src/freertos.c ****   /* Infinite loop */
 143              		.loc 1 169 3 is_stmt 1 view .LVU18
 144 0002 40F6B830 		movw	r0, #3000
 145              	.LVL11:
 169:frameworks/f407/Core/Src/freertos.c ****   /* Infinite loop */
 146              		.loc 1 169 3 is_stmt 0 view .LVU19
 147 0006 FFF7FEFF 		bl	osDelay
 148              	.LVL12:
 149              	.L11:
 171:frameworks/f407/Core/Src/freertos.c ****   {
 150              		.loc 1 171 3 is_stmt 1 discriminator 1 view .LVU20
 173:frameworks/f407/Core/Src/freertos.c ****     osDelay(10);
 151              		.loc 1 173 5 discriminator 1 view .LVU21
 152 000a FFF7FEFF 		bl	app_debug
 153              	.LVL13:
 174:frameworks/f407/Core/Src/freertos.c ****   }
 154              		.loc 1 174 5 discriminator 1 view .LVU22
 155 000e 0A20     		movs	r0, #10
 156 0010 FFF7FEFF 		bl	osDelay
 157              	.LVL14:
 171:frameworks/f407/Core/Src/freertos.c ****   {
 158              		.loc 1 171 8 discriminator 1 view .LVU23
 159 0014 F9E7     		b	.L11
 160              		.cfi_endproc
 161              	.LFE248:
 163              		.section	.text.MX_FREERTOS_Init,"ax",%progbits
 164              		.align	1
 165              		.global	MX_FREERTOS_Init
 166              		.syntax unified
 167              		.thumb
 168              		.thumb_func
 170              	MX_FREERTOS_Init:
 171              	.LFB246:
  96:frameworks/f407/Core/Src/freertos.c ****   /* USER CODE BEGIN Init */
 172              		.loc 1 96 29 view -0
 173              		.cfi_startproc
 174              		@ args = 0, pretend = 0, frame = 0
 175              		@ frame_needed = 0, uses_anonymous_args = 0
 176 0000 08B5     		push	{r3, lr}
 177              	.LCFI4:
 178              		.cfi_def_cfa_offset 8
 179              		.cfi_offset 3, -8
 180              		.cfi_offset 14, -4
 119:frameworks/f407/Core/Src/freertos.c **** 
 181              		.loc 1 119 3 view .LVU25
 119:frameworks/f407/Core/Src/freertos.c **** 
 182              		.loc 1 119 23 is_stmt 0 view .LVU26
 183 0002 0E4A     		ldr	r2, .L15
ARM GAS  C:\Users\honor\AppData\Local\Temp\ccGOpW0z.s 			page 8


 184 0004 0021     		movs	r1, #0
 185 0006 0E48     		ldr	r0, .L15+4
 186 0008 FFF7FEFF 		bl	osThreadNew
 187              	.LVL15:
 119:frameworks/f407/Core/Src/freertos.c **** 
 188              		.loc 1 119 21 view .LVU27
 189 000c 0D4B     		ldr	r3, .L15+8
 190 000e 1860     		str	r0, [r3]
 122:frameworks/f407/Core/Src/freertos.c **** 
 191              		.loc 1 122 3 is_stmt 1 view .LVU28
 122:frameworks/f407/Core/Src/freertos.c **** 
 192              		.loc 1 122 20 is_stmt 0 view .LVU29
 193 0010 0D4A     		ldr	r2, .L15+12
 194 0012 0021     		movs	r1, #0
 195 0014 0D48     		ldr	r0, .L15+16
 196 0016 FFF7FEFF 		bl	osThreadNew
 197              	.LVL16:
 122:frameworks/f407/Core/Src/freertos.c **** 
 198              		.loc 1 122 18 view .LVU30
 199 001a 0D4B     		ldr	r3, .L15+20
 200 001c 1860     		str	r0, [r3]
 125:frameworks/f407/Core/Src/freertos.c **** 
 201              		.loc 1 125 3 is_stmt 1 view .LVU31
 125:frameworks/f407/Core/Src/freertos.c **** 
 202              		.loc 1 125 20 is_stmt 0 view .LVU32
 203 001e 0D4A     		ldr	r2, .L15+24
 204 0020 0021     		movs	r1, #0
 205 0022 0D48     		ldr	r0, .L15+28
 206 0024 FFF7FEFF 		bl	osThreadNew
 207              	.LVL17:
 125:frameworks/f407/Core/Src/freertos.c **** 
 208              		.loc 1 125 18 view .LVU33
 209 0028 0C4B     		ldr	r3, .L15+32
 210 002a 1860     		str	r0, [r3]
 128:frameworks/f407/Core/Src/freertos.c **** 
 211              		.loc 1 128 3 is_stmt 1 view .LVU34
 128:frameworks/f407/Core/Src/freertos.c **** 
 212              		.loc 1 128 20 is_stmt 0 view .LVU35
 213 002c 0C4A     		ldr	r2, .L15+36
 214 002e 0021     		movs	r1, #0
 215 0030 0C48     		ldr	r0, .L15+40
 216 0032 FFF7FEFF 		bl	osThreadNew
 217              	.LVL18:
 128:frameworks/f407/Core/Src/freertos.c **** 
 218              		.loc 1 128 18 view .LVU36
 219 0036 0C4B     		ldr	r3, .L15+44
 220 0038 1860     		str	r0, [r3]
 138:frameworks/f407/Core/Src/freertos.c **** 
 221              		.loc 1 138 1 view .LVU37
 222 003a 08BD     		pop	{r3, pc}
 223              	.L16:
 224              		.align	2
 225              	.L15:
 226 003c 00000000 		.word	.LANCHOR0
 227 0040 00000000 		.word	StartDefaultTask
 228 0044 00000000 		.word	.LANCHOR1
 229 0048 00000000 		.word	.LANCHOR2
ARM GAS  C:\Users\honor\AppData\Local\Temp\ccGOpW0z.s 			page 9


 230 004c 00000000 		.word	StartTask02
 231 0050 00000000 		.word	.LANCHOR3
 232 0054 00000000 		.word	.LANCHOR4
 233 0058 00000000 		.word	StartTask03
 234 005c 00000000 		.word	.LANCHOR5
 235 0060 00000000 		.word	.LANCHOR6
 236 0064 00000000 		.word	StartTask04
 237 0068 00000000 		.word	.LANCHOR7
 238              		.cfi_endproc
 239              	.LFE246:
 241              		.global	myTask04_attributes
 242              		.section	.rodata.str1.4,"aMS",%progbits,1
 243              		.align	2
 244              	.LC0:
 245 0000 6D795461 		.ascii	"myTask04\000"
 245      736B3034 
 245      00
 246              		.global	myTask04Handle
 247              		.global	myTask03_attributes
 248 0009 000000   		.align	2
 249              	.LC1:
 250 000c 6D795461 		.ascii	"myTask03\000"
 250      736B3033 
 250      00
 251              		.global	myTask03Handle
 252              		.global	myTask02_attributes
 253 0015 000000   		.align	2
 254              	.LC2:
 255 0018 6D795461 		.ascii	"myTask02\000"
 255      736B3032 
 255      00
 256              		.global	myTask02Handle
 257              		.global	defaultTask_attributes
 258 0021 000000   		.align	2
 259              	.LC3:
 260 0024 64656661 		.ascii	"defaultTask\000"
 260      756C7454 
 260      61736B00 
 261              		.global	defaultTaskHandle
 262              		.section	.bss.defaultTaskHandle,"aw",%nobits
 263              		.align	2
 264              		.set	.LANCHOR1,. + 0
 267              	defaultTaskHandle:
 268 0000 00000000 		.space	4
 269              		.section	.bss.myTask02Handle,"aw",%nobits
 270              		.align	2
 271              		.set	.LANCHOR3,. + 0
 274              	myTask02Handle:
 275 0000 00000000 		.space	4
 276              		.section	.bss.myTask03Handle,"aw",%nobits
 277              		.align	2
 278              		.set	.LANCHOR5,. + 0
 281              	myTask03Handle:
 282 0000 00000000 		.space	4
 283              		.section	.bss.myTask04Handle,"aw",%nobits
 284              		.align	2
 285              		.set	.LANCHOR7,. + 0
ARM GAS  C:\Users\honor\AppData\Local\Temp\ccGOpW0z.s 			page 10


 288              	myTask04Handle:
 289 0000 00000000 		.space	4
 290              		.section	.rodata.defaultTask_attributes,"a"
 291              		.align	2
 292              		.set	.LANCHOR0,. + 0
 295              	defaultTask_attributes:
 296 0000 24000000 		.word	.LC3
 297 0004 00000000 		.space	16
 297      00000000 
 297      00000000 
 297      00000000 
 298 0014 00040000 		.word	1024
 299 0018 18000000 		.word	24
 300 001c 00000000 		.space	8
 300      00000000 
 301              		.section	.rodata.myTask02_attributes,"a"
 302              		.align	2
 303              		.set	.LANCHOR2,. + 0
 306              	myTask02_attributes:
 307 0000 18000000 		.word	.LC2
 308 0004 00000000 		.space	16
 308      00000000 
 308      00000000 
 308      00000000 
 309 0014 00040000 		.word	1024
 310 0018 08000000 		.word	8
 311 001c 00000000 		.space	8
 311      00000000 
 312              		.section	.rodata.myTask03_attributes,"a"
 313              		.align	2
 314              		.set	.LANCHOR4,. + 0
 317              	myTask03_attributes:
 318 0000 0C000000 		.word	.LC1
 319 0004 00000000 		.space	16
 319      00000000 
 319      00000000 
 319      00000000 
 320 0014 00040000 		.word	1024
 321 0018 08000000 		.word	8
 322 001c 00000000 		.space	8
 322      00000000 
 323              		.section	.rodata.myTask04_attributes,"a"
 324              		.align	2
 325              		.set	.LANCHOR6,. + 0
 328              	myTask04_attributes:
 329 0000 00000000 		.word	.LC0
 330 0004 00000000 		.space	16
 330      00000000 
 330      00000000 
 330      00000000 
 331 0014 00040000 		.word	1024
 332 0018 08000000 		.word	8
 333 001c 00000000 		.space	8
 333      00000000 
 334              		.text
 335              	.Letext0:
 336              		.file 2 "e:\\ng_circumstance\\arm\\arm-none-eabi\\include\\machine\\_default_types.h"
ARM GAS  C:\Users\honor\AppData\Local\Temp\ccGOpW0z.s 			page 11


 337              		.file 3 "e:\\ng_circumstance\\arm\\arm-none-eabi\\include\\sys\\_stdint.h"
 338              		.file 4 "frameworks/f407/Middlewares/Third_Party/FreeRTOS/Source/CMSIS_RTOS_V2/cmsis_os2.h"
 339              		.file 5 "APP/app.h"
ARM GAS  C:\Users\honor\AppData\Local\Temp\ccGOpW0z.s 			page 12


DEFINED SYMBOLS
                            *ABS*:00000000 freertos.c
C:\Users\honor\AppData\Local\Temp\ccGOpW0z.s:20     .text.StartDefaultTask:00000000 $t
C:\Users\honor\AppData\Local\Temp\ccGOpW0z.s:26     .text.StartDefaultTask:00000000 StartDefaultTask
C:\Users\honor\AppData\Local\Temp\ccGOpW0z.s:57     .text.StartTask03:00000000 $t
C:\Users\honor\AppData\Local\Temp\ccGOpW0z.s:63     .text.StartTask03:00000000 StartTask03
C:\Users\honor\AppData\Local\Temp\ccGOpW0z.s:90     .text.StartTask04:00000000 $t
C:\Users\honor\AppData\Local\Temp\ccGOpW0z.s:96     .text.StartTask04:00000000 StartTask04
C:\Users\honor\AppData\Local\Temp\ccGOpW0z.s:123    .text.StartTask02:00000000 $t
C:\Users\honor\AppData\Local\Temp\ccGOpW0z.s:129    .text.StartTask02:00000000 StartTask02
C:\Users\honor\AppData\Local\Temp\ccGOpW0z.s:164    .text.MX_FREERTOS_Init:00000000 $t
C:\Users\honor\AppData\Local\Temp\ccGOpW0z.s:170    .text.MX_FREERTOS_Init:00000000 MX_FREERTOS_Init
C:\Users\honor\AppData\Local\Temp\ccGOpW0z.s:226    .text.MX_FREERTOS_Init:0000003c $d
C:\Users\honor\AppData\Local\Temp\ccGOpW0z.s:328    .rodata.myTask04_attributes:00000000 myTask04_attributes
C:\Users\honor\AppData\Local\Temp\ccGOpW0z.s:243    .rodata.str1.4:00000000 $d
C:\Users\honor\AppData\Local\Temp\ccGOpW0z.s:288    .bss.myTask04Handle:00000000 myTask04Handle
C:\Users\honor\AppData\Local\Temp\ccGOpW0z.s:317    .rodata.myTask03_attributes:00000000 myTask03_attributes
C:\Users\honor\AppData\Local\Temp\ccGOpW0z.s:281    .bss.myTask03Handle:00000000 myTask03Handle
C:\Users\honor\AppData\Local\Temp\ccGOpW0z.s:306    .rodata.myTask02_attributes:00000000 myTask02_attributes
C:\Users\honor\AppData\Local\Temp\ccGOpW0z.s:274    .bss.myTask02Handle:00000000 myTask02Handle
C:\Users\honor\AppData\Local\Temp\ccGOpW0z.s:295    .rodata.defaultTask_attributes:00000000 defaultTask_attributes
C:\Users\honor\AppData\Local\Temp\ccGOpW0z.s:267    .bss.defaultTaskHandle:00000000 defaultTaskHandle
C:\Users\honor\AppData\Local\Temp\ccGOpW0z.s:263    .bss.defaultTaskHandle:00000000 $d
C:\Users\honor\AppData\Local\Temp\ccGOpW0z.s:270    .bss.myTask02Handle:00000000 $d
C:\Users\honor\AppData\Local\Temp\ccGOpW0z.s:277    .bss.myTask03Handle:00000000 $d
C:\Users\honor\AppData\Local\Temp\ccGOpW0z.s:284    .bss.myTask04Handle:00000000 $d
C:\Users\honor\AppData\Local\Temp\ccGOpW0z.s:291    .rodata.defaultTask_attributes:00000000 $d
C:\Users\honor\AppData\Local\Temp\ccGOpW0z.s:302    .rodata.myTask02_attributes:00000000 $d
C:\Users\honor\AppData\Local\Temp\ccGOpW0z.s:313    .rodata.myTask03_attributes:00000000 $d
C:\Users\honor\AppData\Local\Temp\ccGOpW0z.s:324    .rodata.myTask04_attributes:00000000 $d

UNDEFINED SYMBOLS
app_loop
osDelay
app_debug
osThreadNew
