ARM GAS  C:\Users\honor\AppData\Local\Temp\ccskKKac.s 			page 1


   1              		.cpu cortex-m4
   2              		.arch armv7e-m
   3              		.fpu fpv4-sp-d16
   4              		.eabi_attribute 27, 1
   5              		.eabi_attribute 28, 1
   6              		.eabi_attribute 20, 1
   7              		.eabi_attribute 21, 1
   8              		.eabi_attribute 23, 3
   9              		.eabi_attribute 24, 1
  10              		.eabi_attribute 25, 1
  11              		.eabi_attribute 26, 1
  12              		.eabi_attribute 30, 1
  13              		.eabi_attribute 34, 1
  14              		.eabi_attribute 18, 4
  15              		.file	"gpio.c"
  16              		.text
  17              	.Ltext0:
  18              		.cfi_sections	.debug_frame
  19              		.section	.text.MX_GPIO_Init,"ax",%progbits
  20              		.align	1
  21              		.global	MX_GPIO_Init
  22              		.syntax unified
  23              		.thumb
  24              		.thumb_func
  26              	MX_GPIO_Init:
  27              	.LFB239:
  28              		.file 1 "frameworks/f407/Core/Src/gpio.c"
   1:frameworks/f407/Core/Src/gpio.c **** /* USER CODE BEGIN Header */
   2:frameworks/f407/Core/Src/gpio.c **** /**
   3:frameworks/f407/Core/Src/gpio.c ****   ******************************************************************************
   4:frameworks/f407/Core/Src/gpio.c ****   * @file    gpio.c
   5:frameworks/f407/Core/Src/gpio.c ****   * @brief   This file provides code for the configuration
   6:frameworks/f407/Core/Src/gpio.c ****   *          of all used GPIO pins.
   7:frameworks/f407/Core/Src/gpio.c ****   ******************************************************************************
   8:frameworks/f407/Core/Src/gpio.c ****   * @attention
   9:frameworks/f407/Core/Src/gpio.c ****   *
  10:frameworks/f407/Core/Src/gpio.c ****   * Copyright (c) 2026 STMicroelectronics.
  11:frameworks/f407/Core/Src/gpio.c ****   * All rights reserved.
  12:frameworks/f407/Core/Src/gpio.c ****   *
  13:frameworks/f407/Core/Src/gpio.c ****   * This software is licensed under terms that can be found in the LICENSE file
  14:frameworks/f407/Core/Src/gpio.c ****   * in the root directory of this software component.
  15:frameworks/f407/Core/Src/gpio.c ****   * If no LICENSE file comes with this software, it is provided AS-IS.
  16:frameworks/f407/Core/Src/gpio.c ****   *
  17:frameworks/f407/Core/Src/gpio.c ****   ******************************************************************************
  18:frameworks/f407/Core/Src/gpio.c ****   */
  19:frameworks/f407/Core/Src/gpio.c **** /* USER CODE END Header */
  20:frameworks/f407/Core/Src/gpio.c **** 
  21:frameworks/f407/Core/Src/gpio.c **** /* Includes ------------------------------------------------------------------*/
  22:frameworks/f407/Core/Src/gpio.c **** #include "gpio.h"
  23:frameworks/f407/Core/Src/gpio.c **** 
  24:frameworks/f407/Core/Src/gpio.c **** /* USER CODE BEGIN 0 */
  25:frameworks/f407/Core/Src/gpio.c **** 
  26:frameworks/f407/Core/Src/gpio.c **** /* USER CODE END 0 */
  27:frameworks/f407/Core/Src/gpio.c **** 
  28:frameworks/f407/Core/Src/gpio.c **** /*----------------------------------------------------------------------------*/
  29:frameworks/f407/Core/Src/gpio.c **** /* Configure GPIO                                                             */
  30:frameworks/f407/Core/Src/gpio.c **** /*----------------------------------------------------------------------------*/
ARM GAS  C:\Users\honor\AppData\Local\Temp\ccskKKac.s 			page 2


  31:frameworks/f407/Core/Src/gpio.c **** /* USER CODE BEGIN 1 */
  32:frameworks/f407/Core/Src/gpio.c **** 
  33:frameworks/f407/Core/Src/gpio.c **** /* USER CODE END 1 */
  34:frameworks/f407/Core/Src/gpio.c **** 
  35:frameworks/f407/Core/Src/gpio.c **** /** Configure pins as
  36:frameworks/f407/Core/Src/gpio.c ****         * Analog
  37:frameworks/f407/Core/Src/gpio.c ****         * Input
  38:frameworks/f407/Core/Src/gpio.c ****         * Output
  39:frameworks/f407/Core/Src/gpio.c ****         * EVENT_OUT
  40:frameworks/f407/Core/Src/gpio.c ****         * EXTI
  41:frameworks/f407/Core/Src/gpio.c **** */
  42:frameworks/f407/Core/Src/gpio.c **** void MX_GPIO_Init(void)
  43:frameworks/f407/Core/Src/gpio.c **** {
  29              		.loc 1 43 1 view -0
  30              		.cfi_startproc
  31              		@ args = 0, pretend = 0, frame = 48
  32              		@ frame_needed = 0, uses_anonymous_args = 0
  33 0000 2DE9F041 		push	{r4, r5, r6, r7, r8, lr}
  34              	.LCFI0:
  35              		.cfi_def_cfa_offset 24
  36              		.cfi_offset 4, -24
  37              		.cfi_offset 5, -20
  38              		.cfi_offset 6, -16
  39              		.cfi_offset 7, -12
  40              		.cfi_offset 8, -8
  41              		.cfi_offset 14, -4
  42 0004 8CB0     		sub	sp, sp, #48
  43              	.LCFI1:
  44              		.cfi_def_cfa_offset 72
  44:frameworks/f407/Core/Src/gpio.c **** 
  45:frameworks/f407/Core/Src/gpio.c ****   GPIO_InitTypeDef GPIO_InitStruct = {0};
  45              		.loc 1 45 3 view .LVU1
  46              		.loc 1 45 20 is_stmt 0 view .LVU2
  47 0006 0024     		movs	r4, #0
  48 0008 0794     		str	r4, [sp, #28]
  49 000a 0894     		str	r4, [sp, #32]
  50 000c 0994     		str	r4, [sp, #36]
  51 000e 0A94     		str	r4, [sp, #40]
  52 0010 0B94     		str	r4, [sp, #44]
  46:frameworks/f407/Core/Src/gpio.c **** 
  47:frameworks/f407/Core/Src/gpio.c ****   /* GPIO Ports Clock Enable */
  48:frameworks/f407/Core/Src/gpio.c ****   __HAL_RCC_GPIOE_CLK_ENABLE();
  53              		.loc 1 48 3 is_stmt 1 view .LVU3
  54              	.LBB2:
  55              		.loc 1 48 3 view .LVU4
  56 0012 0194     		str	r4, [sp, #4]
  57              		.loc 1 48 3 view .LVU5
  58 0014 3A4B     		ldr	r3, .L3
  59 0016 1A6B     		ldr	r2, [r3, #48]
  60 0018 42F01002 		orr	r2, r2, #16
  61 001c 1A63     		str	r2, [r3, #48]
  62              		.loc 1 48 3 view .LVU6
  63 001e 1A6B     		ldr	r2, [r3, #48]
  64 0020 02F01002 		and	r2, r2, #16
  65 0024 0192     		str	r2, [sp, #4]
  66              		.loc 1 48 3 view .LVU7
  67 0026 019A     		ldr	r2, [sp, #4]
ARM GAS  C:\Users\honor\AppData\Local\Temp\ccskKKac.s 			page 3


  68              	.LBE2:
  69              		.loc 1 48 3 view .LVU8
  49:frameworks/f407/Core/Src/gpio.c ****   __HAL_RCC_GPIOH_CLK_ENABLE();
  70              		.loc 1 49 3 view .LVU9
  71              	.LBB3:
  72              		.loc 1 49 3 view .LVU10
  73 0028 0294     		str	r4, [sp, #8]
  74              		.loc 1 49 3 view .LVU11
  75 002a 1A6B     		ldr	r2, [r3, #48]
  76 002c 42F08002 		orr	r2, r2, #128
  77 0030 1A63     		str	r2, [r3, #48]
  78              		.loc 1 49 3 view .LVU12
  79 0032 1A6B     		ldr	r2, [r3, #48]
  80 0034 02F08002 		and	r2, r2, #128
  81 0038 0292     		str	r2, [sp, #8]
  82              		.loc 1 49 3 view .LVU13
  83 003a 029A     		ldr	r2, [sp, #8]
  84              	.LBE3:
  85              		.loc 1 49 3 view .LVU14
  50:frameworks/f407/Core/Src/gpio.c ****   __HAL_RCC_GPIOC_CLK_ENABLE();
  86              		.loc 1 50 3 view .LVU15
  87              	.LBB4:
  88              		.loc 1 50 3 view .LVU16
  89 003c 0394     		str	r4, [sp, #12]
  90              		.loc 1 50 3 view .LVU17
  91 003e 1A6B     		ldr	r2, [r3, #48]
  92 0040 42F00402 		orr	r2, r2, #4
  93 0044 1A63     		str	r2, [r3, #48]
  94              		.loc 1 50 3 view .LVU18
  95 0046 1A6B     		ldr	r2, [r3, #48]
  96 0048 02F00402 		and	r2, r2, #4
  97 004c 0392     		str	r2, [sp, #12]
  98              		.loc 1 50 3 view .LVU19
  99 004e 039A     		ldr	r2, [sp, #12]
 100              	.LBE4:
 101              		.loc 1 50 3 view .LVU20
  51:frameworks/f407/Core/Src/gpio.c ****   __HAL_RCC_GPIOA_CLK_ENABLE();
 102              		.loc 1 51 3 view .LVU21
 103              	.LBB5:
 104              		.loc 1 51 3 view .LVU22
 105 0050 0494     		str	r4, [sp, #16]
 106              		.loc 1 51 3 view .LVU23
 107 0052 1A6B     		ldr	r2, [r3, #48]
 108 0054 42F00102 		orr	r2, r2, #1
 109 0058 1A63     		str	r2, [r3, #48]
 110              		.loc 1 51 3 view .LVU24
 111 005a 1A6B     		ldr	r2, [r3, #48]
 112 005c 02F00102 		and	r2, r2, #1
 113 0060 0492     		str	r2, [sp, #16]
 114              		.loc 1 51 3 view .LVU25
 115 0062 049A     		ldr	r2, [sp, #16]
 116              	.LBE5:
 117              		.loc 1 51 3 view .LVU26
  52:frameworks/f407/Core/Src/gpio.c ****   __HAL_RCC_GPIOB_CLK_ENABLE();
 118              		.loc 1 52 3 view .LVU27
 119              	.LBB6:
 120              		.loc 1 52 3 view .LVU28
ARM GAS  C:\Users\honor\AppData\Local\Temp\ccskKKac.s 			page 4


 121 0064 0594     		str	r4, [sp, #20]
 122              		.loc 1 52 3 view .LVU29
 123 0066 1A6B     		ldr	r2, [r3, #48]
 124 0068 42F00202 		orr	r2, r2, #2
 125 006c 1A63     		str	r2, [r3, #48]
 126              		.loc 1 52 3 view .LVU30
 127 006e 1A6B     		ldr	r2, [r3, #48]
 128 0070 02F00202 		and	r2, r2, #2
 129 0074 0592     		str	r2, [sp, #20]
 130              		.loc 1 52 3 view .LVU31
 131 0076 059A     		ldr	r2, [sp, #20]
 132              	.LBE6:
 133              		.loc 1 52 3 view .LVU32
  53:frameworks/f407/Core/Src/gpio.c ****   __HAL_RCC_GPIOD_CLK_ENABLE();
 134              		.loc 1 53 3 view .LVU33
 135              	.LBB7:
 136              		.loc 1 53 3 view .LVU34
 137 0078 0694     		str	r4, [sp, #24]
 138              		.loc 1 53 3 view .LVU35
 139 007a 1A6B     		ldr	r2, [r3, #48]
 140 007c 42F00802 		orr	r2, r2, #8
 141 0080 1A63     		str	r2, [r3, #48]
 142              		.loc 1 53 3 view .LVU36
 143 0082 1B6B     		ldr	r3, [r3, #48]
 144 0084 03F00803 		and	r3, r3, #8
 145 0088 0693     		str	r3, [sp, #24]
 146              		.loc 1 53 3 view .LVU37
 147 008a 069B     		ldr	r3, [sp, #24]
 148              	.LBE7:
 149              		.loc 1 53 3 view .LVU38
  54:frameworks/f407/Core/Src/gpio.c **** 
  55:frameworks/f407/Core/Src/gpio.c ****   /*Configure GPIO pin Output Level */
  56:frameworks/f407/Core/Src/gpio.c ****   HAL_GPIO_WritePin(GPIOA, GPIO_PIN_4|GPIO_PIN_6, GPIO_PIN_RESET);
 150              		.loc 1 56 3 view .LVU39
 151 008c DFF87C80 		ldr	r8, .L3+12
 152 0090 2246     		mov	r2, r4
 153 0092 5021     		movs	r1, #80
 154 0094 4046     		mov	r0, r8
 155 0096 FFF7FEFF 		bl	HAL_GPIO_WritePin
 156              	.LVL0:
  57:frameworks/f407/Core/Src/gpio.c **** 
  58:frameworks/f407/Core/Src/gpio.c ****   /*Configure GPIO pin Output Level */
  59:frameworks/f407/Core/Src/gpio.c ****   HAL_GPIO_WritePin(GPIOD, GPIO_PIN_3|GPIO_PIN_4, GPIO_PIN_SET);
 157              		.loc 1 59 3 view .LVU40
 158 009a 1A4F     		ldr	r7, .L3+4
 159 009c 0122     		movs	r2, #1
 160 009e 1821     		movs	r1, #24
 161 00a0 3846     		mov	r0, r7
 162 00a2 FFF7FEFF 		bl	HAL_GPIO_WritePin
 163              	.LVL1:
  60:frameworks/f407/Core/Src/gpio.c **** 
  61:frameworks/f407/Core/Src/gpio.c ****   /*Configure GPIO pin Output Level */
  62:frameworks/f407/Core/Src/gpio.c ****   HAL_GPIO_WritePin(GPIOE, GPIO_PIN_1, GPIO_PIN_RESET);
 164              		.loc 1 62 3 view .LVU41
 165 00a6 184E     		ldr	r6, .L3+8
 166 00a8 2246     		mov	r2, r4
 167 00aa 0221     		movs	r1, #2
ARM GAS  C:\Users\honor\AppData\Local\Temp\ccskKKac.s 			page 5


 168 00ac 3046     		mov	r0, r6
 169 00ae FFF7FEFF 		bl	HAL_GPIO_WritePin
 170              	.LVL2:
  63:frameworks/f407/Core/Src/gpio.c **** 
  64:frameworks/f407/Core/Src/gpio.c ****   /*Configure GPIO pins : PA4 PA6 */
  65:frameworks/f407/Core/Src/gpio.c ****   GPIO_InitStruct.Pin = GPIO_PIN_4|GPIO_PIN_6;
 171              		.loc 1 65 3 view .LVU42
 172              		.loc 1 65 23 is_stmt 0 view .LVU43
 173 00b2 5023     		movs	r3, #80
 174 00b4 0793     		str	r3, [sp, #28]
  66:frameworks/f407/Core/Src/gpio.c ****   GPIO_InitStruct.Mode = GPIO_MODE_OUTPUT_PP;
 175              		.loc 1 66 3 is_stmt 1 view .LVU44
 176              		.loc 1 66 24 is_stmt 0 view .LVU45
 177 00b6 0125     		movs	r5, #1
 178 00b8 0895     		str	r5, [sp, #32]
  67:frameworks/f407/Core/Src/gpio.c ****   GPIO_InitStruct.Pull = GPIO_NOPULL;
 179              		.loc 1 67 3 is_stmt 1 view .LVU46
 180              		.loc 1 67 24 is_stmt 0 view .LVU47
 181 00ba 0994     		str	r4, [sp, #36]
  68:frameworks/f407/Core/Src/gpio.c ****   GPIO_InitStruct.Speed = GPIO_SPEED_FREQ_LOW;
 182              		.loc 1 68 3 is_stmt 1 view .LVU48
 183              		.loc 1 68 25 is_stmt 0 view .LVU49
 184 00bc 0A94     		str	r4, [sp, #40]
  69:frameworks/f407/Core/Src/gpio.c ****   HAL_GPIO_Init(GPIOA, &GPIO_InitStruct);
 185              		.loc 1 69 3 is_stmt 1 view .LVU50
 186 00be 07A9     		add	r1, sp, #28
 187 00c0 4046     		mov	r0, r8
 188 00c2 FFF7FEFF 		bl	HAL_GPIO_Init
 189              	.LVL3:
  70:frameworks/f407/Core/Src/gpio.c **** 
  71:frameworks/f407/Core/Src/gpio.c ****   /*Configure GPIO pins : PD3 PD4 */
  72:frameworks/f407/Core/Src/gpio.c ****   GPIO_InitStruct.Pin = GPIO_PIN_3|GPIO_PIN_4;
 190              		.loc 1 72 3 view .LVU51
 191              		.loc 1 72 23 is_stmt 0 view .LVU52
 192 00c6 1823     		movs	r3, #24
 193 00c8 0793     		str	r3, [sp, #28]
  73:frameworks/f407/Core/Src/gpio.c ****   GPIO_InitStruct.Mode = GPIO_MODE_OUTPUT_PP;
 194              		.loc 1 73 3 is_stmt 1 view .LVU53
 195              		.loc 1 73 24 is_stmt 0 view .LVU54
 196 00ca 0895     		str	r5, [sp, #32]
  74:frameworks/f407/Core/Src/gpio.c ****   GPIO_InitStruct.Pull = GPIO_NOPULL;
 197              		.loc 1 74 3 is_stmt 1 view .LVU55
 198              		.loc 1 74 24 is_stmt 0 view .LVU56
 199 00cc 0994     		str	r4, [sp, #36]
  75:frameworks/f407/Core/Src/gpio.c ****   GPIO_InitStruct.Speed = GPIO_SPEED_FREQ_LOW;
 200              		.loc 1 75 3 is_stmt 1 view .LVU57
 201              		.loc 1 75 25 is_stmt 0 view .LVU58
 202 00ce 0A94     		str	r4, [sp, #40]
  76:frameworks/f407/Core/Src/gpio.c ****   HAL_GPIO_Init(GPIOD, &GPIO_InitStruct);
 203              		.loc 1 76 3 is_stmt 1 view .LVU59
 204 00d0 07A9     		add	r1, sp, #28
 205 00d2 3846     		mov	r0, r7
 206 00d4 FFF7FEFF 		bl	HAL_GPIO_Init
 207              	.LVL4:
  77:frameworks/f407/Core/Src/gpio.c **** 
  78:frameworks/f407/Core/Src/gpio.c ****   /*Configure GPIO pin : PE0 */
  79:frameworks/f407/Core/Src/gpio.c ****   GPIO_InitStruct.Pin = GPIO_PIN_0;
ARM GAS  C:\Users\honor\AppData\Local\Temp\ccskKKac.s 			page 6


 208              		.loc 1 79 3 view .LVU60
 209              		.loc 1 79 23 is_stmt 0 view .LVU61
 210 00d8 0795     		str	r5, [sp, #28]
  80:frameworks/f407/Core/Src/gpio.c ****   GPIO_InitStruct.Mode = GPIO_MODE_INPUT;
 211              		.loc 1 80 3 is_stmt 1 view .LVU62
 212              		.loc 1 80 24 is_stmt 0 view .LVU63
 213 00da 0894     		str	r4, [sp, #32]
  81:frameworks/f407/Core/Src/gpio.c ****   GPIO_InitStruct.Pull = GPIO_PULLUP;
 214              		.loc 1 81 3 is_stmt 1 view .LVU64
 215              		.loc 1 81 24 is_stmt 0 view .LVU65
 216 00dc 0995     		str	r5, [sp, #36]
  82:frameworks/f407/Core/Src/gpio.c ****   HAL_GPIO_Init(GPIOE, &GPIO_InitStruct);
 217              		.loc 1 82 3 is_stmt 1 view .LVU66
 218 00de 07A9     		add	r1, sp, #28
 219 00e0 3046     		mov	r0, r6
 220 00e2 FFF7FEFF 		bl	HAL_GPIO_Init
 221              	.LVL5:
  83:frameworks/f407/Core/Src/gpio.c **** 
  84:frameworks/f407/Core/Src/gpio.c ****   /*Configure GPIO pin : PE1 */
  85:frameworks/f407/Core/Src/gpio.c ****   GPIO_InitStruct.Pin = GPIO_PIN_1;
 222              		.loc 1 85 3 view .LVU67
 223              		.loc 1 85 23 is_stmt 0 view .LVU68
 224 00e6 0223     		movs	r3, #2
 225 00e8 0793     		str	r3, [sp, #28]
  86:frameworks/f407/Core/Src/gpio.c ****   GPIO_InitStruct.Mode = GPIO_MODE_OUTPUT_PP;
 226              		.loc 1 86 3 is_stmt 1 view .LVU69
 227              		.loc 1 86 24 is_stmt 0 view .LVU70
 228 00ea 0895     		str	r5, [sp, #32]
  87:frameworks/f407/Core/Src/gpio.c ****   GPIO_InitStruct.Pull = GPIO_PULLDOWN;
 229              		.loc 1 87 3 is_stmt 1 view .LVU71
 230              		.loc 1 87 24 is_stmt 0 view .LVU72
 231 00ec 0993     		str	r3, [sp, #36]
  88:frameworks/f407/Core/Src/gpio.c ****   GPIO_InitStruct.Speed = GPIO_SPEED_FREQ_LOW;
 232              		.loc 1 88 3 is_stmt 1 view .LVU73
 233              		.loc 1 88 25 is_stmt 0 view .LVU74
 234 00ee 0A94     		str	r4, [sp, #40]
  89:frameworks/f407/Core/Src/gpio.c ****   HAL_GPIO_Init(GPIOE, &GPIO_InitStruct);
 235              		.loc 1 89 3 is_stmt 1 view .LVU75
 236 00f0 07A9     		add	r1, sp, #28
 237 00f2 3046     		mov	r0, r6
 238 00f4 FFF7FEFF 		bl	HAL_GPIO_Init
 239              	.LVL6:
  90:frameworks/f407/Core/Src/gpio.c **** 
  91:frameworks/f407/Core/Src/gpio.c **** }
 240              		.loc 1 91 1 is_stmt 0 view .LVU76
 241 00f8 0CB0     		add	sp, sp, #48
 242              	.LCFI2:
 243              		.cfi_def_cfa_offset 24
 244              		@ sp needed
 245 00fa BDE8F081 		pop	{r4, r5, r6, r7, r8, pc}
 246              	.L4:
 247 00fe 00BF     		.align	2
 248              	.L3:
 249 0100 00380240 		.word	1073887232
 250 0104 000C0240 		.word	1073875968
 251 0108 00100240 		.word	1073876992
 252 010c 00000240 		.word	1073872896
ARM GAS  C:\Users\honor\AppData\Local\Temp\ccskKKac.s 			page 7


 253              		.cfi_endproc
 254              	.LFE239:
 256              		.text
 257              	.Letext0:
 258              		.file 2 "e:\\ng_circumstance\\arm\\arm-none-eabi\\include\\machine\\_default_types.h"
 259              		.file 3 "e:\\ng_circumstance\\arm\\arm-none-eabi\\include\\sys\\_stdint.h"
 260              		.file 4 "frameworks/f407/Drivers/CMSIS/Device/ST/STM32F4xx/Include/stm32f407xx.h"
 261              		.file 5 "frameworks/f407/Drivers/STM32F4xx_HAL_Driver/Inc/stm32f4xx_hal_gpio.h"
ARM GAS  C:\Users\honor\AppData\Local\Temp\ccskKKac.s 			page 8


DEFINED SYMBOLS
                            *ABS*:00000000 gpio.c
C:\Users\honor\AppData\Local\Temp\ccskKKac.s:20     .text.MX_GPIO_Init:00000000 $t
C:\Users\honor\AppData\Local\Temp\ccskKKac.s:26     .text.MX_GPIO_Init:00000000 MX_GPIO_Init
C:\Users\honor\AppData\Local\Temp\ccskKKac.s:249    .text.MX_GPIO_Init:00000100 $d

UNDEFINED SYMBOLS
HAL_GPIO_WritePin
HAL_GPIO_Init
