ARM GAS  C:\Users\honor\AppData\Local\Temp\ccY2lGlE.s 			page 1


   1              		.cpu cortex-m4
   2              		.arch armv7e-m
   3              		.fpu fpv4-sp-d16
   4              		.eabi_attribute 27, 1
   5              		.eabi_attribute 28, 1
   6              		.eabi_attribute 20, 1
   7              		.eabi_attribute 21, 1
   8              		.eabi_attribute 23, 3
   9              		.eabi_attribute 24, 1
  10              		.eabi_attribute 25, 1
  11              		.eabi_attribute 26, 1
  12              		.eabi_attribute 30, 1
  13              		.eabi_attribute 34, 1
  14              		.eabi_attribute 18, 4
  15              		.file	"pwm_motor.c"
  16              		.text
  17              	.Ltext0:
  18              		.cfi_sections	.debug_frame
  19              		.section	.text.constrain_PWM,"ax",%progbits
  20              		.align	1
  21              		.syntax unified
  22              		.thumb
  23              		.thumb_func
  25              	constrain_PWM:
  26              	.LVL0:
  27              	.LFB239:
  28              		.file 1 "hal_bsp/hal/driver/motor/pwm_motor.c"
   1:hal_bsp/hal/driver/motor/pwm_motor.c **** #include "pwm_motor.h"
   2:hal_bsp/hal/driver/motor/pwm_motor.c **** #include "tim.h"
   3:hal_bsp/hal/driver/motor/pwm_motor.c **** #include <stdint.h>
   4:hal_bsp/hal/driver/motor/pwm_motor.c **** 
   5:hal_bsp/hal/driver/motor/pwm_motor.c **** 
   6:hal_bsp/hal/driver/motor/pwm_motor.c **** #define MAX_PWM 100
   7:hal_bsp/hal/driver/motor/pwm_motor.c **** #define MIN_PWM 56
   8:hal_bsp/hal/driver/motor/pwm_motor.c **** 
   9:hal_bsp/hal/driver/motor/pwm_motor.c **** #define BSP_LF_FORWARD_TIM &htim1
  10:hal_bsp/hal/driver/motor/pwm_motor.c **** #define BSP_LF_FORWARD_CH TIM_CHANNEL_2
  11:hal_bsp/hal/driver/motor/pwm_motor.c **** #define BSP_LF_BACKWARD_TIM &htim1
  12:hal_bsp/hal/driver/motor/pwm_motor.c **** #define BSP_LF_BACKWARD_CH TIM_CHANNEL_1
  13:hal_bsp/hal/driver/motor/pwm_motor.c **** 
  14:hal_bsp/hal/driver/motor/pwm_motor.c **** #define BSP_RF_FORWARD_TIM &htim1
  15:hal_bsp/hal/driver/motor/pwm_motor.c **** #define BSP_RF_FORWARD_CH TIM_CHANNEL_4
  16:hal_bsp/hal/driver/motor/pwm_motor.c **** #define BSP_RF_BACKWARD_TIM &htim1
  17:hal_bsp/hal/driver/motor/pwm_motor.c **** #define BSP_RF_BACKWARD_CH TIM_CHANNEL_3
  18:hal_bsp/hal/driver/motor/pwm_motor.c **** 
  19:hal_bsp/hal/driver/motor/pwm_motor.c **** #define BSP_LB_FORWARD_TIM &htim9
  20:hal_bsp/hal/driver/motor/pwm_motor.c **** #define BSP_LB_FORWARD_CH TIM_CHANNEL_1
  21:hal_bsp/hal/driver/motor/pwm_motor.c **** #define BSP_LB_BACKWARD_TIM &htim9
  22:hal_bsp/hal/driver/motor/pwm_motor.c **** #define BSP_LB_BACKWARD_CH TIM_CHANNEL_2
  23:hal_bsp/hal/driver/motor/pwm_motor.c **** 
  24:hal_bsp/hal/driver/motor/pwm_motor.c **** #define BSP_RB_FORWARD_TIM &htim12
  25:hal_bsp/hal/driver/motor/pwm_motor.c **** #define BSP_RB_FORWARD_CH TIM_CHANNEL_1
  26:hal_bsp/hal/driver/motor/pwm_motor.c **** #define BSP_RB_BACKWARD_TIM &htim12
  27:hal_bsp/hal/driver/motor/pwm_motor.c **** #define BSP_RB_BACKWARD_CH TIM_CHANNEL_2
  28:hal_bsp/hal/driver/motor/pwm_motor.c **** 
  29:hal_bsp/hal/driver/motor/pwm_motor.c **** static const TIM_Config_t tim_configs[] = {
  30:hal_bsp/hal/driver/motor/pwm_motor.c ****     {BSP_LF_FORWARD_TIM, BSP_LF_FORWARD_CH},
ARM GAS  C:\Users\honor\AppData\Local\Temp\ccY2lGlE.s 			page 2


  31:hal_bsp/hal/driver/motor/pwm_motor.c ****     {BSP_LF_BACKWARD_TIM, BSP_LF_BACKWARD_CH},
  32:hal_bsp/hal/driver/motor/pwm_motor.c ****     {BSP_RF_FORWARD_TIM, BSP_RF_FORWARD_CH},
  33:hal_bsp/hal/driver/motor/pwm_motor.c ****     {BSP_RF_BACKWARD_TIM, BSP_RF_BACKWARD_CH},
  34:hal_bsp/hal/driver/motor/pwm_motor.c ****     {BSP_LB_FORWARD_TIM, BSP_LB_FORWARD_CH},
  35:hal_bsp/hal/driver/motor/pwm_motor.c ****     {BSP_LB_BACKWARD_TIM, BSP_LB_BACKWARD_CH},
  36:hal_bsp/hal/driver/motor/pwm_motor.c ****     {BSP_RB_FORWARD_TIM, BSP_RB_FORWARD_CH},
  37:hal_bsp/hal/driver/motor/pwm_motor.c ****     {BSP_RB_BACKWARD_TIM, BSP_RB_BACKWARD_CH}};
  38:hal_bsp/hal/driver/motor/pwm_motor.c **** 
  39:hal_bsp/hal/driver/motor/pwm_motor.c **** #define TIM_CONFIG_COUNT (sizeof(tim_configs) / sizeof(tim_configs[0]))
  40:hal_bsp/hal/driver/motor/pwm_motor.c **** 
  41:hal_bsp/hal/driver/motor/pwm_motor.c **** static const Motor_Config_t motor_configs[] = {
  42:hal_bsp/hal/driver/motor/pwm_motor.c ****     {&motor_left_front, BSP_LF_FORWARD_TIM, BSP_LF_FORWARD_CH, BSP_LF_BACKWARD_TIM, BSP_LF_BACKWARD
  43:hal_bsp/hal/driver/motor/pwm_motor.c ****     {&motor_right_front, BSP_RF_FORWARD_TIM, BSP_RF_FORWARD_CH, BSP_RF_BACKWARD_TIM, BSP_RF_BACKWAR
  44:hal_bsp/hal/driver/motor/pwm_motor.c ****     {&motor_left_back, BSP_LB_FORWARD_TIM, BSP_LB_FORWARD_CH, BSP_LB_BACKWARD_TIM, BSP_LB_BACKWARD_
  45:hal_bsp/hal/driver/motor/pwm_motor.c ****     {&motor_right_back, BSP_RB_FORWARD_TIM, BSP_RB_FORWARD_CH, BSP_RB_BACKWARD_TIM, BSP_RB_BACKWARD
  46:hal_bsp/hal/driver/motor/pwm_motor.c **** 
  47:hal_bsp/hal/driver/motor/pwm_motor.c **** #define MOTOR_COUNT (sizeof(motor_configs) / sizeof(motor_configs[0]))
  48:hal_bsp/hal/driver/motor/pwm_motor.c **** 
  49:hal_bsp/hal/driver/motor/pwm_motor.c **** 
  50:hal_bsp/hal/driver/motor/pwm_motor.c **** Motor_TIM_HandleTypeDef motor_left_front, motor_right_front, motor_left_back, motor_right_back;
  51:hal_bsp/hal/driver/motor/pwm_motor.c **** 
  52:hal_bsp/hal/driver/motor/pwm_motor.c **** 
  53:hal_bsp/hal/driver/motor/pwm_motor.c **** 
  54:hal_bsp/hal/driver/motor/pwm_motor.c **** 
  55:hal_bsp/hal/driver/motor/pwm_motor.c **** 
  56:hal_bsp/hal/driver/motor/pwm_motor.c **** //限位
  57:hal_bsp/hal/driver/motor/pwm_motor.c **** static int16_t constrain_PWM(int16_t value) {
  29              		.loc 1 57 45 view -0
  30              		.cfi_startproc
  31              		@ args = 0, pretend = 0, frame = 0
  32              		@ frame_needed = 0, uses_anonymous_args = 0
  33              		@ link register save eliminated.
  58:hal_bsp/hal/driver/motor/pwm_motor.c ****     if (value > MAX_PWM)
  34              		.loc 1 58 5 view .LVU1
  35              		.loc 1 58 8 is_stmt 0 view .LVU2
  36 0000 6428     		cmp	r0, #100
  37 0002 02DC     		bgt	.L3
  59:hal_bsp/hal/driver/motor/pwm_motor.c ****         return MAX_PWM;
  60:hal_bsp/hal/driver/motor/pwm_motor.c ****     if (value < MIN_PWM)
  38              		.loc 1 60 5 is_stmt 1 view .LVU3
  39              		.loc 1 60 8 is_stmt 0 view .LVU4
  40 0004 3728     		cmp	r0, #55
  41 0006 02DD     		ble	.L4
  42 0008 7047     		bx	lr
  43              	.L3:
  59:hal_bsp/hal/driver/motor/pwm_motor.c ****         return MAX_PWM;
  44              		.loc 1 59 16 view .LVU5
  45 000a 6420     		movs	r0, #100
  46              	.LVL1:
  59:hal_bsp/hal/driver/motor/pwm_motor.c ****         return MAX_PWM;
  47              		.loc 1 59 16 view .LVU6
  48 000c 7047     		bx	lr
  49              	.LVL2:
  50              	.L4:
  61:hal_bsp/hal/driver/motor/pwm_motor.c ****         return MIN_PWM;
  51              		.loc 1 61 16 view .LVU7
  52 000e 3820     		movs	r0, #56
ARM GAS  C:\Users\honor\AppData\Local\Temp\ccY2lGlE.s 			page 3


  53              	.LVL3:
  62:hal_bsp/hal/driver/motor/pwm_motor.c ****     return value;
  63:hal_bsp/hal/driver/motor/pwm_motor.c **** }
  54              		.loc 1 63 1 view .LVU8
  55 0010 7047     		bx	lr
  56              		.cfi_endproc
  57              	.LFE239:
  59              		.section	.text.init_motor_structures,"ax",%progbits
  60              		.align	1
  61              		.syntax unified
  62              		.thumb
  63              		.thumb_func
  65              	init_motor_structures:
  66              	.LFB242:
  64:hal_bsp/hal/driver/motor/pwm_motor.c **** 
  65:hal_bsp/hal/driver/motor/pwm_motor.c **** // 启动所有PWM定时器
  66:hal_bsp/hal/driver/motor/pwm_motor.c **** static void start_all_pwm_timers(void) {
  67:hal_bsp/hal/driver/motor/pwm_motor.c ****     for (int i = 0; i < TIM_CONFIG_COUNT; i++) {
  68:hal_bsp/hal/driver/motor/pwm_motor.c ****         HAL_TIM_PWM_Start_IT(tim_configs[i].tim, tim_configs[i].channel);
  69:hal_bsp/hal/driver/motor/pwm_motor.c ****     }
  70:hal_bsp/hal/driver/motor/pwm_motor.c **** }
  71:hal_bsp/hal/driver/motor/pwm_motor.c **** 
  72:hal_bsp/hal/driver/motor/pwm_motor.c **** //停车
  73:hal_bsp/hal/driver/motor/pwm_motor.c **** void stop_all_motors(void) {
  74:hal_bsp/hal/driver/motor/pwm_motor.c ****     set_motor_speed(motor_left_front, 0);
  75:hal_bsp/hal/driver/motor/pwm_motor.c ****     set_motor_speed(motor_right_front, 0);
  76:hal_bsp/hal/driver/motor/pwm_motor.c ****     set_motor_speed(motor_left_back, 0);
  77:hal_bsp/hal/driver/motor/pwm_motor.c ****     set_motor_speed(motor_right_back, 0);
  78:hal_bsp/hal/driver/motor/pwm_motor.c ****     // printf("All motors stopped\r\n");
  79:hal_bsp/hal/driver/motor/pwm_motor.c **** }
  80:hal_bsp/hal/driver/motor/pwm_motor.c **** 
  81:hal_bsp/hal/driver/motor/pwm_motor.c **** static void init_motor_structures(void) {
  67              		.loc 1 81 41 is_stmt 1 view -0
  68              		.cfi_startproc
  69              		@ args = 0, pretend = 0, frame = 0
  70              		@ frame_needed = 0, uses_anonymous_args = 0
  71              		@ link register save eliminated.
  82:hal_bsp/hal/driver/motor/pwm_motor.c ****     for (int i = 0; i < MOTOR_COUNT; i++) {
  72              		.loc 1 82 5 view .LVU10
  73              	.LBB2:
  74              		.loc 1 82 10 view .LVU11
  75              	.LVL4:
  76              		.loc 1 82 14 is_stmt 0 view .LVU12
  77 0000 0023     		movs	r3, #0
  78              		.loc 1 82 5 view .LVU13
  79 0002 0EE0     		b	.L6
  80              	.LVL5:
  81              	.L7:
  82              	.LBB3:
  83:hal_bsp/hal/driver/motor/pwm_motor.c ****         const Motor_Config_t* config = &motor_configs[i];
  83              		.loc 1 83 9 is_stmt 1 discriminator 3 view .LVU14
  84:hal_bsp/hal/driver/motor/pwm_motor.c ****         Motor_TIM_HandleTypeDef* motor = config->motor;
  84              		.loc 1 84 9 discriminator 3 view .LVU15
  85              		.loc 1 84 34 is_stmt 0 discriminator 3 view .LVU16
  86 0004 0848     		ldr	r0, .L8
  87 0006 03EB8301 		add	r1, r3, r3, lsl #2
  88 000a 8A00     		lsls	r2, r1, #2
ARM GAS  C:\Users\honor\AppData\Local\Temp\ccY2lGlE.s 			page 4


  89 000c 8118     		adds	r1, r0, r2
  90 000e 8258     		ldr	r2, [r0, r2]
  91              	.LVL6:
  85:hal_bsp/hal/driver/motor/pwm_motor.c **** 
  86:hal_bsp/hal/driver/motor/pwm_motor.c ****         motor->forward_tim = config->forward_tim;
  92              		.loc 1 86 9 is_stmt 1 discriminator 3 view .LVU17
  93              		.loc 1 86 36 is_stmt 0 discriminator 3 view .LVU18
  94 0010 4868     		ldr	r0, [r1, #4]
  95              		.loc 1 86 28 discriminator 3 view .LVU19
  96 0012 1060     		str	r0, [r2]
  87:hal_bsp/hal/driver/motor/pwm_motor.c ****         motor->forward_ch = config->forward_ch;
  97              		.loc 1 87 9 is_stmt 1 discriminator 3 view .LVU20
  98              		.loc 1 87 35 is_stmt 0 discriminator 3 view .LVU21
  99 0014 8868     		ldr	r0, [r1, #8]
 100              		.loc 1 87 27 discriminator 3 view .LVU22
 101 0016 5060     		str	r0, [r2, #4]
  88:hal_bsp/hal/driver/motor/pwm_motor.c ****         motor->backward_tim = config->backward_tim;
 102              		.loc 1 88 9 is_stmt 1 discriminator 3 view .LVU23
 103              		.loc 1 88 37 is_stmt 0 discriminator 3 view .LVU24
 104 0018 C868     		ldr	r0, [r1, #12]
 105              		.loc 1 88 29 discriminator 3 view .LVU25
 106 001a 9060     		str	r0, [r2, #8]
  89:hal_bsp/hal/driver/motor/pwm_motor.c ****         motor->backward_ch = config->backward_ch;
 107              		.loc 1 89 9 is_stmt 1 discriminator 3 view .LVU26
 108              		.loc 1 89 36 is_stmt 0 discriminator 3 view .LVU27
 109 001c 0969     		ldr	r1, [r1, #16]
 110              		.loc 1 89 28 discriminator 3 view .LVU28
 111 001e D160     		str	r1, [r2, #12]
 112              	.LBE3:
  82:hal_bsp/hal/driver/motor/pwm_motor.c ****         const Motor_Config_t* config = &motor_configs[i];
 113              		.loc 1 82 38 is_stmt 1 discriminator 3 view .LVU29
  82:hal_bsp/hal/driver/motor/pwm_motor.c ****         const Motor_Config_t* config = &motor_configs[i];
 114              		.loc 1 82 39 is_stmt 0 discriminator 3 view .LVU30
 115 0020 0133     		adds	r3, r3, #1
 116              	.LVL7:
 117              	.L6:
  82:hal_bsp/hal/driver/motor/pwm_motor.c ****         const Motor_Config_t* config = &motor_configs[i];
 118              		.loc 1 82 21 is_stmt 1 discriminator 1 view .LVU31
  82:hal_bsp/hal/driver/motor/pwm_motor.c ****         const Motor_Config_t* config = &motor_configs[i];
 119              		.loc 1 82 5 is_stmt 0 discriminator 1 view .LVU32
 120 0022 032B     		cmp	r3, #3
 121 0024 EED9     		bls	.L7
 122              	.LBE2:
  90:hal_bsp/hal/driver/motor/pwm_motor.c ****     }
  91:hal_bsp/hal/driver/motor/pwm_motor.c **** }
 123              		.loc 1 91 1 view .LVU33
 124 0026 7047     		bx	lr
 125              	.L9:
 126              		.align	2
 127              	.L8:
 128 0028 00000000 		.word	.LANCHOR0
 129              		.cfi_endproc
 130              	.LFE242:
 132              		.section	.text.start_all_pwm_timers,"ax",%progbits
 133              		.align	1
 134              		.syntax unified
 135              		.thumb
ARM GAS  C:\Users\honor\AppData\Local\Temp\ccY2lGlE.s 			page 5


 136              		.thumb_func
 138              	start_all_pwm_timers:
 139              	.LFB240:
  66:hal_bsp/hal/driver/motor/pwm_motor.c ****     for (int i = 0; i < TIM_CONFIG_COUNT; i++) {
 140              		.loc 1 66 40 is_stmt 1 view -0
 141              		.cfi_startproc
 142              		@ args = 0, pretend = 0, frame = 0
 143              		@ frame_needed = 0, uses_anonymous_args = 0
 144 0000 10B5     		push	{r4, lr}
 145              	.LCFI0:
 146              		.cfi_def_cfa_offset 8
 147              		.cfi_offset 4, -8
 148              		.cfi_offset 14, -4
  67:hal_bsp/hal/driver/motor/pwm_motor.c ****         HAL_TIM_PWM_Start_IT(tim_configs[i].tim, tim_configs[i].channel);
 149              		.loc 1 67 5 view .LVU35
 150              	.LBB4:
  67:hal_bsp/hal/driver/motor/pwm_motor.c ****         HAL_TIM_PWM_Start_IT(tim_configs[i].tim, tim_configs[i].channel);
 151              		.loc 1 67 10 view .LVU36
 152              	.LVL8:
  67:hal_bsp/hal/driver/motor/pwm_motor.c ****         HAL_TIM_PWM_Start_IT(tim_configs[i].tim, tim_configs[i].channel);
 153              		.loc 1 67 14 is_stmt 0 view .LVU37
 154 0002 0024     		movs	r4, #0
  67:hal_bsp/hal/driver/motor/pwm_motor.c ****         HAL_TIM_PWM_Start_IT(tim_configs[i].tim, tim_configs[i].channel);
 155              		.loc 1 67 5 view .LVU38
 156 0004 08E0     		b	.L11
 157              	.LVL9:
 158              	.L12:
  68:hal_bsp/hal/driver/motor/pwm_motor.c ****     }
 159              		.loc 1 68 9 is_stmt 1 discriminator 3 view .LVU39
 160 0006 064B     		ldr	r3, .L14
 161 0008 03EBC402 		add	r2, r3, r4, lsl #3
 162 000c 5168     		ldr	r1, [r2, #4]
 163 000e 53F83400 		ldr	r0, [r3, r4, lsl #3]
 164 0012 FFF7FEFF 		bl	HAL_TIM_PWM_Start_IT
 165              	.LVL10:
  67:hal_bsp/hal/driver/motor/pwm_motor.c ****         HAL_TIM_PWM_Start_IT(tim_configs[i].tim, tim_configs[i].channel);
 166              		.loc 1 67 43 discriminator 3 view .LVU40
  67:hal_bsp/hal/driver/motor/pwm_motor.c ****         HAL_TIM_PWM_Start_IT(tim_configs[i].tim, tim_configs[i].channel);
 167              		.loc 1 67 44 is_stmt 0 discriminator 3 view .LVU41
 168 0016 0134     		adds	r4, r4, #1
 169              	.LVL11:
 170              	.L11:
  67:hal_bsp/hal/driver/motor/pwm_motor.c ****         HAL_TIM_PWM_Start_IT(tim_configs[i].tim, tim_configs[i].channel);
 171              		.loc 1 67 21 is_stmt 1 discriminator 1 view .LVU42
  67:hal_bsp/hal/driver/motor/pwm_motor.c ****         HAL_TIM_PWM_Start_IT(tim_configs[i].tim, tim_configs[i].channel);
 172              		.loc 1 67 5 is_stmt 0 discriminator 1 view .LVU43
 173 0018 072C     		cmp	r4, #7
 174 001a F4D9     		bls	.L12
 175              	.LBE4:
  70:hal_bsp/hal/driver/motor/pwm_motor.c **** 
 176              		.loc 1 70 1 view .LVU44
 177 001c 10BD     		pop	{r4, pc}
 178              	.LVL12:
 179              	.L15:
  70:hal_bsp/hal/driver/motor/pwm_motor.c **** 
 180              		.loc 1 70 1 view .LVU45
 181 001e 00BF     		.align	2
ARM GAS  C:\Users\honor\AppData\Local\Temp\ccY2lGlE.s 			page 6


 182              	.L14:
 183 0020 00000000 		.word	.LANCHOR1
 184              		.cfi_endproc
 185              	.LFE240:
 187              		.section	.text.set_motor_speed,"ax",%progbits
 188              		.align	1
 189              		.global	set_motor_speed
 190              		.syntax unified
 191              		.thumb
 192              		.thumb_func
 194              	set_motor_speed:
 195              	.LVL13:
 196              	.LFB244:
  92:hal_bsp/hal/driver/motor/pwm_motor.c **** 
  93:hal_bsp/hal/driver/motor/pwm_motor.c **** void motor_init () {
  94:hal_bsp/hal/driver/motor/pwm_motor.c ****     start_all_pwm_timers();
  95:hal_bsp/hal/driver/motor/pwm_motor.c **** 
  96:hal_bsp/hal/driver/motor/pwm_motor.c ****     init_motor_structures();
  97:hal_bsp/hal/driver/motor/pwm_motor.c **** 
  98:hal_bsp/hal/driver/motor/pwm_motor.c ****     stop_all_motors();
  99:hal_bsp/hal/driver/motor/pwm_motor.c **** 
 100:hal_bsp/hal/driver/motor/pwm_motor.c **** 
 101:hal_bsp/hal/driver/motor/pwm_motor.c **** }
 102:hal_bsp/hal/driver/motor/pwm_motor.c **** void set_motor_speed(Motor_TIM_HandleTypeDef motor, int16_t speed) {
 197              		.loc 1 102 68 is_stmt 1 view -0
 198              		.cfi_startproc
 199              		@ args = 4, pretend = 0, frame = 16
 200              		@ frame_needed = 0, uses_anonymous_args = 0
 201              		.loc 1 102 68 is_stmt 0 view .LVU47
 202 0000 00B5     		push	{lr}
 203              	.LCFI1:
 204              		.cfi_def_cfa_offset 4
 205              		.cfi_offset 14, -4
 206 0002 85B0     		sub	sp, sp, #20
 207              	.LCFI2:
 208              		.cfi_def_cfa_offset 24
 209 0004 0DF1100C 		add	ip, sp, #16
 210 0008 0CE90F00 		stmdb	ip, {r0, r1, r2, r3}
 211 000c BDF91800 		ldrsh	r0, [sp, #24]
 103:hal_bsp/hal/driver/motor/pwm_motor.c ****     uint16_t pwm_value;
 212              		.loc 1 103 5 is_stmt 1 view .LVU48
 104:hal_bsp/hal/driver/motor/pwm_motor.c ****     uint16_t forward_pwm = 0;
 213              		.loc 1 104 5 view .LVU49
 214              	.LVL14:
 105:hal_bsp/hal/driver/motor/pwm_motor.c ****     uint16_t backward_pwm = 0;
 215              		.loc 1 105 5 view .LVU50
 106:hal_bsp/hal/driver/motor/pwm_motor.c **** 
 107:hal_bsp/hal/driver/motor/pwm_motor.c ****     if (speed > 0) {
 216              		.loc 1 107 5 view .LVU51
 217              		.loc 1 107 8 is_stmt 0 view .LVU52
 218 0010 0028     		cmp	r0, #0
 219 0012 10DD     		ble	.L17
 108:hal_bsp/hal/driver/motor/pwm_motor.c ****         // 前进
 109:hal_bsp/hal/driver/motor/pwm_motor.c ****         pwm_value = constrain_PWM(speed);
 220              		.loc 1 109 9 is_stmt 1 view .LVU53
 221              		.loc 1 109 21 is_stmt 0 view .LVU54
 222 0014 FFF7FEFF 		bl	constrain_PWM
ARM GAS  C:\Users\honor\AppData\Local\Temp\ccY2lGlE.s 			page 7


 223              	.LVL15:
 224              		.loc 1 109 19 view .LVU55
 225 0018 80B2     		uxth	r0, r0
 226              	.LVL16:
 110:hal_bsp/hal/driver/motor/pwm_motor.c ****         forward_pwm = pwm_value;
 227              		.loc 1 110 9 is_stmt 1 view .LVU56
 111:hal_bsp/hal/driver/motor/pwm_motor.c ****         backward_pwm = 0;
 228              		.loc 1 111 9 view .LVU57
 229              		.loc 1 111 22 is_stmt 0 view .LVU58
 230 001a 0022     		movs	r2, #0
 231              	.LVL17:
 232              	.L18:
 112:hal_bsp/hal/driver/motor/pwm_motor.c ****     } else if (speed < 0) {
 113:hal_bsp/hal/driver/motor/pwm_motor.c ****         // 后退
 114:hal_bsp/hal/driver/motor/pwm_motor.c ****         pwm_value = constrain_PWM(-speed);
 115:hal_bsp/hal/driver/motor/pwm_motor.c ****         forward_pwm = 0;
 116:hal_bsp/hal/driver/motor/pwm_motor.c ****         backward_pwm = pwm_value;
 117:hal_bsp/hal/driver/motor/pwm_motor.c ****     } else {
 118:hal_bsp/hal/driver/motor/pwm_motor.c ****         // 停止
 119:hal_bsp/hal/driver/motor/pwm_motor.c ****         forward_pwm = 0;
 120:hal_bsp/hal/driver/motor/pwm_motor.c ****         backward_pwm = 0;
 121:hal_bsp/hal/driver/motor/pwm_motor.c ****     }
 122:hal_bsp/hal/driver/motor/pwm_motor.c ****     // printf("test:%ld,%ld,%ld,%ld--------------\n",motor.forward_ch,forward_pwm,motor.backward_ch
 123:hal_bsp/hal/driver/motor/pwm_motor.c ****     __HAL_TIM_SET_COMPARE(motor.forward_tim, motor.forward_ch, forward_pwm);
 233              		.loc 1 123 5 is_stmt 1 view .LVU59
 234 001c 019B     		ldr	r3, [sp, #4]
 235 001e B3B9     		cbnz	r3, .L19
 236              		.loc 1 123 5 is_stmt 0 discriminator 1 view .LVU60
 237 0020 009B     		ldr	r3, [sp]
 238 0022 1B68     		ldr	r3, [r3]
 239 0024 5863     		str	r0, [r3, #52]
 240              	.L20:
 124:hal_bsp/hal/driver/motor/pwm_motor.c ****     __HAL_TIM_SET_COMPARE(motor.backward_tim, motor.backward_ch, backward_pwm);
 241              		.loc 1 124 5 is_stmt 1 view .LVU61
 242 0026 039B     		ldr	r3, [sp, #12]
 243 0028 0BBB     		cbnz	r3, .L23
 244              		.loc 1 124 5 is_stmt 0 discriminator 1 view .LVU62
 245 002a 029B     		ldr	r3, [sp, #8]
 246 002c 1B68     		ldr	r3, [r3]
 247 002e 5A63     		str	r2, [r3, #52]
 248              	.L16:
 125:hal_bsp/hal/driver/motor/pwm_motor.c **** }...
 249              		.loc 1 125 1 view .LVU63
 250 0030 05B0     		add	sp, sp, #20
 251              	.LCFI3:
 252              		.cfi_remember_state
 253              		.cfi_def_cfa_offset 4
 254              		@ sp needed
 255 0032 5DF804FB 		ldr	pc, [sp], #4
 256              	.LVL18:
 257              	.L17:
 258              	.LCFI4:
 259              		.cfi_restore_state
 112:hal_bsp/hal/driver/motor/pwm_motor.c ****     } else if (speed < 0) {
 260              		.loc 1 112 12 is_stmt 1 view .LVU64
 112:hal_bsp/hal/driver/motor/pwm_motor.c ****     } else if (speed < 0) {
 261              		.loc 1 112 15 is_stmt 0 view .LVU65
ARM GAS  C:\Users\honor\AppData\Local\Temp\ccY2lGlE.s 			page 8


 262 0036 0028     		cmp	r0, #0
 263 0038 02DB     		blt	.L29
 120:hal_bsp/hal/driver/motor/pwm_motor.c ****         backward_pwm = 0;
 264              		.loc 1 120 22 view .LVU66
 265 003a 0022     		movs	r2, #0
 119:hal_bsp/hal/driver/motor/pwm_motor.c ****         forward_pwm = 0;
 266              		.loc 1 119 21 view .LVU67
 267 003c 1046     		mov	r0, r2
 268 003e EDE7     		b	.L18
 269              	.L29:
 114:hal_bsp/hal/driver/motor/pwm_motor.c ****         pwm_value = constrain_PWM(-speed);
 270              		.loc 1 114 9 is_stmt 1 view .LVU68
 114:hal_bsp/hal/driver/motor/pwm_motor.c ****         pwm_value = constrain_PWM(-speed);
 271              		.loc 1 114 21 is_stmt 0 view .LVU69
 272 0040 4042     		rsbs	r0, r0, #0
 273 0042 00B2     		sxth	r0, r0
 274 0044 FFF7FEFF 		bl	constrain_PWM
 275              	.LVL19:
 114:hal_bsp/hal/driver/motor/pwm_motor.c ****         pwm_value = constrain_PWM(-speed);
 276              		.loc 1 114 19 view .LVU70
 277 0048 82B2     		uxth	r2, r0
 278              	.LVL20:
 115:hal_bsp/hal/driver/motor/pwm_motor.c ****         forward_pwm = 0;
 279              		.loc 1 115 9 is_stmt 1 view .LVU71
 116:hal_bsp/hal/driver/motor/pwm_motor.c ****         backward_pwm = pwm_value;
 280              		.loc 1 116 9 view .LVU72
 115:hal_bsp/hal/driver/motor/pwm_motor.c ****         forward_pwm = 0;
 281              		.loc 1 115 21 is_stmt 0 view .LVU73
 282 004a 0020     		movs	r0, #0
 283 004c E6E7     		b	.L18
 284              	.LVL21:
 285              	.L19:
 123:hal_bsp/hal/driver/motor/pwm_motor.c ****     __HAL_TIM_SET_COMPARE(motor.forward_tim, motor.forward_ch, forward_pwm);
 286              		.loc 1 123 5 discriminator 2 view .LVU74
 287 004e 042B     		cmp	r3, #4
 288 0050 05D0     		beq	.L30
 123:hal_bsp/hal/driver/motor/pwm_motor.c ****     __HAL_TIM_SET_COMPARE(motor.forward_tim, motor.forward_ch, forward_pwm);
 289              		.loc 1 123 5 discriminator 4 view .LVU75
 290 0052 082B     		cmp	r3, #8
 291 0054 07D0     		beq	.L31
 123:hal_bsp/hal/driver/motor/pwm_motor.c ****     __HAL_TIM_SET_COMPARE(motor.forward_tim, motor.forward_ch, forward_pwm);
 292              		.loc 1 123 5 discriminator 7 view .LVU76
 293 0056 009B     		ldr	r3, [sp]
 294 0058 1B68     		ldr	r3, [r3]
 295 005a 1864     		str	r0, [r3, #64]
 296 005c E3E7     		b	.L20
 297              	.L30:
 123:hal_bsp/hal/driver/motor/pwm_motor.c ****     __HAL_TIM_SET_COMPARE(motor.forward_tim, motor.forward_ch, forward_pwm);
 298              		.loc 1 123 5 discriminator 3 view .LVU77
 299 005e 009B     		ldr	r3, [sp]
 300 0060 1B68     		ldr	r3, [r3]
 301 0062 9863     		str	r0, [r3, #56]
 302 0064 DFE7     		b	.L20
 303              	.L31:
 123:hal_bsp/hal/driver/motor/pwm_motor.c ****     __HAL_TIM_SET_COMPARE(motor.forward_tim, motor.forward_ch, forward_pwm);
 304              		.loc 1 123 5 discriminator 6 view .LVU78
 305 0066 009B     		ldr	r3, [sp]
ARM GAS  C:\Users\honor\AppData\Local\Temp\ccY2lGlE.s 			page 9


 306 0068 1B68     		ldr	r3, [r3]
 307 006a D863     		str	r0, [r3, #60]
 308 006c DBE7     		b	.L20
 309              	.L23:
 124:hal_bsp/hal/driver/motor/pwm_motor.c ****     __HAL_TIM_SET_COMPARE(motor.backward_tim, motor.backward_ch, backward_pwm);
 310              		.loc 1 124 5 discriminator 2 view .LVU79
 311 006e 042B     		cmp	r3, #4
 312 0070 05D0     		beq	.L32
 124:hal_bsp/hal/driver/motor/pwm_motor.c ****     __HAL_TIM_SET_COMPARE(motor.backward_tim, motor.backward_ch, backward_pwm);
 313              		.loc 1 124 5 discriminator 4 view .LVU80
 314 0072 082B     		cmp	r3, #8
 315 0074 07D0     		beq	.L33
 124:hal_bsp/hal/driver/motor/pwm_motor.c ****     __HAL_TIM_SET_COMPARE(motor.backward_tim, motor.backward_ch, backward_pwm);
 316              		.loc 1 124 5 discriminator 7 view .LVU81
 317 0076 029B     		ldr	r3, [sp, #8]
 318 0078 1B68     		ldr	r3, [r3]
 319 007a 1A64     		str	r2, [r3, #64]
 320              		.loc 1 125 1 discriminator 7 view .LVU82
 321 007c D8E7     		b	.L16
 322              	.L32:
 124:hal_bsp/hal/driver/motor/pwm_motor.c ****     __HAL_TIM_SET_COMPARE(motor.backward_tim, motor.backward_ch, backward_pwm);
 323              		.loc 1 124 5 discriminator 3 view .LVU83
 324 007e 029B     		ldr	r3, [sp, #8]
 325 0080 1B68     		ldr	r3, [r3]
 326 0082 9A63     		str	r2, [r3, #56]
 327 0084 D4E7     		b	.L16
 328              	.L33:
 124:hal_bsp/hal/driver/motor/pwm_motor.c ****     __HAL_TIM_SET_COMPARE(motor.backward_tim, motor.backward_ch, backward_pwm);
 329              		.loc 1 124 5 discriminator 6 view .LVU84
 330 0086 029B     		ldr	r3, [sp, #8]
 331 0088 1B68     		ldr	r3, [r3]
 332 008a DA63     		str	r2, [r3, #60]
 333 008c D0E7     		b	.L16
 334              		.cfi_endproc
 335              	.LFE244:
 337              		.section	.text.stop_all_motors,"ax",%progbits
 338              		.align	1
 339              		.global	stop_all_motors
 340              		.syntax unified
 341              		.thumb
 342              		.thumb_func
 344              	stop_all_motors:
 345              	.LFB241:
  73:hal_bsp/hal/driver/motor/pwm_motor.c **** void stop_all_motors(void) {
 346              		.loc 1 73 28 is_stmt 1 view -0
 347              		.cfi_startproc
 348              		@ args = 0, pretend = 0, frame = 0
 349              		@ frame_needed = 0, uses_anonymous_args = 0
 350 0000 10B5     		push	{r4, lr}
 351              	.LCFI5:
 352              		.cfi_def_cfa_offset 8
 353              		.cfi_offset 4, -8
 354              		.cfi_offset 14, -4
 355 0002 82B0     		sub	sp, sp, #8
 356              	.LCFI6:
 357              		.cfi_def_cfa_offset 16
  74:hal_bsp/hal/driver/motor/pwm_motor.c ****     set_motor_speed(motor_left_front, 0);
ARM GAS  C:\Users\honor\AppData\Local\Temp\ccY2lGlE.s 			page 10


 358              		.loc 1 74 5 view .LVU86
 359 0004 0B4B     		ldr	r3, .L36
 360 0006 0024     		movs	r4, #0
 361 0008 0094     		str	r4, [sp]
 362 000a 0FCB     		ldm	r3, {r0, r1, r2, r3}
 363 000c FFF7FEFF 		bl	set_motor_speed
 364              	.LVL22:
  75:hal_bsp/hal/driver/motor/pwm_motor.c ****     set_motor_speed(motor_right_front, 0);
 365              		.loc 1 75 5 view .LVU87
 366 0010 094B     		ldr	r3, .L36+4
 367 0012 0094     		str	r4, [sp]
 368 0014 0FCB     		ldm	r3, {r0, r1, r2, r3}
 369 0016 FFF7FEFF 		bl	set_motor_speed
 370              	.LVL23:
  76:hal_bsp/hal/driver/motor/pwm_motor.c ****     set_motor_speed(motor_left_back, 0);
 371              		.loc 1 76 5 view .LVU88
 372 001a 084B     		ldr	r3, .L36+8
 373 001c 0094     		str	r4, [sp]
 374 001e 0FCB     		ldm	r3, {r0, r1, r2, r3}
 375 0020 FFF7FEFF 		bl	set_motor_speed
 376              	.LVL24:
  77:hal_bsp/hal/driver/motor/pwm_motor.c ****     set_motor_speed(motor_right_back, 0);
 377              		.loc 1 77 5 view .LVU89
 378 0024 064B     		ldr	r3, .L36+12
 379 0026 0094     		str	r4, [sp]
 380 0028 0FCB     		ldm	r3, {r0, r1, r2, r3}
 381 002a FFF7FEFF 		bl	set_motor_speed
 382              	.LVL25:
  79:hal_bsp/hal/driver/motor/pwm_motor.c **** }
 383              		.loc 1 79 1 is_stmt 0 view .LVU90
 384 002e 02B0     		add	sp, sp, #8
 385              	.LCFI7:
 386              		.cfi_def_cfa_offset 8
 387              		@ sp needed
 388 0030 10BD     		pop	{r4, pc}
 389              	.L37:
 390 0032 00BF     		.align	2
 391              	.L36:
 392 0034 00000000 		.word	.LANCHOR2
 393 0038 00000000 		.word	.LANCHOR3
 394 003c 00000000 		.word	.LANCHOR4
 395 0040 00000000 		.word	.LANCHOR5
 396              		.cfi_endproc
 397              	.LFE241:
 399              		.section	.text.motor_init,"ax",%progbits
 400              		.align	1
 401              		.global	motor_init
 402              		.syntax unified
 403              		.thumb
 404              		.thumb_func
 406              	motor_init:
 407              	.LFB243:
  93:hal_bsp/hal/driver/motor/pwm_motor.c **** void motor_init () {
 408              		.loc 1 93 20 is_stmt 1 view -0
 409              		.cfi_startproc
 410              		@ args = 0, pretend = 0, frame = 0
 411              		@ frame_needed = 0, uses_anonymous_args = 0
ARM GAS  C:\Users\honor\AppData\Local\Temp\ccY2lGlE.s 			page 11


 412 0000 08B5     		push	{r3, lr}
 413              	.LCFI8:
 414              		.cfi_def_cfa_offset 8
 415              		.cfi_offset 3, -8
 416              		.cfi_offset 14, -4
  94:hal_bsp/hal/driver/motor/pwm_motor.c ****     start_all_pwm_timers();
 417              		.loc 1 94 5 view .LVU92
 418 0002 FFF7FEFF 		bl	start_all_pwm_timers
 419              	.LVL26:
  96:hal_bsp/hal/driver/motor/pwm_motor.c ****     init_motor_structures();
 420              		.loc 1 96 5 view .LVU93
 421 0006 FFF7FEFF 		bl	init_motor_structures
 422              	.LVL27:
  98:hal_bsp/hal/driver/motor/pwm_motor.c ****     stop_all_motors();
 423              		.loc 1 98 5 view .LVU94
 424 000a FFF7FEFF 		bl	stop_all_motors
 425              	.LVL28:
 101:hal_bsp/hal/driver/motor/pwm_motor.c **** }
 426              		.loc 1 101 1 is_stmt 0 view .LVU95
 427 000e 08BD     		pop	{r3, pc}
 428              		.cfi_endproc
 429              	.LFE243:
 431              		.global	motor_right_back
 432              		.global	motor_left_back
 433              		.global	motor_right_front
 434              		.global	motor_left_front
 435              		.section	.bss.motor_left_back,"aw",%nobits
 436              		.align	2
 437              		.set	.LANCHOR4,. + 0
 440              	motor_left_back:
 441 0000 00000000 		.space	16
 441      00000000 
 441      00000000 
 441      00000000 
 442              		.section	.bss.motor_left_front,"aw",%nobits
 443              		.align	2
 444              		.set	.LANCHOR2,. + 0
 447              	motor_left_front:
 448 0000 00000000 		.space	16
 448      00000000 
 448      00000000 
 448      00000000 
 449              		.section	.bss.motor_right_back,"aw",%nobits
 450              		.align	2
 451              		.set	.LANCHOR5,. + 0
 454              	motor_right_back:
 455 0000 00000000 		.space	16
 455      00000000 
 455      00000000 
 455      00000000 
 456              		.section	.bss.motor_right_front,"aw",%nobits
 457              		.align	2
 458              		.set	.LANCHOR3,. + 0
 461              	motor_right_front:
 462 0000 00000000 		.space	16
 462      00000000 
 462      00000000 
ARM GAS  C:\Users\honor\AppData\Local\Temp\ccY2lGlE.s 			page 12


 462      00000000 
 463              		.section	.rodata.motor_configs,"a"
 464              		.align	2
 465              		.set	.LANCHOR0,. + 0
 468              	motor_configs:
 469 0000 00000000 		.word	motor_left_front
 470 0004 00000000 		.word	htim1
 471 0008 04000000 		.word	4
 472 000c 00000000 		.word	htim1
 473 0010 00000000 		.word	0
 474 0014 00000000 		.word	motor_right_front
 475 0018 00000000 		.word	htim1
 476 001c 0C000000 		.word	12
 477 0020 00000000 		.word	htim1
 478 0024 08000000 		.word	8
 479 0028 00000000 		.word	motor_left_back
 480 002c 00000000 		.word	htim9
 481 0030 00000000 		.word	0
 482 0034 00000000 		.word	htim9
 483 0038 04000000 		.word	4
 484 003c 00000000 		.word	motor_right_back
 485 0040 00000000 		.word	htim12
 486 0044 00000000 		.word	0
 487 0048 00000000 		.word	htim12
 488 004c 04000000 		.word	4
 489              		.section	.rodata.tim_configs,"a"
 490              		.align	2
 491              		.set	.LANCHOR1,. + 0
 494              	tim_configs:
 495 0000 00000000 		.word	htim1
 496 0004 04000000 		.word	4
 497 0008 00000000 		.word	htim1
 498 000c 00000000 		.word	0
 499 0010 00000000 		.word	htim1
 500 0014 0C000000 		.word	12
 501 0018 00000000 		.word	htim1
 502 001c 08000000 		.word	8
 503 0020 00000000 		.word	htim9
 504 0024 00000000 		.word	0
 505 0028 00000000 		.word	htim9
 506 002c 04000000 		.word	4
 507 0030 00000000 		.word	htim12
 508 0034 00000000 		.word	0
 509 0038 00000000 		.word	htim12
 510 003c 04000000 		.word	4
 511              		.text
 512              	.Letext0:
 513              		.file 2 "e:\\ng_circumstance\\arm\\arm-none-eabi\\include\\machine\\_default_types.h"
 514              		.file 3 "e:\\ng_circumstance\\arm\\arm-none-eabi\\include\\sys\\_stdint.h"
 515              		.file 4 "frameworks/f407/Drivers/CMSIS/Device/ST/STM32F4xx/Include/stm32f407xx.h"
 516              		.file 5 "frameworks/f407/Drivers/STM32F4xx_HAL_Driver/Inc/stm32f4xx_hal_def.h"
 517              		.file 6 "frameworks/f407/Drivers/STM32F4xx_HAL_Driver/Inc/stm32f4xx_hal_dma.h"
 518              		.file 7 "frameworks/f407/Drivers/STM32F4xx_HAL_Driver/Inc/stm32f4xx_hal_tim.h"
 519              		.file 8 "frameworks/f407/Core/Inc/tim.h"
 520              		.file 9 "hal_bsp/hal/driver/motor/pwm_motor.h"
ARM GAS  C:\Users\honor\AppData\Local\Temp\ccY2lGlE.s 			page 13


DEFINED SYMBOLS
                            *ABS*:00000000 pwm_motor.c
C:\Users\honor\AppData\Local\Temp\ccY2lGlE.s:20     .text.constrain_PWM:00000000 $t
C:\Users\honor\AppData\Local\Temp\ccY2lGlE.s:25     .text.constrain_PWM:00000000 constrain_PWM
C:\Users\honor\AppData\Local\Temp\ccY2lGlE.s:60     .text.init_motor_structures:00000000 $t
C:\Users\honor\AppData\Local\Temp\ccY2lGlE.s:65     .text.init_motor_structures:00000000 init_motor_structures
C:\Users\honor\AppData\Local\Temp\ccY2lGlE.s:128    .text.init_motor_structures:00000028 $d
C:\Users\honor\AppData\Local\Temp\ccY2lGlE.s:133    .text.start_all_pwm_timers:00000000 $t
C:\Users\honor\AppData\Local\Temp\ccY2lGlE.s:138    .text.start_all_pwm_timers:00000000 start_all_pwm_timers
C:\Users\honor\AppData\Local\Temp\ccY2lGlE.s:183    .text.start_all_pwm_timers:00000020 $d
C:\Users\honor\AppData\Local\Temp\ccY2lGlE.s:188    .text.set_motor_speed:00000000 $t
C:\Users\honor\AppData\Local\Temp\ccY2lGlE.s:194    .text.set_motor_speed:00000000 set_motor_speed
C:\Users\honor\AppData\Local\Temp\ccY2lGlE.s:338    .text.stop_all_motors:00000000 $t
C:\Users\honor\AppData\Local\Temp\ccY2lGlE.s:344    .text.stop_all_motors:00000000 stop_all_motors
C:\Users\honor\AppData\Local\Temp\ccY2lGlE.s:392    .text.stop_all_motors:00000034 $d
C:\Users\honor\AppData\Local\Temp\ccY2lGlE.s:400    .text.motor_init:00000000 $t
C:\Users\honor\AppData\Local\Temp\ccY2lGlE.s:406    .text.motor_init:00000000 motor_init
C:\Users\honor\AppData\Local\Temp\ccY2lGlE.s:454    .bss.motor_right_back:00000000 motor_right_back
C:\Users\honor\AppData\Local\Temp\ccY2lGlE.s:440    .bss.motor_left_back:00000000 motor_left_back
C:\Users\honor\AppData\Local\Temp\ccY2lGlE.s:461    .bss.motor_right_front:00000000 motor_right_front
C:\Users\honor\AppData\Local\Temp\ccY2lGlE.s:447    .bss.motor_left_front:00000000 motor_left_front
C:\Users\honor\AppData\Local\Temp\ccY2lGlE.s:436    .bss.motor_left_back:00000000 $d
C:\Users\honor\AppData\Local\Temp\ccY2lGlE.s:443    .bss.motor_left_front:00000000 $d
C:\Users\honor\AppData\Local\Temp\ccY2lGlE.s:450    .bss.motor_right_back:00000000 $d
C:\Users\honor\AppData\Local\Temp\ccY2lGlE.s:457    .bss.motor_right_front:00000000 $d
C:\Users\honor\AppData\Local\Temp\ccY2lGlE.s:464    .rodata.motor_configs:00000000 $d
C:\Users\honor\AppData\Local\Temp\ccY2lGlE.s:468    .rodata.motor_configs:00000000 motor_configs
C:\Users\honor\AppData\Local\Temp\ccY2lGlE.s:490    .rodata.tim_configs:00000000 $d
C:\Users\honor\AppData\Local\Temp\ccY2lGlE.s:494    .rodata.tim_configs:00000000 tim_configs

UNDEFINED SYMBOLS
HAL_TIM_PWM_Start_IT
htim1
htim9
htim12
