ARM GAS  C:\Users\honor\AppData\Local\Temp\ccMlvicj.s 			page 1


   1              		.cpu cortex-m4
   2              		.arch armv7e-m
   3              		.fpu fpv4-sp-d16
   4              		.eabi_attribute 27, 1
   5              		.eabi_attribute 28, 1
   6              		.eabi_attribute 20, 1
   7              		.eabi_attribute 21, 1
   8              		.eabi_attribute 23, 3
   9              		.eabi_attribute 24, 1
  10              		.eabi_attribute 25, 1
  11              		.eabi_attribute 26, 1
  12              		.eabi_attribute 30, 1
  13              		.eabi_attribute 34, 1
  14              		.eabi_attribute 18, 4
  15              		.file	"robot_cmd.c"
  16              		.text
  17              	.Ltext0:
  18              		.cfi_sections	.debug_frame
  19              		.syntax unified
  20              		.global _printf_float
  21              		.thumb
  22              		.syntax unified
  23              		.section	.text.robot_cmd_init,"ax",%progbits
  24              		.align	1
  25              		.global	robot_cmd_init
  26              		.syntax unified
  27              		.thumb
  28              		.thumb_func
  30              	robot_cmd_init:
  31              	.LFB246:
  32              		.file 1 "APP/robot_cmd.c"
   1:APP/robot_cmd.c **** #include "robot_cmd.h"
   2:APP/robot_cmd.c **** #include "usart.h"
   3:APP/robot_cmd.c **** #include "sbus_ht10a.h"
   4:APP/robot_cmd.c **** #include <stdio.h>
   5:APP/robot_cmd.c **** #include "cmsis_os.h"
   6:APP/robot_cmd.c **** #include "pwm_motor.h"
   7:APP/robot_cmd.c **** #include "stdlib.h"
   8:APP/robot_cmd.c **** #include "string.h"
   9:APP/robot_cmd.c **** 
  10:APP/robot_cmd.c **** UniRemote_HandleTypeDef hur = {0};
  11:APP/robot_cmd.c **** extern Robot_cmd *cmd;
  12:APP/robot_cmd.c **** 
  13:APP/robot_cmd.c **** Robot_cmd *robot_cmd_init(void)
  14:APP/robot_cmd.c **** {
  33              		.loc 1 14 1 view -0
  34              		.cfi_startproc
  35              		@ args = 0, pretend = 0, frame = 0
  36              		@ frame_needed = 0, uses_anonymous_args = 0
  37 0000 38B5     		push	{r3, r4, r5, lr}
  38              	.LCFI0:
  39              		.cfi_def_cfa_offset 16
  40              		.cfi_offset 3, -16
  41              		.cfi_offset 4, -12
  42              		.cfi_offset 5, -8
  43              		.cfi_offset 14, -4
  15:APP/robot_cmd.c ****     Robot_cmd *obj = (Robot_cmd *)malloc(sizeof(Robot_cmd));
ARM GAS  C:\Users\honor\AppData\Local\Temp\ccMlvicj.s 			page 2


  44              		.loc 1 15 5 view .LVU1
  45              		.loc 1 15 35 is_stmt 0 view .LVU2
  46 0002 1020     		movs	r0, #16
  47 0004 FFF7FEFF 		bl	malloc
  48              	.LVL0:
  49 0008 0446     		mov	r4, r0
  50              	.LVL1:
  16:APP/robot_cmd.c ****     memset(obj, 0, sizeof(Robot_cmd));
  51              		.loc 1 16 5 is_stmt 1 view .LVU3
  52 000a 0025     		movs	r5, #0
  53 000c 0560     		str	r5, [r0]	@ unaligned
  54 000e 4560     		str	r5, [r0, #4]	@ unaligned
  55 0010 8560     		str	r5, [r0, #8]	@ unaligned
  56 0012 C560     		str	r5, [r0, #12]	@ unaligned
  17:APP/robot_cmd.c **** 
  18:APP/robot_cmd.c ****     // 初始化UART DMA接收
  19:APP/robot_cmd.c ****     SBUS_Init(&huart5);
  57              		.loc 1 19 5 view .LVU4
  58 0014 0348     		ldr	r0, .L3
  59              	.LVL2:
  60              		.loc 1 19 5 is_stmt 0 view .LVU5
  61 0016 FFF7FEFF 		bl	SBUS_Init
  62              	.LVL3:
  20:APP/robot_cmd.c **** 
  21:APP/robot_cmd.c ****     //电机初始化
  22:APP/robot_cmd.c ****     motor_init();
  63              		.loc 1 22 5 is_stmt 1 view .LVU6
  64 001a FFF7FEFF 		bl	motor_init
  65              	.LVL4:
  23:APP/robot_cmd.c ****     obj->robot_ready = Robot_stop;
  66              		.loc 1 23 5 view .LVU7
  67              		.loc 1 23 22 is_stmt 0 view .LVU8
  68 001e 6570     		strb	r5, [r4, #1]
  24:APP/robot_cmd.c **** 
  25:APP/robot_cmd.c ****     //蜂鸣器初始化
  26:APP/robot_cmd.c **** 
  27:APP/robot_cmd.c ****     return obj;
  69              		.loc 1 27 5 is_stmt 1 view .LVU9
  28:APP/robot_cmd.c **** }
  70              		.loc 1 28 1 is_stmt 0 view .LVU10
  71 0020 2046     		mov	r0, r4
  72 0022 38BD     		pop	{r3, r4, r5, pc}
  73              	.LVL5:
  74              	.L4:
  75              		.loc 1 28 1 view .LVU11
  76              		.align	2
  77              	.L3:
  78 0024 00000000 		.word	huart5
  79              		.cfi_endproc
  80              	.LFE246:
  82              		.section	.text.robot_cmd_update,"ax",%progbits
  83              		.align	1
  84              		.global	robot_cmd_update
  85              		.syntax unified
  86              		.thumb
  87              		.thumb_func
  89              	robot_cmd_update:
ARM GAS  C:\Users\honor\AppData\Local\Temp\ccMlvicj.s 			page 3


  90              	.LVL6:
  91              	.LFB247:
  29:APP/robot_cmd.c **** 
  30:APP/robot_cmd.c **** void robot_cmd_update(Robot_cmd *obj)
  31:APP/robot_cmd.c **** {
  92              		.loc 1 31 1 is_stmt 1 view -0
  93              		.cfi_startproc
  94              		@ args = 0, pretend = 0, frame = 0
  95              		@ frame_needed = 0, uses_anonymous_args = 0
  96              		.loc 1 31 1 is_stmt 0 view .LVU13
  97 0000 30B5     		push	{r4, r5, lr}
  98              	.LCFI1:
  99              		.cfi_def_cfa_offset 12
 100              		.cfi_offset 4, -12
 101              		.cfi_offset 5, -8
 102              		.cfi_offset 14, -4
 103 0002 83B0     		sub	sp, sp, #12
 104              	.LCFI2:
 105              		.cfi_def_cfa_offset 24
 106 0004 0446     		mov	r4, r0
  32:APP/robot_cmd.c ****     SBUS_To_UniRemote(&hur, hsbus1);
 107              		.loc 1 32 5 is_stmt 1 view .LVU14
 108 0006 154B     		ldr	r3, .L9
 109 0008 1968     		ldr	r1, [r3]
 110 000a 1548     		ldr	r0, .L9+4
 111              	.LVL7:
 112              		.loc 1 32 5 is_stmt 0 view .LVU15
 113 000c FFF7FEFF 		bl	SBUS_To_UniRemote
 114              	.LVL8:
  33:APP/robot_cmd.c ****     //printf("robot_cmd_update: %d, %d.\n\r", hur.left_x, hur.left_y);
  34:APP/robot_cmd.c ****     if (obj->robot_ready == Robot_stop)
 115              		.loc 1 34 5 is_stmt 1 view .LVU16
 116              		.loc 1 34 12 is_stmt 0 view .LVU17
 117 0010 6378     		ldrb	r3, [r4, #1]	@ zero_extendqisi2
 118              		.loc 1 34 8 view .LVU18
 119 0012 1BB9     		cbnz	r3, .L6
  35:APP/robot_cmd.c ****     {
  36:APP/robot_cmd.c ****         stop_all_motors();
 120              		.loc 1 36 9 is_stmt 1 view .LVU19
 121 0014 FFF7FEFF 		bl	stop_all_motors
 122              	.LVL9:
 123              	.L5:
  37:APP/robot_cmd.c ****     }
  38:APP/robot_cmd.c ****     else
  39:APP/robot_cmd.c ****     {
  40:APP/robot_cmd.c ****         int16_t left_front_speed = 0;
  41:APP/robot_cmd.c ****         int16_t left_back_speed = 0;
  42:APP/robot_cmd.c ****         int16_t right_front_speed = 0;
  43:APP/robot_cmd.c ****         int16_t right_back_speed = 0;
  44:APP/robot_cmd.c **** 
  45:APP/robot_cmd.c ****         left_front_speed = hur.left_y + hur.right_x;
  46:APP/robot_cmd.c ****         left_back_speed = hur.left_y + hur.right_x;
  47:APP/robot_cmd.c ****         right_front_speed = hur.left_y - hur.right_x;
  48:APP/robot_cmd.c ****         right_back_speed = hur.left_y - hur.right_x;
  49:APP/robot_cmd.c **** 
  50:APP/robot_cmd.c ****         set_motor_speed(motor_left_back, left_back_speed);
  51:APP/robot_cmd.c ****         set_motor_speed(motor_left_front, left_front_speed);
ARM GAS  C:\Users\honor\AppData\Local\Temp\ccMlvicj.s 			page 4


  52:APP/robot_cmd.c ****         set_motor_speed(motor_right_back, right_back_speed);
  53:APP/robot_cmd.c ****         set_motor_speed(motor_right_front, right_front_speed);
  54:APP/robot_cmd.c ****         osDelay(100);
  55:APP/robot_cmd.c ****     }
  56:APP/robot_cmd.c **** }
 124              		.loc 1 56 1 is_stmt 0 view .LVU20
 125 0018 03B0     		add	sp, sp, #12
 126              	.LCFI3:
 127              		.cfi_remember_state
 128              		.cfi_def_cfa_offset 12
 129              		@ sp needed
 130 001a 30BD     		pop	{r4, r5, pc}
 131              	.LVL10:
 132              	.L6:
 133              	.LCFI4:
 134              		.cfi_restore_state
 135              	.LBB2:
  40:APP/robot_cmd.c ****         int16_t left_back_speed = 0;
 136              		.loc 1 40 9 is_stmt 1 view .LVU21
  41:APP/robot_cmd.c ****         int16_t right_front_speed = 0;
 137              		.loc 1 41 9 view .LVU22
  42:APP/robot_cmd.c ****         int16_t right_back_speed = 0;
 138              		.loc 1 42 9 view .LVU23
  43:APP/robot_cmd.c **** 
 139              		.loc 1 43 9 view .LVU24
  45:APP/robot_cmd.c ****         left_back_speed = hur.left_y + hur.right_x;
 140              		.loc 1 45 9 view .LVU25
  45:APP/robot_cmd.c ****         left_back_speed = hur.left_y + hur.right_x;
 141              		.loc 1 45 31 is_stmt 0 view .LVU26
 142 001c 104B     		ldr	r3, .L9+4
 143 001e 9C89     		ldrh	r4, [r3, #12]
 144              	.LVL11:
  45:APP/robot_cmd.c ****         left_back_speed = hur.left_y + hur.right_x;
 145              		.loc 1 45 44 view .LVU27
 146 0020 1B89     		ldrh	r3, [r3, #8]
  45:APP/robot_cmd.c ****         left_back_speed = hur.left_y + hur.right_x;
 147              		.loc 1 45 39 view .LVU28
 148 0022 E518     		adds	r5, r4, r3
  45:APP/robot_cmd.c ****         left_back_speed = hur.left_y + hur.right_x;
 149              		.loc 1 45 26 view .LVU29
 150 0024 2DB2     		sxth	r5, r5
 151              	.LVL12:
  46:APP/robot_cmd.c ****         right_front_speed = hur.left_y - hur.right_x;
 152              		.loc 1 46 9 is_stmt 1 view .LVU30
  47:APP/robot_cmd.c ****         right_back_speed = hur.left_y - hur.right_x;
 153              		.loc 1 47 9 view .LVU31
  47:APP/robot_cmd.c ****         right_back_speed = hur.left_y - hur.right_x;
 154              		.loc 1 47 40 is_stmt 0 view .LVU32
 155 0026 E41A     		subs	r4, r4, r3
  47:APP/robot_cmd.c ****         right_back_speed = hur.left_y - hur.right_x;
 156              		.loc 1 47 27 view .LVU33
 157 0028 24B2     		sxth	r4, r4
 158              	.LVL13:
  48:APP/robot_cmd.c **** 
 159              		.loc 1 48 9 is_stmt 1 view .LVU34
  50:APP/robot_cmd.c ****         set_motor_speed(motor_left_front, left_front_speed);
 160              		.loc 1 50 9 view .LVU35
ARM GAS  C:\Users\honor\AppData\Local\Temp\ccMlvicj.s 			page 5


 161 002a 0E4B     		ldr	r3, .L9+8
 162 002c 0095     		str	r5, [sp]
 163 002e 0FCB     		ldm	r3, {r0, r1, r2, r3}
 164 0030 FFF7FEFF 		bl	set_motor_speed
 165              	.LVL14:
  51:APP/robot_cmd.c ****         set_motor_speed(motor_right_back, right_back_speed);
 166              		.loc 1 51 9 view .LVU36
 167 0034 0C4B     		ldr	r3, .L9+12
 168 0036 0095     		str	r5, [sp]
 169 0038 0FCB     		ldm	r3, {r0, r1, r2, r3}
 170 003a FFF7FEFF 		bl	set_motor_speed
 171              	.LVL15:
  52:APP/robot_cmd.c ****         set_motor_speed(motor_right_front, right_front_speed);
 172              		.loc 1 52 9 view .LVU37
 173 003e 0B4B     		ldr	r3, .L9+16
 174 0040 0094     		str	r4, [sp]
 175 0042 0FCB     		ldm	r3, {r0, r1, r2, r3}
 176 0044 FFF7FEFF 		bl	set_motor_speed
 177              	.LVL16:
  53:APP/robot_cmd.c ****         osDelay(100);
 178              		.loc 1 53 9 view .LVU38
 179 0048 094B     		ldr	r3, .L9+20
 180 004a 0094     		str	r4, [sp]
 181 004c 0FCB     		ldm	r3, {r0, r1, r2, r3}
 182 004e FFF7FEFF 		bl	set_motor_speed
 183              	.LVL17:
  54:APP/robot_cmd.c ****     }
 184              		.loc 1 54 9 view .LVU39
 185 0052 6420     		movs	r0, #100
 186 0054 FFF7FEFF 		bl	osDelay
 187              	.LVL18:
 188              	.LBE2:
 189              		.loc 1 56 1 is_stmt 0 view .LVU40
 190 0058 DEE7     		b	.L5
 191              	.L10:
 192 005a 00BF     		.align	2
 193              	.L9:
 194 005c 00000000 		.word	hsbus1
 195 0060 00000000 		.word	.LANCHOR0
 196 0064 00000000 		.word	motor_left_back
 197 0068 00000000 		.word	motor_left_front
 198 006c 00000000 		.word	motor_right_back
 199 0070 00000000 		.word	motor_right_front
 200              		.cfi_endproc
 201              	.LFE247:
 203              		.section	.text.HAL_UARTEx_RxEventCallback,"ax",%progbits
 204              		.align	1
 205              		.global	HAL_UARTEx_RxEventCallback
 206              		.syntax unified
 207              		.thumb
 208              		.thumb_func
 210              	HAL_UARTEx_RxEventCallback:
 211              	.LVL19:
 212              	.LFB248:
  57:APP/robot_cmd.c **** 
  58:APP/robot_cmd.c **** void HAL_UARTEx_RxEventCallback(UART_HandleTypeDef *huart, uint16_t Size)
  59:APP/robot_cmd.c **** {
ARM GAS  C:\Users\honor\AppData\Local\Temp\ccMlvicj.s 			page 6


 213              		.loc 1 59 1 is_stmt 1 view -0
 214              		.cfi_startproc
 215              		@ args = 0, pretend = 0, frame = 0
 216              		@ frame_needed = 0, uses_anonymous_args = 0
 217              		.loc 1 59 1 is_stmt 0 view .LVU42
 218 0000 08B5     		push	{r3, lr}
 219              	.LCFI5:
 220              		.cfi_def_cfa_offset 8
 221              		.cfi_offset 3, -8
 222              		.cfi_offset 14, -4
  60:APP/robot_cmd.c ****     // printf("UARTEx_RxEventCallbackaaaaaaaaaaaaaaaaaaa: %d, %s.\n\r", Size, "debug");
  61:APP/robot_cmd.c **** 
  62:APP/robot_cmd.c ****     if (huart->Instance == UART5) // 判断是否是遥控器接收UART
 223              		.loc 1 62 5 is_stmt 1 view .LVU43
 224              		.loc 1 62 14 is_stmt 0 view .LVU44
 225 0002 0268     		ldr	r2, [r0]
 226              		.loc 1 62 8 view .LVU45
 227 0004 034B     		ldr	r3, .L15
 228 0006 9A42     		cmp	r2, r3
 229 0008 00D0     		beq	.L14
 230              	.LVL20:
 231              	.L11:
  63:APP/robot_cmd.c ****     {
  64:APP/robot_cmd.c ****         SBUS_RxEventCallback(huart, Size);
  65:APP/robot_cmd.c ****     }
  66:APP/robot_cmd.c **** }
 232              		.loc 1 66 1 view .LVU46
 233 000a 08BD     		pop	{r3, pc}
 234              	.LVL21:
 235              	.L14:
  64:APP/robot_cmd.c ****     }
 236              		.loc 1 64 9 is_stmt 1 view .LVU47
 237 000c FFF7FEFF 		bl	SBUS_RxEventCallback
 238              	.LVL22:
 239              		.loc 1 66 1 is_stmt 0 view .LVU48
 240 0010 FBE7     		b	.L11
 241              	.L16:
 242 0012 00BF     		.align	2
 243              	.L15:
 244 0014 00500040 		.word	1073762304
 245              		.cfi_endproc
 246              	.LFE248:
 248              		.section	.text._write,"ax",%progbits
 249              		.align	1
 250              		.global	_write
 251              		.syntax unified
 252              		.thumb
 253              		.thumb_func
 255              	_write:
 256              	.LVL23:
 257              	.LFB249:
  67:APP/robot_cmd.c **** 
  68:APP/robot_cmd.c **** // 使能printf浮点数支持
  69:APP/robot_cmd.c **** asm(".global _printf_float");
  70:APP/robot_cmd.c **** 
  71:APP/robot_cmd.c **** // 重定向printf到UART1,方便调试
  72:APP/robot_cmd.c **** int _write(int file, char *ptr, int len)
ARM GAS  C:\Users\honor\AppData\Local\Temp\ccMlvicj.s 			page 7


  73:APP/robot_cmd.c **** {
 258              		.loc 1 73 1 is_stmt 1 view -0
 259              		.cfi_startproc
 260              		@ args = 0, pretend = 0, frame = 0
 261              		@ frame_needed = 0, uses_anonymous_args = 0
 262              		.loc 1 73 1 is_stmt 0 view .LVU50
 263 0000 10B5     		push	{r4, lr}
 264              	.LCFI6:
 265              		.cfi_def_cfa_offset 8
 266              		.cfi_offset 4, -8
 267              		.cfi_offset 14, -4
 268 0002 1446     		mov	r4, r2
  74:APP/robot_cmd.c ****     HAL_UART_Transmit_IT(&huart1, (uint8_t *)ptr, len);
 269              		.loc 1 74 5 is_stmt 1 view .LVU51
 270 0004 92B2     		uxth	r2, r2
 271              	.LVL24:
 272              		.loc 1 74 5 is_stmt 0 view .LVU52
 273 0006 0248     		ldr	r0, .L19
 274              	.LVL25:
 275              		.loc 1 74 5 view .LVU53
 276 0008 FFF7FEFF 		bl	HAL_UART_Transmit_IT
 277              	.LVL26:
  75:APP/robot_cmd.c ****     return len;
 278              		.loc 1 75 5 is_stmt 1 view .LVU54
  76:APP/robot_cmd.c **** }...
 279              		.loc 1 76 1 is_stmt 0 view .LVU55
 280 000c 2046     		mov	r0, r4
 281 000e 10BD     		pop	{r4, pc}
 282              	.LVL27:
 283              	.L20:
 284              		.loc 1 76 1 view .LVU56
 285              		.align	2
 286              	.L19:
 287 0010 00000000 		.word	huart1
 288              		.cfi_endproc
 289              	.LFE249:
 291              		.global	hur
 292              		.section	.bss.hur,"aw",%nobits
 293              		.align	2
 294              		.set	.LANCHOR0,. + 0
 297              	hur:
 298 0000 00000000 		.space	24
 298      00000000 
 298      00000000 
 298      00000000 
 298      00000000 
 299              		.text
 300              	.Letext0:
 301              		.file 2 "e:\\ng_circumstance\\arm\\arm-none-eabi\\include\\machine\\_default_types.h"
 302              		.file 3 "e:\\ng_circumstance\\arm\\arm-none-eabi\\include\\sys\\_stdint.h"
 303              		.file 4 "frameworks/f407/Drivers/CMSIS/Device/ST/STM32F4xx/Include/stm32f407xx.h"
 304              		.file 5 "frameworks/f407/Drivers/STM32F4xx_HAL_Driver/Inc/stm32f4xx_hal_def.h"
 305              		.file 6 "frameworks/f407/Drivers/STM32F4xx_HAL_Driver/Inc/stm32f4xx_hal_dma.h"
 306              		.file 7 "frameworks/f407/Drivers/STM32F4xx_HAL_Driver/Inc/stm32f4xx_hal_spi.h"
 307              		.file 8 "frameworks/f407/Drivers/STM32F4xx_HAL_Driver/Inc/stm32f4xx_hal_tim.h"
 308              		.file 9 "frameworks/f407/Drivers/STM32F4xx_HAL_Driver/Inc/stm32f4xx_hal_uart.h"
 309              		.file 10 "hal_bsp/hal/driver/spi_oled/ax_oled_1305.h"
ARM GAS  C:\Users\honor\AppData\Local\Temp\ccMlvicj.s 			page 8


 310              		.file 11 "frameworks/f407/Core/Inc/usart.h"
 311              		.file 12 "hal_bsp/hal/driver/remote/sbus_ht10a.h"
 312              		.file 13 "hal_bsp/hal/driver/buzzer/buzzer.h"
 313              		.file 14 "APP/robot_cmd.h"
 314              		.file 15 "hal_bsp/hal/driver/motor/pwm_motor.h"
 315              		.file 16 "frameworks/f407/Middlewares/Third_Party/FreeRTOS/Source/CMSIS_RTOS_V2/cmsis_os2.h"
 316              		.file 17 "e:\\ng_circumstance\\arm\\arm-none-eabi\\include\\stdlib.h"
ARM GAS  C:\Users\honor\AppData\Local\Temp\ccMlvicj.s 			page 9


DEFINED SYMBOLS
                            *ABS*:00000000 robot_cmd.c
C:\Users\honor\AppData\Local\Temp\ccMlvicj.s:24     .text.robot_cmd_init:00000000 $t
C:\Users\honor\AppData\Local\Temp\ccMlvicj.s:30     .text.robot_cmd_init:00000000 robot_cmd_init
C:\Users\honor\AppData\Local\Temp\ccMlvicj.s:78     .text.robot_cmd_init:00000024 $d
C:\Users\honor\AppData\Local\Temp\ccMlvicj.s:83     .text.robot_cmd_update:00000000 $t
C:\Users\honor\AppData\Local\Temp\ccMlvicj.s:89     .text.robot_cmd_update:00000000 robot_cmd_update
C:\Users\honor\AppData\Local\Temp\ccMlvicj.s:194    .text.robot_cmd_update:0000005c $d
C:\Users\honor\AppData\Local\Temp\ccMlvicj.s:204    .text.HAL_UARTEx_RxEventCallback:00000000 $t
C:\Users\honor\AppData\Local\Temp\ccMlvicj.s:210    .text.HAL_UARTEx_RxEventCallback:00000000 HAL_UARTEx_RxEventCallback
C:\Users\honor\AppData\Local\Temp\ccMlvicj.s:244    .text.HAL_UARTEx_RxEventCallback:00000014 $d
C:\Users\honor\AppData\Local\Temp\ccMlvicj.s:249    .text._write:00000000 $t
C:\Users\honor\AppData\Local\Temp\ccMlvicj.s:255    .text._write:00000000 _write
C:\Users\honor\AppData\Local\Temp\ccMlvicj.s:287    .text._write:00000010 $d
C:\Users\honor\AppData\Local\Temp\ccMlvicj.s:297    .bss.hur:00000000 hur
C:\Users\honor\AppData\Local\Temp\ccMlvicj.s:293    .bss.hur:00000000 $d

UNDEFINED SYMBOLS
_printf_float
malloc
SBUS_Init
motor_init
huart5
SBUS_To_UniRemote
stop_all_motors
set_motor_speed
osDelay
hsbus1
motor_left_back
motor_left_front
motor_right_back
motor_right_front
SBUS_RxEventCallback
HAL_UART_Transmit_IT
huart1
