ARM GAS  C:\Users\honor\AppData\Local\Temp\cc4Jclmb.s 			page 1


   1              		.cpu cortex-m4
   2              		.arch armv7e-m
   3              		.fpu fpv4-sp-d16
   4              		.eabi_attribute 27, 1
   5              		.eabi_attribute 28, 1
   6              		.eabi_attribute 20, 1
   7              		.eabi_attribute 21, 1
   8              		.eabi_attribute 23, 3
   9              		.eabi_attribute 24, 1
  10              		.eabi_attribute 25, 1
  11              		.eabi_attribute 26, 1
  12              		.eabi_attribute 30, 1
  13              		.eabi_attribute 34, 1
  14              		.eabi_attribute 18, 4
  15              		.file	"stm32f4xx_it.c"
  16              		.text
  17              	.Ltext0:
  18              		.cfi_sections	.debug_frame
  19              		.section	.text.NMI_Handler,"ax",%progbits
  20              		.align	1
  21              		.global	NMI_Handler
  22              		.syntax unified
  23              		.thumb
  24              		.thumb_func
  26              	NMI_Handler:
  27              	.LFB239:
  28              		.file 1 "Core/Src/stm32f4xx_it.c"
   1:Core/Src/stm32f4xx_it.c **** /* USER CODE BEGIN Header */
   2:Core/Src/stm32f4xx_it.c **** /**
   3:Core/Src/stm32f4xx_it.c ****   ******************************************************************************
   4:Core/Src/stm32f4xx_it.c ****   * @file    stm32f4xx_it.c
   5:Core/Src/stm32f4xx_it.c ****   * @brief   Interrupt Service Routines.
   6:Core/Src/stm32f4xx_it.c ****   ******************************************************************************
   7:Core/Src/stm32f4xx_it.c ****   * @attention
   8:Core/Src/stm32f4xx_it.c ****   *
   9:Core/Src/stm32f4xx_it.c ****   * Copyright (c) 2026 STMicroelectronics.
  10:Core/Src/stm32f4xx_it.c ****   * All rights reserved.
  11:Core/Src/stm32f4xx_it.c ****   *
  12:Core/Src/stm32f4xx_it.c ****   * This software is licensed under terms that can be found in the LICENSE file
  13:Core/Src/stm32f4xx_it.c ****   * in the root directory of this software component.
  14:Core/Src/stm32f4xx_it.c ****   * If no LICENSE file comes with this software, it is provided AS-IS.
  15:Core/Src/stm32f4xx_it.c ****   *
  16:Core/Src/stm32f4xx_it.c ****   ******************************************************************************
  17:Core/Src/stm32f4xx_it.c ****   */
  18:Core/Src/stm32f4xx_it.c **** /* USER CODE END Header */
  19:Core/Src/stm32f4xx_it.c **** 
  20:Core/Src/stm32f4xx_it.c **** /* Includes ------------------------------------------------------------------*/
  21:Core/Src/stm32f4xx_it.c **** #include "main.h"
  22:Core/Src/stm32f4xx_it.c **** #include "stm32f4xx_it.h"
  23:Core/Src/stm32f4xx_it.c **** /* Private includes ----------------------------------------------------------*/
  24:Core/Src/stm32f4xx_it.c **** /* USER CODE BEGIN Includes */
  25:Core/Src/stm32f4xx_it.c **** /* USER CODE END Includes */
  26:Core/Src/stm32f4xx_it.c **** 
  27:Core/Src/stm32f4xx_it.c **** /* Private typedef -----------------------------------------------------------*/
  28:Core/Src/stm32f4xx_it.c **** /* USER CODE BEGIN TD */
  29:Core/Src/stm32f4xx_it.c **** 
  30:Core/Src/stm32f4xx_it.c **** /* USER CODE END TD */
ARM GAS  C:\Users\honor\AppData\Local\Temp\cc4Jclmb.s 			page 2


  31:Core/Src/stm32f4xx_it.c **** 
  32:Core/Src/stm32f4xx_it.c **** /* Private define ------------------------------------------------------------*/
  33:Core/Src/stm32f4xx_it.c **** /* USER CODE BEGIN PD */
  34:Core/Src/stm32f4xx_it.c **** 
  35:Core/Src/stm32f4xx_it.c **** /* USER CODE END PD */
  36:Core/Src/stm32f4xx_it.c **** 
  37:Core/Src/stm32f4xx_it.c **** /* Private macro -------------------------------------------------------------*/
  38:Core/Src/stm32f4xx_it.c **** /* USER CODE BEGIN PM */
  39:Core/Src/stm32f4xx_it.c **** 
  40:Core/Src/stm32f4xx_it.c **** /* USER CODE END PM */
  41:Core/Src/stm32f4xx_it.c **** 
  42:Core/Src/stm32f4xx_it.c **** /* Private variables ---------------------------------------------------------*/
  43:Core/Src/stm32f4xx_it.c **** /* USER CODE BEGIN PV */
  44:Core/Src/stm32f4xx_it.c **** 
  45:Core/Src/stm32f4xx_it.c **** /* USER CODE END PV */
  46:Core/Src/stm32f4xx_it.c **** 
  47:Core/Src/stm32f4xx_it.c **** /* Private function prototypes -----------------------------------------------*/
  48:Core/Src/stm32f4xx_it.c **** /* USER CODE BEGIN PFP */
  49:Core/Src/stm32f4xx_it.c **** 
  50:Core/Src/stm32f4xx_it.c **** /* USER CODE END PFP */
  51:Core/Src/stm32f4xx_it.c **** 
  52:Core/Src/stm32f4xx_it.c **** /* Private user code ---------------------------------------------------------*/
  53:Core/Src/stm32f4xx_it.c **** /* USER CODE BEGIN 0 */
  54:Core/Src/stm32f4xx_it.c **** 
  55:Core/Src/stm32f4xx_it.c **** /* USER CODE END 0 */
  56:Core/Src/stm32f4xx_it.c **** 
  57:Core/Src/stm32f4xx_it.c **** /* External variables --------------------------------------------------------*/
  58:Core/Src/stm32f4xx_it.c **** extern ADC_HandleTypeDef hadc1;
  59:Core/Src/stm32f4xx_it.c **** extern CAN_HandleTypeDef hcan1;
  60:Core/Src/stm32f4xx_it.c **** extern CAN_HandleTypeDef hcan2;
  61:Core/Src/stm32f4xx_it.c **** extern TIM_HandleTypeDef htim1;
  62:Core/Src/stm32f4xx_it.c **** extern TIM_HandleTypeDef htim2;
  63:Core/Src/stm32f4xx_it.c **** extern TIM_HandleTypeDef htim3;
  64:Core/Src/stm32f4xx_it.c **** extern TIM_HandleTypeDef htim4;
  65:Core/Src/stm32f4xx_it.c **** extern TIM_HandleTypeDef htim5;
  66:Core/Src/stm32f4xx_it.c **** extern DMA_HandleTypeDef hdma_uart4_rx;
  67:Core/Src/stm32f4xx_it.c **** extern DMA_HandleTypeDef hdma_uart5_rx;
  68:Core/Src/stm32f4xx_it.c **** extern DMA_HandleTypeDef hdma_usart1_rx;
  69:Core/Src/stm32f4xx_it.c **** extern DMA_HandleTypeDef hdma_usart2_rx;
  70:Core/Src/stm32f4xx_it.c **** extern UART_HandleTypeDef huart4;
  71:Core/Src/stm32f4xx_it.c **** extern UART_HandleTypeDef huart5;
  72:Core/Src/stm32f4xx_it.c **** extern UART_HandleTypeDef huart1;
  73:Core/Src/stm32f4xx_it.c **** extern UART_HandleTypeDef huart2;
  74:Core/Src/stm32f4xx_it.c **** extern UART_HandleTypeDef huart3;
  75:Core/Src/stm32f4xx_it.c **** extern TIM_HandleTypeDef htim8;
  76:Core/Src/stm32f4xx_it.c **** 
  77:Core/Src/stm32f4xx_it.c **** /* USER CODE BEGIN EV */
  78:Core/Src/stm32f4xx_it.c **** 
  79:Core/Src/stm32f4xx_it.c **** /* USER CODE END EV */
  80:Core/Src/stm32f4xx_it.c **** 
  81:Core/Src/stm32f4xx_it.c **** /******************************************************************************/
  82:Core/Src/stm32f4xx_it.c **** /*           Cortex-M4 Processor Interruption and Exception Handlers          */
  83:Core/Src/stm32f4xx_it.c **** /******************************************************************************/
  84:Core/Src/stm32f4xx_it.c **** /**
  85:Core/Src/stm32f4xx_it.c ****   * @brief This function handles Non maskable interrupt.
  86:Core/Src/stm32f4xx_it.c ****   */
  87:Core/Src/stm32f4xx_it.c **** void NMI_Handler(void)
ARM GAS  C:\Users\honor\AppData\Local\Temp\cc4Jclmb.s 			page 3


  88:Core/Src/stm32f4xx_it.c **** {
  29              		.loc 1 88 1 view -0
  30              		.cfi_startproc
  31              		@ Volatile: function does not return.
  32              		@ args = 0, pretend = 0, frame = 0
  33              		@ frame_needed = 0, uses_anonymous_args = 0
  34              		@ link register save eliminated.
  35              	.L2:
  89:Core/Src/stm32f4xx_it.c ****   /* USER CODE BEGIN NonMaskableInt_IRQn 0 */
  90:Core/Src/stm32f4xx_it.c **** 
  91:Core/Src/stm32f4xx_it.c ****   /* USER CODE END NonMaskableInt_IRQn 0 */
  92:Core/Src/stm32f4xx_it.c ****   /* USER CODE BEGIN NonMaskableInt_IRQn 1 */
  93:Core/Src/stm32f4xx_it.c ****    while (1)
  36              		.loc 1 93 4 discriminator 1 view .LVU1
  94:Core/Src/stm32f4xx_it.c ****   {
  95:Core/Src/stm32f4xx_it.c ****   }
  37              		.loc 1 95 3 discriminator 1 view .LVU2
  93:Core/Src/stm32f4xx_it.c ****   {
  38              		.loc 1 93 10 discriminator 1 view .LVU3
  39 0000 FEE7     		b	.L2
  40              		.cfi_endproc
  41              	.LFE239:
  43              		.section	.text.HardFault_Handler,"ax",%progbits
  44              		.align	1
  45              		.global	HardFault_Handler
  46              		.syntax unified
  47              		.thumb
  48              		.thumb_func
  50              	HardFault_Handler:
  51              	.LFB240:
  96:Core/Src/stm32f4xx_it.c ****   /* USER CODE END NonMaskableInt_IRQn 1 */
  97:Core/Src/stm32f4xx_it.c **** }
  98:Core/Src/stm32f4xx_it.c **** 
  99:Core/Src/stm32f4xx_it.c **** /**
 100:Core/Src/stm32f4xx_it.c ****   * @brief This function handles Hard fault interrupt.
 101:Core/Src/stm32f4xx_it.c ****   */
 102:Core/Src/stm32f4xx_it.c **** void HardFault_Handler(void)
 103:Core/Src/stm32f4xx_it.c **** {
  52              		.loc 1 103 1 view -0
  53              		.cfi_startproc
  54              		@ Volatile: function does not return.
  55              		@ args = 0, pretend = 0, frame = 0
  56              		@ frame_needed = 0, uses_anonymous_args = 0
  57              		@ link register save eliminated.
  58              	.L4:
 104:Core/Src/stm32f4xx_it.c ****   /* USER CODE BEGIN HardFault_IRQn 0 */
 105:Core/Src/stm32f4xx_it.c **** 
 106:Core/Src/stm32f4xx_it.c ****   /* USER CODE END HardFault_IRQn 0 */
 107:Core/Src/stm32f4xx_it.c ****   while (1)
  59              		.loc 1 107 3 discriminator 1 view .LVU5
 108:Core/Src/stm32f4xx_it.c ****   {
 109:Core/Src/stm32f4xx_it.c ****     /* USER CODE BEGIN W1_HardFault_IRQn 0 */
 110:Core/Src/stm32f4xx_it.c ****     /* USER CODE END W1_HardFault_IRQn 0 */
 111:Core/Src/stm32f4xx_it.c ****   }
  60              		.loc 1 111 3 discriminator 1 view .LVU6
 107:Core/Src/stm32f4xx_it.c ****   {
  61              		.loc 1 107 9 discriminator 1 view .LVU7
ARM GAS  C:\Users\honor\AppData\Local\Temp\cc4Jclmb.s 			page 4


  62 0000 FEE7     		b	.L4
  63              		.cfi_endproc
  64              	.LFE240:
  66              		.section	.text.MemManage_Handler,"ax",%progbits
  67              		.align	1
  68              		.global	MemManage_Handler
  69              		.syntax unified
  70              		.thumb
  71              		.thumb_func
  73              	MemManage_Handler:
  74              	.LFB241:
 112:Core/Src/stm32f4xx_it.c **** }
 113:Core/Src/stm32f4xx_it.c **** 
 114:Core/Src/stm32f4xx_it.c **** /**
 115:Core/Src/stm32f4xx_it.c ****   * @brief This function handles Memory management fault.
 116:Core/Src/stm32f4xx_it.c ****   */
 117:Core/Src/stm32f4xx_it.c **** void MemManage_Handler(void)
 118:Core/Src/stm32f4xx_it.c **** {
  75              		.loc 1 118 1 view -0
  76              		.cfi_startproc
  77              		@ Volatile: function does not return.
  78              		@ args = 0, pretend = 0, frame = 0
  79              		@ frame_needed = 0, uses_anonymous_args = 0
  80              		@ link register save eliminated.
  81              	.L6:
 119:Core/Src/stm32f4xx_it.c ****   /* USER CODE BEGIN MemoryManagement_IRQn 0 */
 120:Core/Src/stm32f4xx_it.c **** 
 121:Core/Src/stm32f4xx_it.c ****   /* USER CODE END MemoryManagement_IRQn 0 */
 122:Core/Src/stm32f4xx_it.c ****   while (1)
  82              		.loc 1 122 3 discriminator 1 view .LVU9
 123:Core/Src/stm32f4xx_it.c ****   {
 124:Core/Src/stm32f4xx_it.c ****     /* USER CODE BEGIN W1_MemoryManagement_IRQn 0 */
 125:Core/Src/stm32f4xx_it.c ****     /* USER CODE END W1_MemoryManagement_IRQn 0 */
 126:Core/Src/stm32f4xx_it.c ****   }
  83              		.loc 1 126 3 discriminator 1 view .LVU10
 122:Core/Src/stm32f4xx_it.c ****   {
  84              		.loc 1 122 9 discriminator 1 view .LVU11
  85 0000 FEE7     		b	.L6
  86              		.cfi_endproc
  87              	.LFE241:
  89              		.section	.text.BusFault_Handler,"ax",%progbits
  90              		.align	1
  91              		.global	BusFault_Handler
  92              		.syntax unified
  93              		.thumb
  94              		.thumb_func
  96              	BusFault_Handler:
  97              	.LFB242:
 127:Core/Src/stm32f4xx_it.c **** }
 128:Core/Src/stm32f4xx_it.c **** 
 129:Core/Src/stm32f4xx_it.c **** /**
 130:Core/Src/stm32f4xx_it.c ****   * @brief This function handles Pre-fetch fault, memory access fault.
 131:Core/Src/stm32f4xx_it.c ****   */
 132:Core/Src/stm32f4xx_it.c **** void BusFault_Handler(void)
 133:Core/Src/stm32f4xx_it.c **** {
  98              		.loc 1 133 1 view -0
  99              		.cfi_startproc
ARM GAS  C:\Users\honor\AppData\Local\Temp\cc4Jclmb.s 			page 5


 100              		@ Volatile: function does not return.
 101              		@ args = 0, pretend = 0, frame = 0
 102              		@ frame_needed = 0, uses_anonymous_args = 0
 103              		@ link register save eliminated.
 104              	.L8:
 134:Core/Src/stm32f4xx_it.c ****   /* USER CODE BEGIN BusFault_IRQn 0 */
 135:Core/Src/stm32f4xx_it.c **** 
 136:Core/Src/stm32f4xx_it.c ****   /* USER CODE END BusFault_IRQn 0 */
 137:Core/Src/stm32f4xx_it.c ****   while (1)
 105              		.loc 1 137 3 discriminator 1 view .LVU13
 138:Core/Src/stm32f4xx_it.c ****   {
 139:Core/Src/stm32f4xx_it.c ****     /* USER CODE BEGIN W1_BusFault_IRQn 0 */
 140:Core/Src/stm32f4xx_it.c ****     /* USER CODE END W1_BusFault_IRQn 0 */
 141:Core/Src/stm32f4xx_it.c ****   }
 106              		.loc 1 141 3 discriminator 1 view .LVU14
 137:Core/Src/stm32f4xx_it.c ****   {
 107              		.loc 1 137 9 discriminator 1 view .LVU15
 108 0000 FEE7     		b	.L8
 109              		.cfi_endproc
 110              	.LFE242:
 112              		.section	.text.UsageFault_Handler,"ax",%progbits
 113              		.align	1
 114              		.global	UsageFault_Handler
 115              		.syntax unified
 116              		.thumb
 117              		.thumb_func
 119              	UsageFault_Handler:
 120              	.LFB243:
 142:Core/Src/stm32f4xx_it.c **** }
 143:Core/Src/stm32f4xx_it.c **** 
 144:Core/Src/stm32f4xx_it.c **** /**
 145:Core/Src/stm32f4xx_it.c ****   * @brief This function handles Undefined instruction or illegal state.
 146:Core/Src/stm32f4xx_it.c ****   */
 147:Core/Src/stm32f4xx_it.c **** void UsageFault_Handler(void)
 148:Core/Src/stm32f4xx_it.c **** {
 121              		.loc 1 148 1 view -0
 122              		.cfi_startproc
 123              		@ Volatile: function does not return.
 124              		@ args = 0, pretend = 0, frame = 0
 125              		@ frame_needed = 0, uses_anonymous_args = 0
 126              		@ link register save eliminated.
 127              	.L10:
 149:Core/Src/stm32f4xx_it.c ****   /* USER CODE BEGIN UsageFault_IRQn 0 */
 150:Core/Src/stm32f4xx_it.c **** 
 151:Core/Src/stm32f4xx_it.c ****   /* USER CODE END UsageFault_IRQn 0 */
 152:Core/Src/stm32f4xx_it.c ****   while (1)
 128              		.loc 1 152 3 discriminator 1 view .LVU17
 153:Core/Src/stm32f4xx_it.c ****   {
 154:Core/Src/stm32f4xx_it.c ****     /* USER CODE BEGIN W1_UsageFault_IRQn 0 */
 155:Core/Src/stm32f4xx_it.c ****     /* USER CODE END W1_UsageFault_IRQn 0 */
 156:Core/Src/stm32f4xx_it.c ****   }
 129              		.loc 1 156 3 discriminator 1 view .LVU18
 152:Core/Src/stm32f4xx_it.c ****   {
 130              		.loc 1 152 9 discriminator 1 view .LVU19
 131 0000 FEE7     		b	.L10
 132              		.cfi_endproc
 133              	.LFE243:
ARM GAS  C:\Users\honor\AppData\Local\Temp\cc4Jclmb.s 			page 6


 135              		.section	.text.DebugMon_Handler,"ax",%progbits
 136              		.align	1
 137              		.global	DebugMon_Handler
 138              		.syntax unified
 139              		.thumb
 140              		.thumb_func
 142              	DebugMon_Handler:
 143              	.LFB244:
 157:Core/Src/stm32f4xx_it.c **** }
 158:Core/Src/stm32f4xx_it.c **** 
 159:Core/Src/stm32f4xx_it.c **** /**
 160:Core/Src/stm32f4xx_it.c ****   * @brief This function handles Debug monitor.
 161:Core/Src/stm32f4xx_it.c ****   */
 162:Core/Src/stm32f4xx_it.c **** void DebugMon_Handler(void)
 163:Core/Src/stm32f4xx_it.c **** {
 144              		.loc 1 163 1 view -0
 145              		.cfi_startproc
 146              		@ args = 0, pretend = 0, frame = 0
 147              		@ frame_needed = 0, uses_anonymous_args = 0
 148              		@ link register save eliminated.
 164:Core/Src/stm32f4xx_it.c ****   /* USER CODE BEGIN DebugMonitor_IRQn 0 */
 165:Core/Src/stm32f4xx_it.c **** 
 166:Core/Src/stm32f4xx_it.c ****   /* USER CODE END DebugMonitor_IRQn 0 */
 167:Core/Src/stm32f4xx_it.c ****   /* USER CODE BEGIN DebugMonitor_IRQn 1 */
 168:Core/Src/stm32f4xx_it.c **** 
 169:Core/Src/stm32f4xx_it.c ****   /* USER CODE END DebugMonitor_IRQn 1 */
 170:Core/Src/stm32f4xx_it.c **** }
 149              		.loc 1 170 1 view .LVU21
 150 0000 7047     		bx	lr
 151              		.cfi_endproc
 152              	.LFE244:
 154              		.section	.text.DMA1_Stream0_IRQHandler,"ax",%progbits
 155              		.align	1
 156              		.global	DMA1_Stream0_IRQHandler
 157              		.syntax unified
 158              		.thumb
 159              		.thumb_func
 161              	DMA1_Stream0_IRQHandler:
 162              	.LFB245:
 171:Core/Src/stm32f4xx_it.c **** 
 172:Core/Src/stm32f4xx_it.c **** /******************************************************************************/
 173:Core/Src/stm32f4xx_it.c **** /* STM32F4xx Peripheral Interrupt Handlers                                    */
 174:Core/Src/stm32f4xx_it.c **** /* Add here the Interrupt Handlers for the used peripherals.                  */
 175:Core/Src/stm32f4xx_it.c **** /* For the available peripheral interrupt handler names,                      */
 176:Core/Src/stm32f4xx_it.c **** /* please refer to the startup file (startup_stm32f4xx.s).                    */
 177:Core/Src/stm32f4xx_it.c **** /******************************************************************************/
 178:Core/Src/stm32f4xx_it.c **** 
 179:Core/Src/stm32f4xx_it.c **** /**
 180:Core/Src/stm32f4xx_it.c ****   * @brief This function handles DMA1 stream0 global interrupt.
 181:Core/Src/stm32f4xx_it.c ****   */
 182:Core/Src/stm32f4xx_it.c **** void DMA1_Stream0_IRQHandler(void)
 183:Core/Src/stm32f4xx_it.c **** {
 163              		.loc 1 183 1 view -0
 164              		.cfi_startproc
 165              		@ args = 0, pretend = 0, frame = 0
 166              		@ frame_needed = 0, uses_anonymous_args = 0
 167 0000 08B5     		push	{r3, lr}
ARM GAS  C:\Users\honor\AppData\Local\Temp\cc4Jclmb.s 			page 7


 168              	.LCFI0:
 169              		.cfi_def_cfa_offset 8
 170              		.cfi_offset 3, -8
 171              		.cfi_offset 14, -4
 184:Core/Src/stm32f4xx_it.c ****   /* USER CODE BEGIN DMA1_Stream0_IRQn 0 */
 185:Core/Src/stm32f4xx_it.c **** 
 186:Core/Src/stm32f4xx_it.c ****   /* USER CODE END DMA1_Stream0_IRQn 0 */
 187:Core/Src/stm32f4xx_it.c ****   HAL_DMA_IRQHandler(&hdma_uart5_rx);
 172              		.loc 1 187 3 view .LVU23
 173 0002 0248     		ldr	r0, .L14
 174 0004 FFF7FEFF 		bl	HAL_DMA_IRQHandler
 175              	.LVL0:
 188:Core/Src/stm32f4xx_it.c ****   /* USER CODE BEGIN DMA1_Stream0_IRQn 1 */
 189:Core/Src/stm32f4xx_it.c **** 
 190:Core/Src/stm32f4xx_it.c ****   /* USER CODE END DMA1_Stream0_IRQn 1 */
 191:Core/Src/stm32f4xx_it.c **** }
 176              		.loc 1 191 1 is_stmt 0 view .LVU24
 177 0008 08BD     		pop	{r3, pc}
 178              	.L15:
 179 000a 00BF     		.align	2
 180              	.L14:
 181 000c 00000000 		.word	hdma_uart5_rx
 182              		.cfi_endproc
 183              	.LFE245:
 185              		.section	.text.DMA1_Stream2_IRQHandler,"ax",%progbits
 186              		.align	1
 187              		.global	DMA1_Stream2_IRQHandler
 188              		.syntax unified
 189              		.thumb
 190              		.thumb_func
 192              	DMA1_Stream2_IRQHandler:
 193              	.LFB246:
 192:Core/Src/stm32f4xx_it.c **** 
 193:Core/Src/stm32f4xx_it.c **** /**
 194:Core/Src/stm32f4xx_it.c ****   * @brief This function handles DMA1 stream2 global interrupt.
 195:Core/Src/stm32f4xx_it.c ****   */
 196:Core/Src/stm32f4xx_it.c **** void DMA1_Stream2_IRQHandler(void)
 197:Core/Src/stm32f4xx_it.c **** {
 194              		.loc 1 197 1 is_stmt 1 view -0
 195              		.cfi_startproc
 196              		@ args = 0, pretend = 0, frame = 0
 197              		@ frame_needed = 0, uses_anonymous_args = 0
 198 0000 08B5     		push	{r3, lr}
 199              	.LCFI1:
 200              		.cfi_def_cfa_offset 8
 201              		.cfi_offset 3, -8
 202              		.cfi_offset 14, -4
 198:Core/Src/stm32f4xx_it.c ****   /* USER CODE BEGIN DMA1_Stream2_IRQn 0 */
 199:Core/Src/stm32f4xx_it.c **** 
 200:Core/Src/stm32f4xx_it.c ****   /* USER CODE END DMA1_Stream2_IRQn 0 */
 201:Core/Src/stm32f4xx_it.c ****   HAL_DMA_IRQHandler(&hdma_uart4_rx);
 203              		.loc 1 201 3 view .LVU26
 204 0002 0248     		ldr	r0, .L18
 205 0004 FFF7FEFF 		bl	HAL_DMA_IRQHandler
 206              	.LVL1:
 202:Core/Src/stm32f4xx_it.c ****   /* USER CODE BEGIN DMA1_Stream2_IRQn 1 */
 203:Core/Src/stm32f4xx_it.c **** 
ARM GAS  C:\Users\honor\AppData\Local\Temp\cc4Jclmb.s 			page 8


 204:Core/Src/stm32f4xx_it.c ****   /* USER CODE END DMA1_Stream2_IRQn 1 */
 205:Core/Src/stm32f4xx_it.c **** }
 207              		.loc 1 205 1 is_stmt 0 view .LVU27
 208 0008 08BD     		pop	{r3, pc}
 209              	.L19:
 210 000a 00BF     		.align	2
 211              	.L18:
 212 000c 00000000 		.word	hdma_uart4_rx
 213              		.cfi_endproc
 214              	.LFE246:
 216              		.section	.text.DMA1_Stream5_IRQHandler,"ax",%progbits
 217              		.align	1
 218              		.global	DMA1_Stream5_IRQHandler
 219              		.syntax unified
 220              		.thumb
 221              		.thumb_func
 223              	DMA1_Stream5_IRQHandler:
 224              	.LFB247:
 206:Core/Src/stm32f4xx_it.c **** 
 207:Core/Src/stm32f4xx_it.c **** /**
 208:Core/Src/stm32f4xx_it.c ****   * @brief This function handles DMA1 stream5 global interrupt.
 209:Core/Src/stm32f4xx_it.c ****   */
 210:Core/Src/stm32f4xx_it.c **** void DMA1_Stream5_IRQHandler(void)
 211:Core/Src/stm32f4xx_it.c **** {
 225              		.loc 1 211 1 is_stmt 1 view -0
 226              		.cfi_startproc
 227              		@ args = 0, pretend = 0, frame = 0
 228              		@ frame_needed = 0, uses_anonymous_args = 0
 229 0000 08B5     		push	{r3, lr}
 230              	.LCFI2:
 231              		.cfi_def_cfa_offset 8
 232              		.cfi_offset 3, -8
 233              		.cfi_offset 14, -4
 212:Core/Src/stm32f4xx_it.c ****   /* USER CODE BEGIN DMA1_Stream5_IRQn 0 */
 213:Core/Src/stm32f4xx_it.c **** 
 214:Core/Src/stm32f4xx_it.c ****   /* USER CODE END DMA1_Stream5_IRQn 0 */
 215:Core/Src/stm32f4xx_it.c ****   HAL_DMA_IRQHandler(&hdma_usart2_rx);
 234              		.loc 1 215 3 view .LVU29
 235 0002 0248     		ldr	r0, .L22
 236 0004 FFF7FEFF 		bl	HAL_DMA_IRQHandler
 237              	.LVL2:
 216:Core/Src/stm32f4xx_it.c ****   /* USER CODE BEGIN DMA1_Stream5_IRQn 1 */
 217:Core/Src/stm32f4xx_it.c **** 
 218:Core/Src/stm32f4xx_it.c ****   /* USER CODE END DMA1_Stream5_IRQn 1 */
 219:Core/Src/stm32f4xx_it.c **** }
 238              		.loc 1 219 1 is_stmt 0 view .LVU30
 239 0008 08BD     		pop	{r3, pc}
 240              	.L23:
 241 000a 00BF     		.align	2
 242              	.L22:
 243 000c 00000000 		.word	hdma_usart2_rx
 244              		.cfi_endproc
 245              	.LFE247:
 247              		.section	.text.ADC_IRQHandler,"ax",%progbits
 248              		.align	1
 249              		.global	ADC_IRQHandler
 250              		.syntax unified
ARM GAS  C:\Users\honor\AppData\Local\Temp\cc4Jclmb.s 			page 9


 251              		.thumb
 252              		.thumb_func
 254              	ADC_IRQHandler:
 255              	.LFB248:
 220:Core/Src/stm32f4xx_it.c **** 
 221:Core/Src/stm32f4xx_it.c **** /**
 222:Core/Src/stm32f4xx_it.c ****   * @brief This function handles ADC1, ADC2 and ADC3 global interrupts.
 223:Core/Src/stm32f4xx_it.c ****   */
 224:Core/Src/stm32f4xx_it.c **** void ADC_IRQHandler(void)
 225:Core/Src/stm32f4xx_it.c **** {
 256              		.loc 1 225 1 is_stmt 1 view -0
 257              		.cfi_startproc
 258              		@ args = 0, pretend = 0, frame = 0
 259              		@ frame_needed = 0, uses_anonymous_args = 0
 260 0000 08B5     		push	{r3, lr}
 261              	.LCFI3:
 262              		.cfi_def_cfa_offset 8
 263              		.cfi_offset 3, -8
 264              		.cfi_offset 14, -4
 226:Core/Src/stm32f4xx_it.c ****   /* USER CODE BEGIN ADC_IRQn 0 */
 227:Core/Src/stm32f4xx_it.c **** 
 228:Core/Src/stm32f4xx_it.c ****   /* USER CODE END ADC_IRQn 0 */
 229:Core/Src/stm32f4xx_it.c ****   HAL_ADC_IRQHandler(&hadc1);
 265              		.loc 1 229 3 view .LVU32
 266 0002 0248     		ldr	r0, .L26
 267 0004 FFF7FEFF 		bl	HAL_ADC_IRQHandler
 268              	.LVL3:
 230:Core/Src/stm32f4xx_it.c ****   /* USER CODE BEGIN ADC_IRQn 1 */
 231:Core/Src/stm32f4xx_it.c **** 
 232:Core/Src/stm32f4xx_it.c ****   /* USER CODE END ADC_IRQn 1 */
 233:Core/Src/stm32f4xx_it.c **** }
 269              		.loc 1 233 1 is_stmt 0 view .LVU33
 270 0008 08BD     		pop	{r3, pc}
 271              	.L27:
 272 000a 00BF     		.align	2
 273              	.L26:
 274 000c 00000000 		.word	hadc1
 275              		.cfi_endproc
 276              	.LFE248:
 278              		.section	.text.CAN1_TX_IRQHandler,"ax",%progbits
 279              		.align	1
 280              		.global	CAN1_TX_IRQHandler
 281              		.syntax unified
 282              		.thumb
 283              		.thumb_func
 285              	CAN1_TX_IRQHandler:
 286              	.LFB249:
 234:Core/Src/stm32f4xx_it.c **** 
 235:Core/Src/stm32f4xx_it.c **** /**
 236:Core/Src/stm32f4xx_it.c ****   * @brief This function handles CAN1 TX interrupts.
 237:Core/Src/stm32f4xx_it.c ****   */
 238:Core/Src/stm32f4xx_it.c **** void CAN1_TX_IRQHandler(void)
 239:Core/Src/stm32f4xx_it.c **** {
 287              		.loc 1 239 1 is_stmt 1 view -0
 288              		.cfi_startproc
 289              		@ args = 0, pretend = 0, frame = 0
 290              		@ frame_needed = 0, uses_anonymous_args = 0
ARM GAS  C:\Users\honor\AppData\Local\Temp\cc4Jclmb.s 			page 10


 291 0000 08B5     		push	{r3, lr}
 292              	.LCFI4:
 293              		.cfi_def_cfa_offset 8
 294              		.cfi_offset 3, -8
 295              		.cfi_offset 14, -4
 240:Core/Src/stm32f4xx_it.c ****   /* USER CODE BEGIN CAN1_TX_IRQn 0 */
 241:Core/Src/stm32f4xx_it.c **** 
 242:Core/Src/stm32f4xx_it.c ****   /* USER CODE END CAN1_TX_IRQn 0 */
 243:Core/Src/stm32f4xx_it.c ****   HAL_CAN_IRQHandler(&hcan1);
 296              		.loc 1 243 3 view .LVU35
 297 0002 0248     		ldr	r0, .L30
 298 0004 FFF7FEFF 		bl	HAL_CAN_IRQHandler
 299              	.LVL4:
 244:Core/Src/stm32f4xx_it.c ****   /* USER CODE BEGIN CAN1_TX_IRQn 1 */
 245:Core/Src/stm32f4xx_it.c **** 
 246:Core/Src/stm32f4xx_it.c ****   /* USER CODE END CAN1_TX_IRQn 1 */
 247:Core/Src/stm32f4xx_it.c **** }
 300              		.loc 1 247 1 is_stmt 0 view .LVU36
 301 0008 08BD     		pop	{r3, pc}
 302              	.L31:
 303 000a 00BF     		.align	2
 304              	.L30:
 305 000c 00000000 		.word	hcan1
 306              		.cfi_endproc
 307              	.LFE249:
 309              		.section	.text.CAN1_RX0_IRQHandler,"ax",%progbits
 310              		.align	1
 311              		.global	CAN1_RX0_IRQHandler
 312              		.syntax unified
 313              		.thumb
 314              		.thumb_func
 316              	CAN1_RX0_IRQHandler:
 317              	.LFB250:
 248:Core/Src/stm32f4xx_it.c **** 
 249:Core/Src/stm32f4xx_it.c **** /**
 250:Core/Src/stm32f4xx_it.c ****   * @brief This function handles CAN1 RX0 interrupts.
 251:Core/Src/stm32f4xx_it.c ****   */
 252:Core/Src/stm32f4xx_it.c **** void CAN1_RX0_IRQHandler(void)
 253:Core/Src/stm32f4xx_it.c **** {
 318              		.loc 1 253 1 is_stmt 1 view -0
 319              		.cfi_startproc
 320              		@ args = 0, pretend = 0, frame = 0
 321              		@ frame_needed = 0, uses_anonymous_args = 0
 322 0000 08B5     		push	{r3, lr}
 323              	.LCFI5:
 324              		.cfi_def_cfa_offset 8
 325              		.cfi_offset 3, -8
 326              		.cfi_offset 14, -4
 254:Core/Src/stm32f4xx_it.c ****   /* USER CODE BEGIN CAN1_RX0_IRQn 0 */
 255:Core/Src/stm32f4xx_it.c **** 
 256:Core/Src/stm32f4xx_it.c ****   /* USER CODE END CAN1_RX0_IRQn 0 */
 257:Core/Src/stm32f4xx_it.c ****   HAL_CAN_IRQHandler(&hcan1);
 327              		.loc 1 257 3 view .LVU38
 328 0002 0248     		ldr	r0, .L34
 329 0004 FFF7FEFF 		bl	HAL_CAN_IRQHandler
 330              	.LVL5:
 258:Core/Src/stm32f4xx_it.c ****   /* USER CODE BEGIN CAN1_RX0_IRQn 1 */
ARM GAS  C:\Users\honor\AppData\Local\Temp\cc4Jclmb.s 			page 11


 259:Core/Src/stm32f4xx_it.c **** 
 260:Core/Src/stm32f4xx_it.c ****   /* USER CODE END CAN1_RX0_IRQn 1 */
 261:Core/Src/stm32f4xx_it.c **** }
 331              		.loc 1 261 1 is_stmt 0 view .LVU39
 332 0008 08BD     		pop	{r3, pc}
 333              	.L35:
 334 000a 00BF     		.align	2
 335              	.L34:
 336 000c 00000000 		.word	hcan1
 337              		.cfi_endproc
 338              	.LFE250:
 340              		.section	.text.CAN1_RX1_IRQHandler,"ax",%progbits
 341              		.align	1
 342              		.global	CAN1_RX1_IRQHandler
 343              		.syntax unified
 344              		.thumb
 345              		.thumb_func
 347              	CAN1_RX1_IRQHandler:
 348              	.LFB251:
 262:Core/Src/stm32f4xx_it.c **** 
 263:Core/Src/stm32f4xx_it.c **** /**
 264:Core/Src/stm32f4xx_it.c ****   * @brief This function handles CAN1 RX1 interrupt.
 265:Core/Src/stm32f4xx_it.c ****   */
 266:Core/Src/stm32f4xx_it.c **** void CAN1_RX1_IRQHandler(void)
 267:Core/Src/stm32f4xx_it.c **** {
 349              		.loc 1 267 1 is_stmt 1 view -0
 350              		.cfi_startproc
 351              		@ args = 0, pretend = 0, frame = 0
 352              		@ frame_needed = 0, uses_anonymous_args = 0
 353 0000 08B5     		push	{r3, lr}
 354              	.LCFI6:
 355              		.cfi_def_cfa_offset 8
 356              		.cfi_offset 3, -8
 357              		.cfi_offset 14, -4
 268:Core/Src/stm32f4xx_it.c ****   /* USER CODE BEGIN CAN1_RX1_IRQn 0 */
 269:Core/Src/stm32f4xx_it.c **** 
 270:Core/Src/stm32f4xx_it.c ****   /* USER CODE END CAN1_RX1_IRQn 0 */
 271:Core/Src/stm32f4xx_it.c ****   HAL_CAN_IRQHandler(&hcan1);
 358              		.loc 1 271 3 view .LVU41
 359 0002 0248     		ldr	r0, .L38
 360 0004 FFF7FEFF 		bl	HAL_CAN_IRQHandler
 361              	.LVL6:
 272:Core/Src/stm32f4xx_it.c ****   /* USER CODE BEGIN CAN1_RX1_IRQn 1 */
 273:Core/Src/stm32f4xx_it.c **** 
 274:Core/Src/stm32f4xx_it.c ****   /* USER CODE END CAN1_RX1_IRQn 1 */
 275:Core/Src/stm32f4xx_it.c **** }
 362              		.loc 1 275 1 is_stmt 0 view .LVU42
 363 0008 08BD     		pop	{r3, pc}
 364              	.L39:
 365 000a 00BF     		.align	2
 366              	.L38:
 367 000c 00000000 		.word	hcan1
 368              		.cfi_endproc
 369              	.LFE251:
 371              		.section	.text.CAN1_SCE_IRQHandler,"ax",%progbits
 372              		.align	1
 373              		.global	CAN1_SCE_IRQHandler
ARM GAS  C:\Users\honor\AppData\Local\Temp\cc4Jclmb.s 			page 12


 374              		.syntax unified
 375              		.thumb
 376              		.thumb_func
 378              	CAN1_SCE_IRQHandler:
 379              	.LFB252:
 276:Core/Src/stm32f4xx_it.c **** 
 277:Core/Src/stm32f4xx_it.c **** /**
 278:Core/Src/stm32f4xx_it.c ****   * @brief This function handles CAN1 SCE interrupt.
 279:Core/Src/stm32f4xx_it.c ****   */
 280:Core/Src/stm32f4xx_it.c **** void CAN1_SCE_IRQHandler(void)
 281:Core/Src/stm32f4xx_it.c **** {
 380              		.loc 1 281 1 is_stmt 1 view -0
 381              		.cfi_startproc
 382              		@ args = 0, pretend = 0, frame = 0
 383              		@ frame_needed = 0, uses_anonymous_args = 0
 384 0000 08B5     		push	{r3, lr}
 385              	.LCFI7:
 386              		.cfi_def_cfa_offset 8
 387              		.cfi_offset 3, -8
 388              		.cfi_offset 14, -4
 282:Core/Src/stm32f4xx_it.c ****   /* USER CODE BEGIN CAN1_SCE_IRQn 0 */
 283:Core/Src/stm32f4xx_it.c **** 
 284:Core/Src/stm32f4xx_it.c ****   /* USER CODE END CAN1_SCE_IRQn 0 */
 285:Core/Src/stm32f4xx_it.c ****   HAL_CAN_IRQHandler(&hcan1);
 389              		.loc 1 285 3 view .LVU44
 390 0002 0248     		ldr	r0, .L42
 391 0004 FFF7FEFF 		bl	HAL_CAN_IRQHandler
 392              	.LVL7:
 286:Core/Src/stm32f4xx_it.c ****   /* USER CODE BEGIN CAN1_SCE_IRQn 1 */
 287:Core/Src/stm32f4xx_it.c **** 
 288:Core/Src/stm32f4xx_it.c ****   /* USER CODE END CAN1_SCE_IRQn 1 */
 289:Core/Src/stm32f4xx_it.c **** }
 393              		.loc 1 289 1 is_stmt 0 view .LVU45
 394 0008 08BD     		pop	{r3, pc}
 395              	.L43:
 396 000a 00BF     		.align	2
 397              	.L42:
 398 000c 00000000 		.word	hcan1
 399              		.cfi_endproc
 400              	.LFE252:
 402              		.section	.text.TIM1_TRG_COM_TIM11_IRQHandler,"ax",%progbits
 403              		.align	1
 404              		.global	TIM1_TRG_COM_TIM11_IRQHandler
 405              		.syntax unified
 406              		.thumb
 407              		.thumb_func
 409              	TIM1_TRG_COM_TIM11_IRQHandler:
 410              	.LFB253:
 290:Core/Src/stm32f4xx_it.c **** 
 291:Core/Src/stm32f4xx_it.c **** /**
 292:Core/Src/stm32f4xx_it.c ****   * @brief This function handles TIM1 trigger and commutation interrupts and TIM11 global interrupt
 293:Core/Src/stm32f4xx_it.c ****   */
 294:Core/Src/stm32f4xx_it.c **** void TIM1_TRG_COM_TIM11_IRQHandler(void)
 295:Core/Src/stm32f4xx_it.c **** {
 411              		.loc 1 295 1 is_stmt 1 view -0
 412              		.cfi_startproc
 413              		@ args = 0, pretend = 0, frame = 0
ARM GAS  C:\Users\honor\AppData\Local\Temp\cc4Jclmb.s 			page 13


 414              		@ frame_needed = 0, uses_anonymous_args = 0
 415 0000 08B5     		push	{r3, lr}
 416              	.LCFI8:
 417              		.cfi_def_cfa_offset 8
 418              		.cfi_offset 3, -8
 419              		.cfi_offset 14, -4
 296:Core/Src/stm32f4xx_it.c ****   /* USER CODE BEGIN TIM1_TRG_COM_TIM11_IRQn 0 */
 297:Core/Src/stm32f4xx_it.c **** 
 298:Core/Src/stm32f4xx_it.c ****   /* USER CODE END TIM1_TRG_COM_TIM11_IRQn 0 */
 299:Core/Src/stm32f4xx_it.c ****   HAL_TIM_IRQHandler(&htim1);
 420              		.loc 1 299 3 view .LVU47
 421 0002 0248     		ldr	r0, .L46
 422 0004 FFF7FEFF 		bl	HAL_TIM_IRQHandler
 423              	.LVL8:
 300:Core/Src/stm32f4xx_it.c ****   /* USER CODE BEGIN TIM1_TRG_COM_TIM11_IRQn 1 */
 301:Core/Src/stm32f4xx_it.c **** 
 302:Core/Src/stm32f4xx_it.c ****   /* USER CODE END TIM1_TRG_COM_TIM11_IRQn 1 */
 303:Core/Src/stm32f4xx_it.c **** }
 424              		.loc 1 303 1 is_stmt 0 view .LVU48
 425 0008 08BD     		pop	{r3, pc}
 426              	.L47:
 427 000a 00BF     		.align	2
 428              	.L46:
 429 000c 00000000 		.word	htim1
 430              		.cfi_endproc
 431              	.LFE253:
 433              		.section	.text.TIM2_IRQHandler,"ax",%progbits
 434              		.align	1
 435              		.global	TIM2_IRQHandler
 436              		.syntax unified
 437              		.thumb
 438              		.thumb_func
 440              	TIM2_IRQHandler:
 441              	.LFB254:
 304:Core/Src/stm32f4xx_it.c **** 
 305:Core/Src/stm32f4xx_it.c **** /**
 306:Core/Src/stm32f4xx_it.c ****   * @brief This function handles TIM2 global interrupt.
 307:Core/Src/stm32f4xx_it.c ****   */
 308:Core/Src/stm32f4xx_it.c **** void TIM2_IRQHandler(void)
 309:Core/Src/stm32f4xx_it.c **** {
 442              		.loc 1 309 1 is_stmt 1 view -0
 443              		.cfi_startproc
 444              		@ args = 0, pretend = 0, frame = 0
 445              		@ frame_needed = 0, uses_anonymous_args = 0
 446 0000 08B5     		push	{r3, lr}
 447              	.LCFI9:
 448              		.cfi_def_cfa_offset 8
 449              		.cfi_offset 3, -8
 450              		.cfi_offset 14, -4
 310:Core/Src/stm32f4xx_it.c ****   /* USER CODE BEGIN TIM2_IRQn 0 */
 311:Core/Src/stm32f4xx_it.c **** 
 312:Core/Src/stm32f4xx_it.c ****   /* USER CODE END TIM2_IRQn 0 */
 313:Core/Src/stm32f4xx_it.c ****   HAL_TIM_IRQHandler(&htim2);
 451              		.loc 1 313 3 view .LVU50
 452 0002 0248     		ldr	r0, .L50
 453 0004 FFF7FEFF 		bl	HAL_TIM_IRQHandler
 454              	.LVL9:
ARM GAS  C:\Users\honor\AppData\Local\Temp\cc4Jclmb.s 			page 14


 314:Core/Src/stm32f4xx_it.c ****   /* USER CODE BEGIN TIM2_IRQn 1 */
 315:Core/Src/stm32f4xx_it.c **** 
 316:Core/Src/stm32f4xx_it.c ****   /* USER CODE END TIM2_IRQn 1 */
 317:Core/Src/stm32f4xx_it.c **** }
 455              		.loc 1 317 1 is_stmt 0 view .LVU51
 456 0008 08BD     		pop	{r3, pc}
 457              	.L51:
 458 000a 00BF     		.align	2
 459              	.L50:
 460 000c 00000000 		.word	htim2
 461              		.cfi_endproc
 462              	.LFE254:
 464              		.section	.text.TIM3_IRQHandler,"ax",%progbits
 465              		.align	1
 466              		.global	TIM3_IRQHandler
 467              		.syntax unified
 468              		.thumb
 469              		.thumb_func
 471              	TIM3_IRQHandler:
 472              	.LFB255:
 318:Core/Src/stm32f4xx_it.c **** 
 319:Core/Src/stm32f4xx_it.c **** /**
 320:Core/Src/stm32f4xx_it.c ****   * @brief This function handles TIM3 global interrupt.
 321:Core/Src/stm32f4xx_it.c ****   */
 322:Core/Src/stm32f4xx_it.c **** void TIM3_IRQHandler(void)
 323:Core/Src/stm32f4xx_it.c **** {
 473              		.loc 1 323 1 is_stmt 1 view -0
 474              		.cfi_startproc
 475              		@ args = 0, pretend = 0, frame = 0
 476              		@ frame_needed = 0, uses_anonymous_args = 0
 477 0000 08B5     		push	{r3, lr}
 478              	.LCFI10:
 479              		.cfi_def_cfa_offset 8
 480              		.cfi_offset 3, -8
 481              		.cfi_offset 14, -4
 324:Core/Src/stm32f4xx_it.c ****   /* USER CODE BEGIN TIM3_IRQn 0 */
 325:Core/Src/stm32f4xx_it.c **** 
 326:Core/Src/stm32f4xx_it.c ****   /* USER CODE END TIM3_IRQn 0 */
 327:Core/Src/stm32f4xx_it.c ****   HAL_TIM_IRQHandler(&htim3);
 482              		.loc 1 327 3 view .LVU53
 483 0002 0248     		ldr	r0, .L54
 484 0004 FFF7FEFF 		bl	HAL_TIM_IRQHandler
 485              	.LVL10:
 328:Core/Src/stm32f4xx_it.c ****   /* USER CODE BEGIN TIM3_IRQn 1 */
 329:Core/Src/stm32f4xx_it.c **** 
 330:Core/Src/stm32f4xx_it.c ****   /* USER CODE END TIM3_IRQn 1 */
 331:Core/Src/stm32f4xx_it.c **** }
 486              		.loc 1 331 1 is_stmt 0 view .LVU54
 487 0008 08BD     		pop	{r3, pc}
 488              	.L55:
 489 000a 00BF     		.align	2
 490              	.L54:
 491 000c 00000000 		.word	htim3
 492              		.cfi_endproc
 493              	.LFE255:
 495              		.section	.text.TIM4_IRQHandler,"ax",%progbits
 496              		.align	1
ARM GAS  C:\Users\honor\AppData\Local\Temp\cc4Jclmb.s 			page 15


 497              		.global	TIM4_IRQHandler
 498              		.syntax unified
 499              		.thumb
 500              		.thumb_func
 502              	TIM4_IRQHandler:
 503              	.LFB256:
 332:Core/Src/stm32f4xx_it.c **** 
 333:Core/Src/stm32f4xx_it.c **** /**
 334:Core/Src/stm32f4xx_it.c ****   * @brief This function handles TIM4 global interrupt.
 335:Core/Src/stm32f4xx_it.c ****   */
 336:Core/Src/stm32f4xx_it.c **** void TIM4_IRQHandler(void)
 337:Core/Src/stm32f4xx_it.c **** {
 504              		.loc 1 337 1 is_stmt 1 view -0
 505              		.cfi_startproc
 506              		@ args = 0, pretend = 0, frame = 0
 507              		@ frame_needed = 0, uses_anonymous_args = 0
 508 0000 08B5     		push	{r3, lr}
 509              	.LCFI11:
 510              		.cfi_def_cfa_offset 8
 511              		.cfi_offset 3, -8
 512              		.cfi_offset 14, -4
 338:Core/Src/stm32f4xx_it.c ****   /* USER CODE BEGIN TIM4_IRQn 0 */
 339:Core/Src/stm32f4xx_it.c **** 
 340:Core/Src/stm32f4xx_it.c ****   /* USER CODE END TIM4_IRQn 0 */
 341:Core/Src/stm32f4xx_it.c ****   HAL_TIM_IRQHandler(&htim4);
 513              		.loc 1 341 3 view .LVU56
 514 0002 0248     		ldr	r0, .L58
 515 0004 FFF7FEFF 		bl	HAL_TIM_IRQHandler
 516              	.LVL11:
 342:Core/Src/stm32f4xx_it.c ****   /* USER CODE BEGIN TIM4_IRQn 1 */
 343:Core/Src/stm32f4xx_it.c **** 
 344:Core/Src/stm32f4xx_it.c ****   /* USER CODE END TIM4_IRQn 1 */
 345:Core/Src/stm32f4xx_it.c **** }
 517              		.loc 1 345 1 is_stmt 0 view .LVU57
 518 0008 08BD     		pop	{r3, pc}
 519              	.L59:
 520 000a 00BF     		.align	2
 521              	.L58:
 522 000c 00000000 		.word	htim4
 523              		.cfi_endproc
 524              	.LFE256:
 526              		.section	.text.USART1_IRQHandler,"ax",%progbits
 527              		.align	1
 528              		.global	USART1_IRQHandler
 529              		.syntax unified
 530              		.thumb
 531              		.thumb_func
 533              	USART1_IRQHandler:
 534              	.LFB257:
 346:Core/Src/stm32f4xx_it.c **** 
 347:Core/Src/stm32f4xx_it.c **** /**
 348:Core/Src/stm32f4xx_it.c ****   * @brief This function handles USART1 global interrupt.
 349:Core/Src/stm32f4xx_it.c ****   */
 350:Core/Src/stm32f4xx_it.c **** void USART1_IRQHandler(void)
 351:Core/Src/stm32f4xx_it.c **** {
 535              		.loc 1 351 1 is_stmt 1 view -0
 536              		.cfi_startproc
ARM GAS  C:\Users\honor\AppData\Local\Temp\cc4Jclmb.s 			page 16


 537              		@ args = 0, pretend = 0, frame = 0
 538              		@ frame_needed = 0, uses_anonymous_args = 0
 539 0000 08B5     		push	{r3, lr}
 540              	.LCFI12:
 541              		.cfi_def_cfa_offset 8
 542              		.cfi_offset 3, -8
 543              		.cfi_offset 14, -4
 352:Core/Src/stm32f4xx_it.c ****   /* USER CODE BEGIN USART1_IRQn 0 */
 353:Core/Src/stm32f4xx_it.c **** 
 354:Core/Src/stm32f4xx_it.c ****   /* USER CODE END USART1_IRQn 0 */
 355:Core/Src/stm32f4xx_it.c ****   HAL_UART_IRQHandler(&huart1);
 544              		.loc 1 355 3 view .LVU59
 545 0002 0248     		ldr	r0, .L62
 546 0004 FFF7FEFF 		bl	HAL_UART_IRQHandler
 547              	.LVL12:
 356:Core/Src/stm32f4xx_it.c ****   /* USER CODE BEGIN USART1_IRQn 1 */
 357:Core/Src/stm32f4xx_it.c **** 
 358:Core/Src/stm32f4xx_it.c ****   /* USER CODE END USART1_IRQn 1 */
 359:Core/Src/stm32f4xx_it.c **** }
 548              		.loc 1 359 1 is_stmt 0 view .LVU60
 549 0008 08BD     		pop	{r3, pc}
 550              	.L63:
 551 000a 00BF     		.align	2
 552              	.L62:
 553 000c 00000000 		.word	huart1
 554              		.cfi_endproc
 555              	.LFE257:
 557              		.section	.text.USART2_IRQHandler,"ax",%progbits
 558              		.align	1
 559              		.global	USART2_IRQHandler
 560              		.syntax unified
 561              		.thumb
 562              		.thumb_func
 564              	USART2_IRQHandler:
 565              	.LFB258:
 360:Core/Src/stm32f4xx_it.c **** 
 361:Core/Src/stm32f4xx_it.c **** /**
 362:Core/Src/stm32f4xx_it.c ****   * @brief This function handles USART2 global interrupt.
 363:Core/Src/stm32f4xx_it.c ****   */
 364:Core/Src/stm32f4xx_it.c **** void USART2_IRQHandler(void)
 365:Core/Src/stm32f4xx_it.c **** {
 566              		.loc 1 365 1 is_stmt 1 view -0
 567              		.cfi_startproc
 568              		@ args = 0, pretend = 0, frame = 0
 569              		@ frame_needed = 0, uses_anonymous_args = 0
 570 0000 08B5     		push	{r3, lr}
 571              	.LCFI13:
 572              		.cfi_def_cfa_offset 8
 573              		.cfi_offset 3, -8
 574              		.cfi_offset 14, -4
 366:Core/Src/stm32f4xx_it.c ****   /* USER CODE BEGIN USART2_IRQn 0 */
 367:Core/Src/stm32f4xx_it.c **** 
 368:Core/Src/stm32f4xx_it.c ****   /* USER CODE END USART2_IRQn 0 */
 369:Core/Src/stm32f4xx_it.c ****   HAL_UART_IRQHandler(&huart2);
 575              		.loc 1 369 3 view .LVU62
 576 0002 0248     		ldr	r0, .L66
 577 0004 FFF7FEFF 		bl	HAL_UART_IRQHandler
ARM GAS  C:\Users\honor\AppData\Local\Temp\cc4Jclmb.s 			page 17


 578              	.LVL13:
 370:Core/Src/stm32f4xx_it.c ****   /* USER CODE BEGIN USART2_IRQn 1 */
 371:Core/Src/stm32f4xx_it.c **** 
 372:Core/Src/stm32f4xx_it.c ****   /* USER CODE END USART2_IRQn 1 */
 373:Core/Src/stm32f4xx_it.c **** }
 579              		.loc 1 373 1 is_stmt 0 view .LVU63
 580 0008 08BD     		pop	{r3, pc}
 581              	.L67:
 582 000a 00BF     		.align	2
 583              	.L66:
 584 000c 00000000 		.word	huart2
 585              		.cfi_endproc
 586              	.LFE258:
 588              		.section	.text.USART3_IRQHandler,"ax",%progbits
 589              		.align	1
 590              		.global	USART3_IRQHandler
 591              		.syntax unified
 592              		.thumb
 593              		.thumb_func
 595              	USART3_IRQHandler:
 596              	.LFB259:
 374:Core/Src/stm32f4xx_it.c **** 
 375:Core/Src/stm32f4xx_it.c **** /**
 376:Core/Src/stm32f4xx_it.c ****   * @brief This function handles USART3 global interrupt.
 377:Core/Src/stm32f4xx_it.c ****   */
 378:Core/Src/stm32f4xx_it.c **** void USART3_IRQHandler(void)
 379:Core/Src/stm32f4xx_it.c **** {
 597              		.loc 1 379 1 is_stmt 1 view -0
 598              		.cfi_startproc
 599              		@ args = 0, pretend = 0, frame = 0
 600              		@ frame_needed = 0, uses_anonymous_args = 0
 601 0000 08B5     		push	{r3, lr}
 602              	.LCFI14:
 603              		.cfi_def_cfa_offset 8
 604              		.cfi_offset 3, -8
 605              		.cfi_offset 14, -4
 380:Core/Src/stm32f4xx_it.c ****   /* USER CODE BEGIN USART3_IRQn 0 */
 381:Core/Src/stm32f4xx_it.c **** 
 382:Core/Src/stm32f4xx_it.c ****   /* USER CODE END USART3_IRQn 0 */
 383:Core/Src/stm32f4xx_it.c ****   HAL_UART_IRQHandler(&huart3);
 606              		.loc 1 383 3 view .LVU65
 607 0002 0248     		ldr	r0, .L70
 608 0004 FFF7FEFF 		bl	HAL_UART_IRQHandler
 609              	.LVL14:
 384:Core/Src/stm32f4xx_it.c ****   /* USER CODE BEGIN USART3_IRQn 1 */
 385:Core/Src/stm32f4xx_it.c **** 
 386:Core/Src/stm32f4xx_it.c ****   /* USER CODE END USART3_IRQn 1 */
 387:Core/Src/stm32f4xx_it.c **** }
 610              		.loc 1 387 1 is_stmt 0 view .LVU66
 611 0008 08BD     		pop	{r3, pc}
 612              	.L71:
 613 000a 00BF     		.align	2
 614              	.L70:
 615 000c 00000000 		.word	huart3
 616              		.cfi_endproc
 617              	.LFE259:
 619              		.section	.text.TIM8_UP_TIM13_IRQHandler,"ax",%progbits
ARM GAS  C:\Users\honor\AppData\Local\Temp\cc4Jclmb.s 			page 18


 620              		.align	1
 621              		.global	TIM8_UP_TIM13_IRQHandler
 622              		.syntax unified
 623              		.thumb
 624              		.thumb_func
 626              	TIM8_UP_TIM13_IRQHandler:
 627              	.LFB260:
 388:Core/Src/stm32f4xx_it.c **** 
 389:Core/Src/stm32f4xx_it.c **** /**
 390:Core/Src/stm32f4xx_it.c ****   * @brief This function handles TIM8 update interrupt and TIM13 global interrupt.
 391:Core/Src/stm32f4xx_it.c ****   */
 392:Core/Src/stm32f4xx_it.c **** void TIM8_UP_TIM13_IRQHandler(void)
 393:Core/Src/stm32f4xx_it.c **** {
 628              		.loc 1 393 1 is_stmt 1 view -0
 629              		.cfi_startproc
 630              		@ args = 0, pretend = 0, frame = 0
 631              		@ frame_needed = 0, uses_anonymous_args = 0
 632 0000 08B5     		push	{r3, lr}
 633              	.LCFI15:
 634              		.cfi_def_cfa_offset 8
 635              		.cfi_offset 3, -8
 636              		.cfi_offset 14, -4
 394:Core/Src/stm32f4xx_it.c ****   /* USER CODE BEGIN TIM8_UP_TIM13_IRQn 0 */
 395:Core/Src/stm32f4xx_it.c **** 
 396:Core/Src/stm32f4xx_it.c ****   /* USER CODE END TIM8_UP_TIM13_IRQn 0 */
 397:Core/Src/stm32f4xx_it.c ****   HAL_TIM_IRQHandler(&htim8);
 637              		.loc 1 397 3 view .LVU68
 638 0002 0248     		ldr	r0, .L74
 639 0004 FFF7FEFF 		bl	HAL_TIM_IRQHandler
 640              	.LVL15:
 398:Core/Src/stm32f4xx_it.c ****   /* USER CODE BEGIN TIM8_UP_TIM13_IRQn 1 */
 399:Core/Src/stm32f4xx_it.c **** 
 400:Core/Src/stm32f4xx_it.c ****   /* USER CODE END TIM8_UP_TIM13_IRQn 1 */
 401:Core/Src/stm32f4xx_it.c **** }
 641              		.loc 1 401 1 is_stmt 0 view .LVU69
 642 0008 08BD     		pop	{r3, pc}
 643              	.L75:
 644 000a 00BF     		.align	2
 645              	.L74:
 646 000c 00000000 		.word	htim8
 647              		.cfi_endproc
 648              	.LFE260:
 650              		.section	.text.TIM5_IRQHandler,"ax",%progbits
 651              		.align	1
 652              		.global	TIM5_IRQHandler
 653              		.syntax unified
 654              		.thumb
 655              		.thumb_func
 657              	TIM5_IRQHandler:
 658              	.LFB261:
 402:Core/Src/stm32f4xx_it.c **** 
 403:Core/Src/stm32f4xx_it.c **** /**
 404:Core/Src/stm32f4xx_it.c ****   * @brief This function handles TIM5 global interrupt.
 405:Core/Src/stm32f4xx_it.c ****   */
 406:Core/Src/stm32f4xx_it.c **** void TIM5_IRQHandler(void)
 407:Core/Src/stm32f4xx_it.c **** {
 659              		.loc 1 407 1 is_stmt 1 view -0
ARM GAS  C:\Users\honor\AppData\Local\Temp\cc4Jclmb.s 			page 19


 660              		.cfi_startproc
 661              		@ args = 0, pretend = 0, frame = 0
 662              		@ frame_needed = 0, uses_anonymous_args = 0
 663 0000 08B5     		push	{r3, lr}
 664              	.LCFI16:
 665              		.cfi_def_cfa_offset 8
 666              		.cfi_offset 3, -8
 667              		.cfi_offset 14, -4
 408:Core/Src/stm32f4xx_it.c ****   /* USER CODE BEGIN TIM5_IRQn 0 */
 409:Core/Src/stm32f4xx_it.c **** 
 410:Core/Src/stm32f4xx_it.c ****   /* USER CODE END TIM5_IRQn 0 */
 411:Core/Src/stm32f4xx_it.c ****   HAL_TIM_IRQHandler(&htim5);
 668              		.loc 1 411 3 view .LVU71
 669 0002 0248     		ldr	r0, .L78
 670 0004 FFF7FEFF 		bl	HAL_TIM_IRQHandler
 671              	.LVL16:
 412:Core/Src/stm32f4xx_it.c ****   /* USER CODE BEGIN TIM5_IRQn 1 */
 413:Core/Src/stm32f4xx_it.c **** 
 414:Core/Src/stm32f4xx_it.c ****   /* USER CODE END TIM5_IRQn 1 */
 415:Core/Src/stm32f4xx_it.c **** }
 672              		.loc 1 415 1 is_stmt 0 view .LVU72
 673 0008 08BD     		pop	{r3, pc}
 674              	.L79:
 675 000a 00BF     		.align	2
 676              	.L78:
 677 000c 00000000 		.word	htim5
 678              		.cfi_endproc
 679              	.LFE261:
 681              		.section	.text.UART4_IRQHandler,"ax",%progbits
 682              		.align	1
 683              		.global	UART4_IRQHandler
 684              		.syntax unified
 685              		.thumb
 686              		.thumb_func
 688              	UART4_IRQHandler:
 689              	.LFB262:
 416:Core/Src/stm32f4xx_it.c **** 
 417:Core/Src/stm32f4xx_it.c **** /**
 418:Core/Src/stm32f4xx_it.c ****   * @brief This function handles UART4 global interrupt.
 419:Core/Src/stm32f4xx_it.c ****   */
 420:Core/Src/stm32f4xx_it.c **** void UART4_IRQHandler(void)
 421:Core/Src/stm32f4xx_it.c **** {
 690              		.loc 1 421 1 is_stmt 1 view -0
 691              		.cfi_startproc
 692              		@ args = 0, pretend = 0, frame = 0
 693              		@ frame_needed = 0, uses_anonymous_args = 0
 694 0000 08B5     		push	{r3, lr}
 695              	.LCFI17:
 696              		.cfi_def_cfa_offset 8
 697              		.cfi_offset 3, -8
 698              		.cfi_offset 14, -4
 422:Core/Src/stm32f4xx_it.c ****   /* USER CODE BEGIN UART4_IRQn 0 */
 423:Core/Src/stm32f4xx_it.c **** 
 424:Core/Src/stm32f4xx_it.c ****   /* USER CODE END UART4_IRQn 0 */
 425:Core/Src/stm32f4xx_it.c ****   HAL_UART_IRQHandler(&huart4);
 699              		.loc 1 425 3 view .LVU74
 700 0002 0248     		ldr	r0, .L82
ARM GAS  C:\Users\honor\AppData\Local\Temp\cc4Jclmb.s 			page 20


 701 0004 FFF7FEFF 		bl	HAL_UART_IRQHandler
 702              	.LVL17:
 426:Core/Src/stm32f4xx_it.c ****   /* USER CODE BEGIN UART4_IRQn 1 */
 427:Core/Src/stm32f4xx_it.c **** 
 428:Core/Src/stm32f4xx_it.c ****   /* USER CODE END UART4_IRQn 1 */
 429:Core/Src/stm32f4xx_it.c **** }
 703              		.loc 1 429 1 is_stmt 0 view .LVU75
 704 0008 08BD     		pop	{r3, pc}
 705              	.L83:
 706 000a 00BF     		.align	2
 707              	.L82:
 708 000c 00000000 		.word	huart4
 709              		.cfi_endproc
 710              	.LFE262:
 712              		.section	.text.UART5_IRQHandler,"ax",%progbits
 713              		.align	1
 714              		.global	UART5_IRQHandler
 715              		.syntax unified
 716              		.thumb
 717              		.thumb_func
 719              	UART5_IRQHandler:
 720              	.LFB263:
 430:Core/Src/stm32f4xx_it.c **** 
 431:Core/Src/stm32f4xx_it.c **** /**
 432:Core/Src/stm32f4xx_it.c ****   * @brief This function handles UART5 global interrupt.
 433:Core/Src/stm32f4xx_it.c ****   */
 434:Core/Src/stm32f4xx_it.c **** void UART5_IRQHandler(void)
 435:Core/Src/stm32f4xx_it.c **** {
 721              		.loc 1 435 1 is_stmt 1 view -0
 722              		.cfi_startproc
 723              		@ args = 0, pretend = 0, frame = 0
 724              		@ frame_needed = 0, uses_anonymous_args = 0
 725 0000 08B5     		push	{r3, lr}
 726              	.LCFI18:
 727              		.cfi_def_cfa_offset 8
 728              		.cfi_offset 3, -8
 729              		.cfi_offset 14, -4
 436:Core/Src/stm32f4xx_it.c ****   /* USER CODE BEGIN UART5_IRQn 0 */
 437:Core/Src/stm32f4xx_it.c **** 
 438:Core/Src/stm32f4xx_it.c ****   /* USER CODE END UART5_IRQn 0 */
 439:Core/Src/stm32f4xx_it.c ****   HAL_UART_IRQHandler(&huart5);
 730              		.loc 1 439 3 view .LVU77
 731 0002 0248     		ldr	r0, .L86
 732 0004 FFF7FEFF 		bl	HAL_UART_IRQHandler
 733              	.LVL18:
 440:Core/Src/stm32f4xx_it.c ****   /* USER CODE BEGIN UART5_IRQn 1 */
 441:Core/Src/stm32f4xx_it.c **** 
 442:Core/Src/stm32f4xx_it.c ****   /* USER CODE END UART5_IRQn 1 */
 443:Core/Src/stm32f4xx_it.c **** }
 734              		.loc 1 443 1 is_stmt 0 view .LVU78
 735 0008 08BD     		pop	{r3, pc}
 736              	.L87:
 737 000a 00BF     		.align	2
 738              	.L86:
 739 000c 00000000 		.word	huart5
 740              		.cfi_endproc
 741              	.LFE263:
ARM GAS  C:\Users\honor\AppData\Local\Temp\cc4Jclmb.s 			page 21


 743              		.section	.text.DMA2_Stream2_IRQHandler,"ax",%progbits
 744              		.align	1
 745              		.global	DMA2_Stream2_IRQHandler
 746              		.syntax unified
 747              		.thumb
 748              		.thumb_func
 750              	DMA2_Stream2_IRQHandler:
 751              	.LFB264:
 444:Core/Src/stm32f4xx_it.c **** 
 445:Core/Src/stm32f4xx_it.c **** /**
 446:Core/Src/stm32f4xx_it.c ****   * @brief This function handles DMA2 stream2 global interrupt.
 447:Core/Src/stm32f4xx_it.c ****   */
 448:Core/Src/stm32f4xx_it.c **** void DMA2_Stream2_IRQHandler(void)
 449:Core/Src/stm32f4xx_it.c **** {
 752              		.loc 1 449 1 is_stmt 1 view -0
 753              		.cfi_startproc
 754              		@ args = 0, pretend = 0, frame = 0
 755              		@ frame_needed = 0, uses_anonymous_args = 0
 756 0000 08B5     		push	{r3, lr}
 757              	.LCFI19:
 758              		.cfi_def_cfa_offset 8
 759              		.cfi_offset 3, -8
 760              		.cfi_offset 14, -4
 450:Core/Src/stm32f4xx_it.c ****   /* USER CODE BEGIN DMA2_Stream2_IRQn 0 */
 451:Core/Src/stm32f4xx_it.c **** 
 452:Core/Src/stm32f4xx_it.c ****   /* USER CODE END DMA2_Stream2_IRQn 0 */
 453:Core/Src/stm32f4xx_it.c ****   HAL_DMA_IRQHandler(&hdma_usart1_rx);
 761              		.loc 1 453 3 view .LVU80
 762 0002 0248     		ldr	r0, .L90
 763 0004 FFF7FEFF 		bl	HAL_DMA_IRQHandler
 764              	.LVL19:
 454:Core/Src/stm32f4xx_it.c ****   /* USER CODE BEGIN DMA2_Stream2_IRQn 1 */
 455:Core/Src/stm32f4xx_it.c **** 
 456:Core/Src/stm32f4xx_it.c ****   /* USER CODE END DMA2_Stream2_IRQn 1 */
 457:Core/Src/stm32f4xx_it.c **** }
 765              		.loc 1 457 1 is_stmt 0 view .LVU81
 766 0008 08BD     		pop	{r3, pc}
 767              	.L91:
 768 000a 00BF     		.align	2
 769              	.L90:
 770 000c 00000000 		.word	hdma_usart1_rx
 771              		.cfi_endproc
 772              	.LFE264:
 774              		.section	.text.CAN2_TX_IRQHandler,"ax",%progbits
 775              		.align	1
 776              		.global	CAN2_TX_IRQHandler
 777              		.syntax unified
 778              		.thumb
 779              		.thumb_func
 781              	CAN2_TX_IRQHandler:
 782              	.LFB265:
 458:Core/Src/stm32f4xx_it.c **** 
 459:Core/Src/stm32f4xx_it.c **** /**
 460:Core/Src/stm32f4xx_it.c ****   * @brief This function handles CAN2 TX interrupts.
 461:Core/Src/stm32f4xx_it.c ****   */
 462:Core/Src/stm32f4xx_it.c **** void CAN2_TX_IRQHandler(void)
 463:Core/Src/stm32f4xx_it.c **** {
ARM GAS  C:\Users\honor\AppData\Local\Temp\cc4Jclmb.s 			page 22


 783              		.loc 1 463 1 is_stmt 1 view -0
 784              		.cfi_startproc
 785              		@ args = 0, pretend = 0, frame = 0
 786              		@ frame_needed = 0, uses_anonymous_args = 0
 787 0000 08B5     		push	{r3, lr}
 788              	.LCFI20:
 789              		.cfi_def_cfa_offset 8
 790              		.cfi_offset 3, -8
 791              		.cfi_offset 14, -4
 464:Core/Src/stm32f4xx_it.c ****   /* USER CODE BEGIN CAN2_TX_IRQn 0 */
 465:Core/Src/stm32f4xx_it.c **** 
 466:Core/Src/stm32f4xx_it.c ****   /* USER CODE END CAN2_TX_IRQn 0 */
 467:Core/Src/stm32f4xx_it.c ****   HAL_CAN_IRQHandler(&hcan2);
 792              		.loc 1 467 3 view .LVU83
 793 0002 0248     		ldr	r0, .L94
 794 0004 FFF7FEFF 		bl	HAL_CAN_IRQHandler
 795              	.LVL20:
 468:Core/Src/stm32f4xx_it.c ****   /* USER CODE BEGIN CAN2_TX_IRQn 1 */
 469:Core/Src/stm32f4xx_it.c **** 
 470:Core/Src/stm32f4xx_it.c ****   /* USER CODE END CAN2_TX_IRQn 1 */
 471:Core/Src/stm32f4xx_it.c **** }
 796              		.loc 1 471 1 is_stmt 0 view .LVU84
 797 0008 08BD     		pop	{r3, pc}
 798              	.L95:
 799 000a 00BF     		.align	2
 800              	.L94:
 801 000c 00000000 		.word	hcan2
 802              		.cfi_endproc
 803              	.LFE265:
 805              		.section	.text.CAN2_RX0_IRQHandler,"ax",%progbits
 806              		.align	1
 807              		.global	CAN2_RX0_IRQHandler
 808              		.syntax unified
 809              		.thumb
 810              		.thumb_func
 812              	CAN2_RX0_IRQHandler:
 813              	.LFB266:
 472:Core/Src/stm32f4xx_it.c **** 
 473:Core/Src/stm32f4xx_it.c **** /**
 474:Core/Src/stm32f4xx_it.c ****   * @brief This function handles CAN2 RX0 interrupts.
 475:Core/Src/stm32f4xx_it.c ****   */
 476:Core/Src/stm32f4xx_it.c **** void CAN2_RX0_IRQHandler(void)
 477:Core/Src/stm32f4xx_it.c **** {
 814              		.loc 1 477 1 is_stmt 1 view -0
 815              		.cfi_startproc
 816              		@ args = 0, pretend = 0, frame = 0
 817              		@ frame_needed = 0, uses_anonymous_args = 0
 818 0000 08B5     		push	{r3, lr}
 819              	.LCFI21:
 820              		.cfi_def_cfa_offset 8
 821              		.cfi_offset 3, -8
 822              		.cfi_offset 14, -4
 478:Core/Src/stm32f4xx_it.c ****   /* USER CODE BEGIN CAN2_RX0_IRQn 0 */
 479:Core/Src/stm32f4xx_it.c **** 
 480:Core/Src/stm32f4xx_it.c ****   /* USER CODE END CAN2_RX0_IRQn 0 */
 481:Core/Src/stm32f4xx_it.c ****   HAL_CAN_IRQHandler(&hcan2);
 823              		.loc 1 481 3 view .LVU86
ARM GAS  C:\Users\honor\AppData\Local\Temp\cc4Jclmb.s 			page 23


 824 0002 0248     		ldr	r0, .L98
 825 0004 FFF7FEFF 		bl	HAL_CAN_IRQHandler
 826              	.LVL21:
 482:Core/Src/stm32f4xx_it.c ****   /* USER CODE BEGIN CAN2_RX0_IRQn 1 */
 483:Core/Src/stm32f4xx_it.c **** 
 484:Core/Src/stm32f4xx_it.c ****   /* USER CODE END CAN2_RX0_IRQn 1 */
 485:Core/Src/stm32f4xx_it.c **** }
 827              		.loc 1 485 1 is_stmt 0 view .LVU87
 828 0008 08BD     		pop	{r3, pc}
 829              	.L99:
 830 000a 00BF     		.align	2
 831              	.L98:
 832 000c 00000000 		.word	hcan2
 833              		.cfi_endproc
 834              	.LFE266:
 836              		.section	.text.CAN2_RX1_IRQHandler,"ax",%progbits
 837              		.align	1
 838              		.global	CAN2_RX1_IRQHandler
 839              		.syntax unified
 840              		.thumb
 841              		.thumb_func
 843              	CAN2_RX1_IRQHandler:
 844              	.LFB267:
 486:Core/Src/stm32f4xx_it.c **** 
 487:Core/Src/stm32f4xx_it.c **** /**
 488:Core/Src/stm32f4xx_it.c ****   * @brief This function handles CAN2 RX1 interrupt.
 489:Core/Src/stm32f4xx_it.c ****   */
 490:Core/Src/stm32f4xx_it.c **** void CAN2_RX1_IRQHandler(void)
 491:Core/Src/stm32f4xx_it.c **** {
 845              		.loc 1 491 1 is_stmt 1 view -0
 846              		.cfi_startproc
 847              		@ args = 0, pretend = 0, frame = 0
 848              		@ frame_needed = 0, uses_anonymous_args = 0
 849 0000 08B5     		push	{r3, lr}
 850              	.LCFI22:
 851              		.cfi_def_cfa_offset 8
 852              		.cfi_offset 3, -8
 853              		.cfi_offset 14, -4
 492:Core/Src/stm32f4xx_it.c ****   /* USER CODE BEGIN CAN2_RX1_IRQn 0 */
 493:Core/Src/stm32f4xx_it.c **** 
 494:Core/Src/stm32f4xx_it.c ****   /* USER CODE END CAN2_RX1_IRQn 0 */
 495:Core/Src/stm32f4xx_it.c ****   HAL_CAN_IRQHandler(&hcan2);
 854              		.loc 1 495 3 view .LVU89
 855 0002 0248     		ldr	r0, .L102
 856 0004 FFF7FEFF 		bl	HAL_CAN_IRQHandler
 857              	.LVL22:
 496:Core/Src/stm32f4xx_it.c ****   /* USER CODE BEGIN CAN2_RX1_IRQn 1 */
 497:Core/Src/stm32f4xx_it.c **** 
 498:Core/Src/stm32f4xx_it.c ****   /* USER CODE END CAN2_RX1_IRQn 1 */
 499:Core/Src/stm32f4xx_it.c **** }
 858              		.loc 1 499 1 is_stmt 0 view .LVU90
 859 0008 08BD     		pop	{r3, pc}
 860              	.L103:
 861 000a 00BF     		.align	2
 862              	.L102:
 863 000c 00000000 		.word	hcan2
 864              		.cfi_endproc
ARM GAS  C:\Users\honor\AppData\Local\Temp\cc4Jclmb.s 			page 24


 865              	.LFE267:
 867              		.section	.text.CAN2_SCE_IRQHandler,"ax",%progbits
 868              		.align	1
 869              		.global	CAN2_SCE_IRQHandler
 870              		.syntax unified
 871              		.thumb
 872              		.thumb_func
 874              	CAN2_SCE_IRQHandler:
 875              	.LFB268:
 500:Core/Src/stm32f4xx_it.c **** 
 501:Core/Src/stm32f4xx_it.c **** /**
 502:Core/Src/stm32f4xx_it.c ****   * @brief This function handles CAN2 SCE interrupt.
 503:Core/Src/stm32f4xx_it.c ****   */
 504:Core/Src/stm32f4xx_it.c **** void CAN2_SCE_IRQHandler(void)
 505:Core/Src/stm32f4xx_it.c **** {
 876              		.loc 1 505 1 is_stmt 1 view -0
 877              		.cfi_startproc
 878              		@ args = 0, pretend = 0, frame = 0
 879              		@ frame_needed = 0, uses_anonymous_args = 0
 880 0000 08B5     		push	{r3, lr}
 881              	.LCFI23:
 882              		.cfi_def_cfa_offset 8
 883              		.cfi_offset 3, -8
 884              		.cfi_offset 14, -4
 506:Core/Src/stm32f4xx_it.c ****   /* USER CODE BEGIN CAN2_SCE_IRQn 0 */
 507:Core/Src/stm32f4xx_it.c **** 
 508:Core/Src/stm32f4xx_it.c ****   /* USER CODE END CAN2_SCE_IRQn 0 */
 509:Core/Src/stm32f4xx_it.c ****   HAL_CAN_IRQHandler(&hcan2);
 885              		.loc 1 509 3 view .LVU92
 886 0002 0248     		ldr	r0, .L106
 887 0004 FFF7FEFF 		bl	HAL_CAN_IRQHandler
 888              	.LVL23:
 510:Core/Src/stm32f4xx_it.c ****   /* USER CODE BEGIN CAN2_SCE_IRQn 1 */
 511:Core/Src/stm32f4xx_it.c **** 
 512:Core/Src/stm32f4xx_it.c ****   /* USER CODE END CAN2_SCE_IRQn 1 */
 513:Core/Src/stm32f4xx_it.c **** }
 889              		.loc 1 513 1 is_stmt 0 view .LVU93
 890 0008 08BD     		pop	{r3, pc}
 891              	.L107:
 892 000a 00BF     		.align	2
 893              	.L106:
 894 000c 00000000 		.word	hcan2
 895              		.cfi_endproc
 896              	.LFE268:
 898              		.text
 899              	.Letext0:
 900              		.file 2 "e:\\ng_circumstance\\arm\\arm-none-eabi\\include\\machine\\_default_types.h"
 901              		.file 3 "e:\\ng_circumstance\\arm\\arm-none-eabi\\include\\sys\\_stdint.h"
 902              		.file 4 "Drivers/CMSIS/Device/ST/STM32F4xx/Include/stm32f407xx.h"
 903              		.file 5 "Drivers/CMSIS/Device/ST/STM32F4xx/Include/stm32f4xx.h"
 904              		.file 6 "Drivers/STM32F4xx_HAL_Driver/Inc/stm32f4xx_hal_def.h"
 905              		.file 7 "Drivers/STM32F4xx_HAL_Driver/Inc/stm32f4xx_hal_dma.h"
 906              		.file 8 "Drivers/STM32F4xx_HAL_Driver/Inc/stm32f4xx_hal_adc.h"
 907              		.file 9 "Drivers/STM32F4xx_HAL_Driver/Inc/stm32f4xx_hal_can.h"
 908              		.file 10 "Drivers/STM32F4xx_HAL_Driver/Inc/stm32f4xx_hal_tim.h"
 909              		.file 11 "Drivers/STM32F4xx_HAL_Driver/Inc/stm32f4xx_hal_uart.h"
ARM GAS  C:\Users\honor\AppData\Local\Temp\cc4Jclmb.s 			page 25


DEFINED SYMBOLS
                            *ABS*:00000000 stm32f4xx_it.c
C:\Users\honor\AppData\Local\Temp\cc4Jclmb.s:20     .text.NMI_Handler:00000000 $t
C:\Users\honor\AppData\Local\Temp\cc4Jclmb.s:26     .text.NMI_Handler:00000000 NMI_Handler
C:\Users\honor\AppData\Local\Temp\cc4Jclmb.s:44     .text.HardFault_Handler:00000000 $t
C:\Users\honor\AppData\Local\Temp\cc4Jclmb.s:50     .text.HardFault_Handler:00000000 HardFault_Handler
C:\Users\honor\AppData\Local\Temp\cc4Jclmb.s:67     .text.MemManage_Handler:00000000 $t
C:\Users\honor\AppData\Local\Temp\cc4Jclmb.s:73     .text.MemManage_Handler:00000000 MemManage_Handler
C:\Users\honor\AppData\Local\Temp\cc4Jclmb.s:90     .text.BusFault_Handler:00000000 $t
C:\Users\honor\AppData\Local\Temp\cc4Jclmb.s:96     .text.BusFault_Handler:00000000 BusFault_Handler
C:\Users\honor\AppData\Local\Temp\cc4Jclmb.s:113    .text.UsageFault_Handler:00000000 $t
C:\Users\honor\AppData\Local\Temp\cc4Jclmb.s:119    .text.UsageFault_Handler:00000000 UsageFault_Handler
C:\Users\honor\AppData\Local\Temp\cc4Jclmb.s:136    .text.DebugMon_Handler:00000000 $t
C:\Users\honor\AppData\Local\Temp\cc4Jclmb.s:142    .text.DebugMon_Handler:00000000 DebugMon_Handler
C:\Users\honor\AppData\Local\Temp\cc4Jclmb.s:155    .text.DMA1_Stream0_IRQHandler:00000000 $t
C:\Users\honor\AppData\Local\Temp\cc4Jclmb.s:161    .text.DMA1_Stream0_IRQHandler:00000000 DMA1_Stream0_IRQHandler
C:\Users\honor\AppData\Local\Temp\cc4Jclmb.s:181    .text.DMA1_Stream0_IRQHandler:0000000c $d
C:\Users\honor\AppData\Local\Temp\cc4Jclmb.s:186    .text.DMA1_Stream2_IRQHandler:00000000 $t
C:\Users\honor\AppData\Local\Temp\cc4Jclmb.s:192    .text.DMA1_Stream2_IRQHandler:00000000 DMA1_Stream2_IRQHandler
C:\Users\honor\AppData\Local\Temp\cc4Jclmb.s:212    .text.DMA1_Stream2_IRQHandler:0000000c $d
C:\Users\honor\AppData\Local\Temp\cc4Jclmb.s:217    .text.DMA1_Stream5_IRQHandler:00000000 $t
C:\Users\honor\AppData\Local\Temp\cc4Jclmb.s:223    .text.DMA1_Stream5_IRQHandler:00000000 DMA1_Stream5_IRQHandler
C:\Users\honor\AppData\Local\Temp\cc4Jclmb.s:243    .text.DMA1_Stream5_IRQHandler:0000000c $d
C:\Users\honor\AppData\Local\Temp\cc4Jclmb.s:248    .text.ADC_IRQHandler:00000000 $t
C:\Users\honor\AppData\Local\Temp\cc4Jclmb.s:254    .text.ADC_IRQHandler:00000000 ADC_IRQHandler
C:\Users\honor\AppData\Local\Temp\cc4Jclmb.s:274    .text.ADC_IRQHandler:0000000c $d
C:\Users\honor\AppData\Local\Temp\cc4Jclmb.s:279    .text.CAN1_TX_IRQHandler:00000000 $t
C:\Users\honor\AppData\Local\Temp\cc4Jclmb.s:285    .text.CAN1_TX_IRQHandler:00000000 CAN1_TX_IRQHandler
C:\Users\honor\AppData\Local\Temp\cc4Jclmb.s:305    .text.CAN1_TX_IRQHandler:0000000c $d
C:\Users\honor\AppData\Local\Temp\cc4Jclmb.s:310    .text.CAN1_RX0_IRQHandler:00000000 $t
C:\Users\honor\AppData\Local\Temp\cc4Jclmb.s:316    .text.CAN1_RX0_IRQHandler:00000000 CAN1_RX0_IRQHandler
C:\Users\honor\AppData\Local\Temp\cc4Jclmb.s:336    .text.CAN1_RX0_IRQHandler:0000000c $d
C:\Users\honor\AppData\Local\Temp\cc4Jclmb.s:341    .text.CAN1_RX1_IRQHandler:00000000 $t
C:\Users\honor\AppData\Local\Temp\cc4Jclmb.s:347    .text.CAN1_RX1_IRQHandler:00000000 CAN1_RX1_IRQHandler
C:\Users\honor\AppData\Local\Temp\cc4Jclmb.s:367    .text.CAN1_RX1_IRQHandler:0000000c $d
C:\Users\honor\AppData\Local\Temp\cc4Jclmb.s:372    .text.CAN1_SCE_IRQHandler:00000000 $t
C:\Users\honor\AppData\Local\Temp\cc4Jclmb.s:378    .text.CAN1_SCE_IRQHandler:00000000 CAN1_SCE_IRQHandler
C:\Users\honor\AppData\Local\Temp\cc4Jclmb.s:398    .text.CAN1_SCE_IRQHandler:0000000c $d
C:\Users\honor\AppData\Local\Temp\cc4Jclmb.s:403    .text.TIM1_TRG_COM_TIM11_IRQHandler:00000000 $t
C:\Users\honor\AppData\Local\Temp\cc4Jclmb.s:409    .text.TIM1_TRG_COM_TIM11_IRQHandler:00000000 TIM1_TRG_COM_TIM11_IRQHandler
C:\Users\honor\AppData\Local\Temp\cc4Jclmb.s:429    .text.TIM1_TRG_COM_TIM11_IRQHandler:0000000c $d
C:\Users\honor\AppData\Local\Temp\cc4Jclmb.s:434    .text.TIM2_IRQHandler:00000000 $t
C:\Users\honor\AppData\Local\Temp\cc4Jclmb.s:440    .text.TIM2_IRQHandler:00000000 TIM2_IRQHandler
C:\Users\honor\AppData\Local\Temp\cc4Jclmb.s:460    .text.TIM2_IRQHandler:0000000c $d
C:\Users\honor\AppData\Local\Temp\cc4Jclmb.s:465    .text.TIM3_IRQHandler:00000000 $t
C:\Users\honor\AppData\Local\Temp\cc4Jclmb.s:471    .text.TIM3_IRQHandler:00000000 TIM3_IRQHandler
C:\Users\honor\AppData\Local\Temp\cc4Jclmb.s:491    .text.TIM3_IRQHandler:0000000c $d
C:\Users\honor\AppData\Local\Temp\cc4Jclmb.s:496    .text.TIM4_IRQHandler:00000000 $t
C:\Users\honor\AppData\Local\Temp\cc4Jclmb.s:502    .text.TIM4_IRQHandler:00000000 TIM4_IRQHandler
C:\Users\honor\AppData\Local\Temp\cc4Jclmb.s:522    .text.TIM4_IRQHandler:0000000c $d
C:\Users\honor\AppData\Local\Temp\cc4Jclmb.s:527    .text.USART1_IRQHandler:00000000 $t
C:\Users\honor\AppData\Local\Temp\cc4Jclmb.s:533    .text.USART1_IRQHandler:00000000 USART1_IRQHandler
C:\Users\honor\AppData\Local\Temp\cc4Jclmb.s:553    .text.USART1_IRQHandler:0000000c $d
C:\Users\honor\AppData\Local\Temp\cc4Jclmb.s:558    .text.USART2_IRQHandler:00000000 $t
C:\Users\honor\AppData\Local\Temp\cc4Jclmb.s:564    .text.USART2_IRQHandler:00000000 USART2_IRQHandler
C:\Users\honor\AppData\Local\Temp\cc4Jclmb.s:584    .text.USART2_IRQHandler:0000000c $d
C:\Users\honor\AppData\Local\Temp\cc4Jclmb.s:589    .text.USART3_IRQHandler:00000000 $t
ARM GAS  C:\Users\honor\AppData\Local\Temp\cc4Jclmb.s 			page 26


C:\Users\honor\AppData\Local\Temp\cc4Jclmb.s:595    .text.USART3_IRQHandler:00000000 USART3_IRQHandler
C:\Users\honor\AppData\Local\Temp\cc4Jclmb.s:615    .text.USART3_IRQHandler:0000000c $d
C:\Users\honor\AppData\Local\Temp\cc4Jclmb.s:620    .text.TIM8_UP_TIM13_IRQHandler:00000000 $t
C:\Users\honor\AppData\Local\Temp\cc4Jclmb.s:626    .text.TIM8_UP_TIM13_IRQHandler:00000000 TIM8_UP_TIM13_IRQHandler
C:\Users\honor\AppData\Local\Temp\cc4Jclmb.s:646    .text.TIM8_UP_TIM13_IRQHandler:0000000c $d
C:\Users\honor\AppData\Local\Temp\cc4Jclmb.s:651    .text.TIM5_IRQHandler:00000000 $t
C:\Users\honor\AppData\Local\Temp\cc4Jclmb.s:657    .text.TIM5_IRQHandler:00000000 TIM5_IRQHandler
C:\Users\honor\AppData\Local\Temp\cc4Jclmb.s:677    .text.TIM5_IRQHandler:0000000c $d
C:\Users\honor\AppData\Local\Temp\cc4Jclmb.s:682    .text.UART4_IRQHandler:00000000 $t
C:\Users\honor\AppData\Local\Temp\cc4Jclmb.s:688    .text.UART4_IRQHandler:00000000 UART4_IRQHandler
C:\Users\honor\AppData\Local\Temp\cc4Jclmb.s:708    .text.UART4_IRQHandler:0000000c $d
C:\Users\honor\AppData\Local\Temp\cc4Jclmb.s:713    .text.UART5_IRQHandler:00000000 $t
C:\Users\honor\AppData\Local\Temp\cc4Jclmb.s:719    .text.UART5_IRQHandler:00000000 UART5_IRQHandler
C:\Users\honor\AppData\Local\Temp\cc4Jclmb.s:739    .text.UART5_IRQHandler:0000000c $d
C:\Users\honor\AppData\Local\Temp\cc4Jclmb.s:744    .text.DMA2_Stream2_IRQHandler:00000000 $t
C:\Users\honor\AppData\Local\Temp\cc4Jclmb.s:750    .text.DMA2_Stream2_IRQHandler:00000000 DMA2_Stream2_IRQHandler
C:\Users\honor\AppData\Local\Temp\cc4Jclmb.s:770    .text.DMA2_Stream2_IRQHandler:0000000c $d
C:\Users\honor\AppData\Local\Temp\cc4Jclmb.s:775    .text.CAN2_TX_IRQHandler:00000000 $t
C:\Users\honor\AppData\Local\Temp\cc4Jclmb.s:781    .text.CAN2_TX_IRQHandler:00000000 CAN2_TX_IRQHandler
C:\Users\honor\AppData\Local\Temp\cc4Jclmb.s:801    .text.CAN2_TX_IRQHandler:0000000c $d
C:\Users\honor\AppData\Local\Temp\cc4Jclmb.s:806    .text.CAN2_RX0_IRQHandler:00000000 $t
C:\Users\honor\AppData\Local\Temp\cc4Jclmb.s:812    .text.CAN2_RX0_IRQHandler:00000000 CAN2_RX0_IRQHandler
C:\Users\honor\AppData\Local\Temp\cc4Jclmb.s:832    .text.CAN2_RX0_IRQHandler:0000000c $d
C:\Users\honor\AppData\Local\Temp\cc4Jclmb.s:837    .text.CAN2_RX1_IRQHandler:00000000 $t
C:\Users\honor\AppData\Local\Temp\cc4Jclmb.s:843    .text.CAN2_RX1_IRQHandler:00000000 CAN2_RX1_IRQHandler
C:\Users\honor\AppData\Local\Temp\cc4Jclmb.s:863    .text.CAN2_RX1_IRQHandler:0000000c $d
C:\Users\honor\AppData\Local\Temp\cc4Jclmb.s:868    .text.CAN2_SCE_IRQHandler:00000000 $t
C:\Users\honor\AppData\Local\Temp\cc4Jclmb.s:874    .text.CAN2_SCE_IRQHandler:00000000 CAN2_SCE_IRQHandler
C:\Users\honor\AppData\Local\Temp\cc4Jclmb.s:894    .text.CAN2_SCE_IRQHandler:0000000c $d

UNDEFINED SYMBOLS
HAL_DMA_IRQHandler
hdma_uart5_rx
hdma_uart4_rx
hdma_usart2_rx
HAL_ADC_IRQHandler
hadc1
HAL_CAN_IRQHandler
hcan1
HAL_TIM_IRQHandler
htim1
htim2
htim3
htim4
HAL_UART_IRQHandler
huart1
huart2
huart3
htim8
htim5
huart4
huart5
hdma_usart1_rx
hcan2
